Archive member included because of file (symbol)

C:/NXP/S32DS_ARM_v2018.R1/S32DS/arm_ewl2/lib/armv7e-m\libc99.a(ansi_files.o)
                              ./Sources/bootloader.o (__files)
C:/NXP/S32DS_ARM_v2018.R1/S32DS/arm_ewl2/lib/armv7e-m\libc99.a(fflush.o)
                              ./Sources/bootloader.o (fflush)
C:/NXP/S32DS_ARM_v2018.R1/S32DS/arm_ewl2/lib/armv7e-m\libc99.a(getc.o)
                              ./Sources/bootloader.o (getc)
C:/NXP/S32DS_ARM_v2018.R1/S32DS/arm_ewl2/lib/armv7e-m\libc99.a(__getchar.o)
                              C:/NXP/S32DS_ARM_v2018.R1/S32DS/arm_ewl2/lib/armv7e-m\libc99.a(getc.o) (__get_char)
C:/NXP/S32DS_ARM_v2018.R1/S32DS/arm_ewl2/lib/armv7e-m\libc99.a(printf.o)
                              ./Sources/systemRunFsm.o (printf)
C:/NXP/S32DS_ARM_v2018.R1/S32DS/arm_ewl2/lib/armv7e-m\libc99.a(putchar.o)
                              ./Sources/systemRunFsm.o (putchar)
C:/NXP/S32DS_ARM_v2018.R1/S32DS/arm_ewl2/lib/armv7e-m\libc99.a(puts.o)
                              ./Sources/can_bus.o (puts)
C:/NXP/S32DS_ARM_v2018.R1/S32DS/arm_ewl2/lib/armv7e-m\libc99.a(exit.o)
                              C:/NXP/S32DS_ARM_v2018.R1/S32DS/arm_ewl2/lib/armv7e-m/__arm_start-hosted.o (exit)
C:/NXP/S32DS_ARM_v2018.R1/S32DS/arm_ewl2/lib/armv7e-m\libc99.a(memcmp.o)
                              ./Sources/bootloader.o (memcmp)
C:/NXP/S32DS_ARM_v2018.R1/S32DS/arm_ewl2/lib/armv7e-m\libc99.a(memcpy.o)
                              ./Sources/systemRunFsm.o (memcpy)
C:/NXP/S32DS_ARM_v2018.R1/S32DS/arm_ewl2/lib/armv7e-m\libc99.a(memset.o)
                              C:/NXP/S32DS_ARM_v2018.R1/S32DS/arm_ewl2/lib/armv7e-m/__arm_start-hosted.o (memset)
C:/NXP/S32DS_ARM_v2018.R1/S32DS/arm_ewl2/lib/armv7e-m\libc99.a(fgetwc.o)
                              C:/NXP/S32DS_ARM_v2018.R1/S32DS/arm_ewl2/lib/armv7e-m\libc99.a(printf.o) (getwc)
C:/NXP/S32DS_ARM_v2018.R1/S32DS/arm_ewl2/lib/armv7e-m\libc99.a(fwide.o)
                              C:/NXP/S32DS_ARM_v2018.R1/S32DS/arm_ewl2/lib/armv7e-m\libc99.a(printf.o) (fwide)
C:/NXP/S32DS_ARM_v2018.R1/S32DS/arm_ewl2/lib/armv7e-m\libc99.a(__wgetchar.o)
                              C:/NXP/S32DS_ARM_v2018.R1/S32DS/arm_ewl2/lib/armv7e-m\libc99.a(fgetwc.o) (__fgetwc)
C:/NXP/S32DS_ARM_v2018.R1/S32DS/arm_ewl2/lib/armv7e-m\libc99.a(__printformat.o)
                              C:/NXP/S32DS_ARM_v2018.R1/S32DS/arm_ewl2/lib/armv7e-m\libc99.a(printf.o) (__pformatter)
C:/NXP/S32DS_ARM_v2018.R1/S32DS/arm_ewl2/lib/armv7e-m\libc99.a(ctype_aeabi.o)
                              C:/NXP/S32DS_ARM_v2018.R1/S32DS/arm_ewl2/lib/armv7e-m\libc99.a(__printformat.o) (isupper)
C:/NXP/S32DS_ARM_v2018.R1/S32DS/arm_ewl2/lib/armv7e-m\libc99.a(secure_error.o)
                              C:/NXP/S32DS_ARM_v2018.R1/S32DS/arm_ewl2/lib/armv7e-m\libc99.a(__printformat.o) (__ewl_runtime_constraint_violation_s)
C:/NXP/S32DS_ARM_v2018.R1/S32DS/arm_ewl2/lib/armv7e-m\libc99.a(__buffer_io.o)
                              C:/NXP/S32DS_ARM_v2018.R1/S32DS/arm_ewl2/lib/armv7e-m\libc99.a(__getchar.o) (__load_buffer)
C:/NXP/S32DS_ARM_v2018.R1/S32DS/arm_ewl2/lib/armv7e-m\libc99.a(fread.o)
                              C:/NXP/S32DS_ARM_v2018.R1/S32DS/arm_ewl2/lib/armv7e-m\libc99.a(__wgetchar.o) (__fread)
C:/NXP/S32DS_ARM_v2018.R1/S32DS/arm_ewl2/lib/armv7e-m\libc99.a(fwrite.o)
                              C:/NXP/S32DS_ARM_v2018.R1/S32DS/arm_ewl2/lib/armv7e-m\libc99.a(printf.o) (__FileWrite)
C:/NXP/S32DS_ARM_v2018.R1/S32DS/arm_ewl2/lib/armv7e-m\libc99.a(__putchar.o)
                              C:/NXP/S32DS_ARM_v2018.R1/S32DS/arm_ewl2/lib/armv7e-m\libc99.a(putchar.o) (__put_char)
C:/NXP/S32DS_ARM_v2018.R1/S32DS/arm_ewl2/lib/armv7e-m\libc99.a(abort.o)
                              C:/NXP/S32DS_ARM_v2018.R1/S32DS/arm_ewl2/lib/armv7e-m\libc99.a(secure_error.o) (abort)
C:/NXP/S32DS_ARM_v2018.R1/S32DS/arm_ewl2/lib/armv7e-m\libc99.a(mbstowcs_s.o)
                              C:/NXP/S32DS_ARM_v2018.R1/S32DS/arm_ewl2/lib/armv7e-m\libc99.a(__printformat.o) (wcstombs)
C:/NXP/S32DS_ARM_v2018.R1/S32DS/arm_ewl2/lib/armv7e-m\libc99.a(mbtowc.o)
                              C:/NXP/S32DS_ARM_v2018.R1/S32DS/arm_ewl2/lib/armv7e-m\libc99.a(__wgetchar.o) (mbtowc)
C:/NXP/S32DS_ARM_v2018.R1/S32DS/arm_ewl2/lib/armv7e-m\libc99.a(wctomb.o)
                              C:/NXP/S32DS_ARM_v2018.R1/S32DS/arm_ewl2/lib/armv7e-m\libc99.a(mbstowcs_s.o) (wctomb)
C:/NXP/S32DS_ARM_v2018.R1/S32DS/arm_ewl2/lib/armv7e-m\libc99.a(__filll_mem.o)
                              C:/NXP/S32DS_ARM_v2018.R1/S32DS/arm_ewl2/lib/armv7e-m\libc99.a(memset.o) (__fill_mem)
C:/NXP/S32DS_ARM_v2018.R1/S32DS/arm_ewl2/lib/armv7e-m\libc99.a(memchr.o)
                              C:/NXP/S32DS_ARM_v2018.R1/S32DS/arm_ewl2/lib/armv7e-m\libc99.a(__printformat.o) (memchr)
C:/NXP/S32DS_ARM_v2018.R1/S32DS/arm_ewl2/lib/armv7e-m\libc99.a(__memrchr.o)
                              C:/NXP/S32DS_ARM_v2018.R1/S32DS/arm_ewl2/lib/armv7e-m\libc99.a(fwrite.o) (__memrchr)
[...]
Memory Configuration

Name             Origin             Length             Attributes
m_interrupts     0x1fff8000         0x00000400         xr
m_text           0x1fff8400         0x0000cc00         xr
m_data           0x20005000         0x00002000         rw
*default*        0x00000000         0xffffffff

Linker script and memory map

LOAD C:/NXP/S32DS_ARM_v2018.R1/S32DS/arm_ewl2/lib/armv7e-m/__arm_start-hosted.o
LOAD ./Sources/system_basis_chip_TLE9261.o
LOAD ./Sources/systemRunFsm.o
LOAD ./Sources/pc_communication.o
LOAD ./Sources/main.o
LOAD ./Sources/dac.o
LOAD ./Sources/can_bus.o
LOAD ./Sources/bootloader.o
LOAD ./Sources/adc.o
LOAD ./SDK/rtos/osif/osif_baremetal.o
LOAD ./SDK/platform/pal/can/src/can_pal.o
LOAD ./SDK/platform/drivers/src/pins/pins_port_hw_access.o
LOAD ./SDK/platform/drivers/src/pins/pins_driver.o
LOAD ./SDK/platform/drivers/src/lpuart/lpuart_irq.o
LOAD ./SDK/platform/drivers/src/lpuart/lpuart_hw_access.o
LOAD ./SDK/platform/drivers/src/lpuart/lpuart_driver.o
LOAD ./SDK/platform/drivers/src/lptmr/lptmr_hw_access.o
LOAD ./SDK/platform/drivers/src/lptmr/lptmr_driver.o
LOAD ./SDK/platform/drivers/src/lpspi/lpspi_slave_driver.o
LOAD ./SDK/platform/drivers/src/lpspi/lpspi_shared_function.o
LOAD ./SDK/platform/drivers/src/lpspi/lpspi_master_driver.o
LOAD ./SDK/platform/drivers/src/lpspi/lpspi_irq.o
LOAD ./SDK/platform/drivers/src/lpspi/lpspi_hw_access.o
LOAD ./SDK/platform/drivers/src/lpit/lpit_driver.o
LOAD ./SDK/platform/drivers/src/interrupt/interrupt_manager.o
LOAD ./SDK/platform/drivers/src/flexcan/flexcan_irq.o
LOAD ./SDK/platform/drivers/src/flexcan/flexcan_hw_access.o
LOAD ./SDK/platform/drivers/src/flexcan/flexcan_driver.o
LOAD ./SDK/platform/drivers/src/flash/flash_driver.o
LOAD ./SDK/platform/drivers/src/edma/edma_irq.o
LOAD ./SDK/platform/drivers/src/edma/edma_hw_access.o
LOAD ./SDK/platform/drivers/src/edma/edma_driver.o
LOAD ./SDK/platform/drivers/src/clock/clock_manager.o
LOAD ./SDK/platform/drivers/src/clock/S32K1xx/clock_S32K1xx.o
LOAD ./SDK/platform/devices/startup.o
LOAD ./SDK/platform/devices/S32K144/startup/system_S32K144.o
LOAD ./Project_Settings/Startup_Code/startup_S32K144.o
LOAD ./Generated_Code/pin_mux.o
LOAD ./Generated_Code/lpuart0.o
LOAD ./Generated_Code/lpspi2_dac.o
LOAD ./Generated_Code/lpspi1_can.o
LOAD ./Generated_Code/lpspi0_adc.o
LOAD ./Generated_Code/lpit1.o
LOAD ./Generated_Code/lpTmr1.o
LOAD ./Generated_Code/dmaController1.o
LOAD ./Generated_Code/clockManager1.o
LOAD ./Generated_Code/can_pal0.o
LOAD ./Generated_Code/Flash.o
LOAD ./Generated_Code/Cpu.o
START GROUP
LOAD C:/NXP/S32DS_ARM_v2018.R1/S32DS/arm_ewl2/lib/armv7e-m\libc99.a
LOAD C:/NXP/S32DS_ARM_v2018.R1/S32DS/arm_ewl2/lib/armv7e-m\libm.a
LOAD c:/nxp/s32ds_arm_v2018.r1/cross_tools/gcc-arm-none-eabi-4_9/bin/../lib/gcc/arm-none-eabi/4.9.3/armv7e-m\libgcc.a
LOAD C:/NXP/S32DS_ARM_v2018.R1/S32DS/arm_ewl2/lib/armv7e-m\librt.a
LOAD C:/NXP/S32DS_ARM_v2018.R1/S32DS/arm_ewl2/lib/armv7e-m\libhosted.a
END GROUP
LOAD C:/NXP/S32DS_ARM_v2018.R1/S32DS/arm_ewl2/lib/armv7e-m/__arm_end-hosted.o
                0x00000400                HEAP_SIZE = DEFINED (__heap_size__)?__heap_size__:0x400
                0x00000400                STACK_SIZE = DEFINED (__stack_size__)?__stack_size__:0x400

.interrupts     0x1fff8000      0x400
                0x1fff8000                __VECTOR_TABLE = .
                0x1fff8000                . = ALIGN (0x4)
 *(.isr_vector)
 .isr_vector    0x1fff8000      0x400 ./Project_Settings/Startup_Code/startup_S32K144.o
                0x1fff8000                __isr_vector
                0x1fff8400                . = ALIGN (0x4)
                0x1fff8000                __VECTOR_RAM = __VECTOR_TABLE
                0x00000000                __RAM_VECTOR_TABLE_SIZE = 0x0

.text           0x1fff8400     0xbad8
                0x1fff8400                . = ALIGN (0x4)
 *(.text)
 .text          0x1fff8400       0x44 ./Project_Settings/Startup_Code/startup_S32K144.o
                0x1fff8400                Reset_Handler
                0x1fff8440                DebugMon_Handler
                0x1fff8440                Reserved88_IRQHandler
                0x1fff8440                HardFault_Handler
                0x1fff8440                Reserved86_IRQHandler
                0x1fff8440                Reserved103_IRQHandler
                0x1fff8440                FTM2_Ovf_Reload_IRQHandler
                0x1fff8440                Reserved50_IRQHandler
                0x1fff8440                FTFC_Fault_IRQHandler
                0x1fff8440                FTM0_Ch6_Ch7_IRQHandler
                0x1fff8440                Reserved114_IRQHandler
                0x1fff8440                PendSV_Handler
                0x1fff8440                NMI_Handler
                0x1fff8440                Reserved89_IRQHandler
                0x1fff8440                ERM_double_fault_IRQHandler
                0x1fff8440                Reserved59_IRQHandler
                0x1fff8440                Reserved99_IRQHandler
                0x1fff8440                FTM3_Ch6_Ch7_IRQHandler
                0x1fff8440                LPIT0_Ch3_IRQHandler
                0x1fff8440                Reserved92_IRQHandler
                0x1fff8440                FTM0_Ch4_Ch5_IRQHandler
                0x1fff8440                FTM3_Ch0_Ch1_IRQHandler
                0x1fff8440                SWI_IRQHandler
                0x1fff8440                ADC0_IRQHandler
                0x1fff8440                FTM2_Ch4_Ch5_IRQHandler
                0x1fff8440                UsageFault_Handler
                0x1fff8440                FTM0_Ovf_Reload_IRQHandler
                0x1fff8440                DefaultISR
                0x1fff8440                Reserved58_IRQHandler
                0x1fff8440                FTM1_Ch2_Ch3_IRQHandler
                0x1fff8440                Reserved82_IRQHandler
                0x1fff8440                LPI2C0_Slave_IRQHandler
                0x1fff8440                Reserved71_IRQHandler
                0x1fff8440                PORTD_IRQHandler
                0x1fff8440                Reserved69_IRQHandler
                0x1fff8440                PORTB_IRQHandler
                0x1fff8440                Reserved70_IRQHandler
                0x1fff8440                ADC1_IRQHandler
                0x1fff8440                FTM2_Ch2_Ch3_IRQHandler
                0x1fff8440                Reserved53_IRQHandler
                0x1fff8440                RTC_IRQHandler
                0x1fff8440                PDB0_IRQHandler
                0x1fff8440                Reserved54_IRQHandler
                0x1fff8440                FTM2_Ch6_Ch7_IRQHandler
                0x1fff8440                FTM3_Ch2_Ch3_IRQHandler
                0x1fff8440                FTM2_Ch0_Ch1_IRQHandler
                0x1fff8440                LPUART1_RxTx_IRQHandler
                0x1fff8440                RTC_Seconds_IRQHandler
                0x1fff8440                Reserved72_IRQHandler
                0x1fff8440                Reserved110_IRQHandler
                0x1fff8440                Reserved107_IRQHandler
                0x1fff8440                Read_Collision_IRQHandler
                0x1fff8440                FTFC_IRQHandler
                0x1fff8440                FTM1_Ch6_Ch7_IRQHandler
                0x1fff8440                Reserved105_IRQHandler
                0x1fff8440                LPIT0_Ch1_IRQHandler
                0x1fff8440                FTM1_Ch4_Ch5_IRQHandler
                0x1fff8440                FTM3_Ovf_Reload_IRQHandler
                0x1fff8440                LPUART2_RxTx_IRQHandler
                0x1fff8440                WDOG_EWM_IRQHandler
                0x1fff8440                MemManage_Handler
                0x1fff8440                Reserved90_IRQHandler
                0x1fff8440                Reserved83_IRQHandler
                0x1fff8440                FTM0_Fault_IRQHandler
                0x1fff8440                Reserved48_IRQHandler
                0x1fff8440                SVC_Handler
                0x1fff8440                ERM_single_fault_IRQHandler
                0x1fff8440                FTM2_Fault_IRQHandler
                0x1fff8440                FTM0_Ch2_Ch3_IRQHandler
                0x1fff8440                FTM0_Ch0_Ch1_IRQHandler
                0x1fff8440                FTM3_Fault_IRQHandler
                0x1fff8440                RCM_IRQHandler
                0x1fff8440                Reserved100_IRQHandler
                0x1fff8440                Reserved91_IRQHandler
                0x1fff8440                SCG_IRQHandler
                0x1fff8440                PDB1_IRQHandler
                0x1fff8440                Reserved81_IRQHandler
                0x1fff8440                Reserved46_IRQHandler
                0x1fff8440                Reserved45_IRQHandler
                0x1fff8440                Reserved112_IRQHandler
                0x1fff8440                LPI2C0_Master_IRQHandler
                0x1fff8440                FTM1_Fault_IRQHandler
                0x1fff8440                Reserved106_IRQHandler
                0x1fff8440                LVD_LVW_IRQHandler
                0x1fff8440                LPIT0_Ch2_IRQHandler
                0x1fff8440                MCM_IRQHandler
                0x1fff8440                FTM3_Ch4_Ch5_IRQHandler
                0x1fff8440                PORTE_IRQHandler
                0x1fff8440                LPUART0_RxTx_IRQHandler
                0x1fff8440                BusFault_Handler
                0x1fff8440                Reserved87_IRQHandler
                0x1fff8440                FTM1_Ovf_Reload_IRQHandler
                0x1fff8440                Reserved93_IRQHandler
                0x1fff8440                CMP0_IRQHandler
                0x1fff8440                Reserved52_IRQHandler
                0x1fff8440                PORTC_IRQHandler
                0x1fff8440                FTM1_Ch0_Ch1_IRQHandler
                0x1fff8440                FLEXIO_IRQHandler
                0x1fff8440                Reserved113_IRQHandler
 .text          0x1fff8444      0x21c c:/nxp/s32ds_arm_v2018.r1/cross_tools/gcc-arm-none-eabi-4_9/bin/../lib/gcc/arm-none-eabi/4.9.3/armv7e-m\libgcc.a(_arm_addsubsf3.o)
                0x1fff8444                __aeabi_frsub
                0x1fff844c                __subsf3
                0x1fff844c                __aeabi_fsub
                0x1fff8450                __aeabi_fadd
                0x1fff8450                __addsf3
                0x1fff85b0                __aeabi_ui2f
                0x1fff85b0                __floatunsisf
                0x1fff85b8                __aeabi_i2f
                0x1fff85b8                __floatsisf
                0x1fff85d4                __aeabi_ul2f
                0x1fff85d4                __floatundisf
                0x1fff85e4                __aeabi_l2f
                0x1fff85e4                __floatdisf
 .text          0x1fff8660      0x2a0 c:/nxp/s32ds_arm_v2018.r1/cross_tools/gcc-arm-none-eabi-4_9/bin/../lib/gcc/arm-none-eabi/4.9.3/armv7e-m\libgcc.a(_arm_muldivsf3.o)
                0x1fff8660                __mulsf3
                0x1fff8660                __aeabi_fmul
                0x1fff87c8                __aeabi_fdiv
                0x1fff87c8                __divsf3
 .text          0x1fff8900       0x40 c:/nxp/s32ds_arm_v2018.r1/cross_tools/gcc-arm-none-eabi-4_9/bin/../lib/gcc/arm-none-eabi/4.9.3/armv7e-m\libgcc.a(_arm_fixunssfsi.o)
                0x1fff8900                __fixunssfsi
                0x1fff8900                __aeabi_f2uiz
 .text          0x1fff8940       0x38 c:/nxp/s32ds_arm_v2018.r1/cross_tools/gcc-arm-none-eabi-4_9/bin/../lib/gcc/arm-none-eabi/4.9.3/armv7e-m\libgcc.a(_aeabi_ldivmod.o)
                0x1fff8940                __aeabi_ldivmod
 .text          0x1fff8978       0x30 c:/nxp/s32ds_arm_v2018.r1/cross_tools/gcc-arm-none-eabi-4_9/bin/../lib/gcc/arm-none-eabi/4.9.3/armv7e-m\libgcc.a(_aeabi_uldivmod.o)
                0x1fff8978                __aeabi_uldivmod
 .text          0x1fff89a8       0x60 c:/nxp/s32ds_arm_v2018.r1/cross_tools/gcc-arm-none-eabi-4_9/bin/../lib/gcc/arm-none-eabi/4.9.3/armv7e-m\libgcc.a(bpabi.o)
                0x1fff89a8                __gnu_ldivmod_helper
                0x1fff89d8                __gnu_uldivmod_helper
 .text          0x1fff8a08        0x4 c:/nxp/s32ds_arm_v2018.r1/cross_tools/gcc-arm-none-eabi-4_9/bin/../lib/gcc/arm-none-eabi/4.9.3/armv7e-m\libgcc.a(_dvmd_tls.o)
                0x1fff8a08                __aeabi_idiv0
                0x1fff8a08                __aeabi_ldiv0
 .text          0x1fff8a0c      0x29c c:/nxp/s32ds_arm_v2018.r1/cross_tools/gcc-arm-none-eabi-4_9/bin/../lib/gcc/arm-none-eabi/4.9.3/armv7e-m\libgcc.a(_divdi3.o)
                0x1fff8a0c                __divdi3
 .text          0x1fff8ca8      0x26c c:/nxp/s32ds_arm_v2018.r1/cross_tools/gcc-arm-none-eabi-4_9/bin/../lib/gcc/arm-none-eabi/4.9.3/armv7e-m\libgcc.a(_udivdi3.o)
                0x1fff8ca8                __udivdi3
 *(.text*)
 .text.SBC_Init
                0x1fff8f14      0x208 ./Sources/system_basis_chip_TLE9261.o
                0x1fff8f14                SBC_Init
 .text.fsm_task_run
                0x1fff911c      0x204 ./Sources/systemRunFsm.o
                0x1fff911c                fsm_task_run
 .text.fir_filter
                0x1fff9320       0xc0 ./Sources/systemRunFsm.o
                0x1fff9320                fir_filter
 .text.checksum
                0x1fff93e0       0x4c ./Sources/systemRunFsm.o
                0x1fff93e0                checksum
 .text.PC2UART_communication_init
                0x1fff942c       0x34 ./Sources/pc_communication.o
                0x1fff942c                PC2UART_communication_init
 .text.FifoRingBuffer_IsFull
                0x1fff9460       0x24 ./Sources/pc_communication.o
                0x1fff9460                FifoRingBuffer_IsFull
 .text.FifoRingBuffer_PutByte
                0x1fff9484       0x5c ./Sources/pc_communication.o
                0x1fff9484                FifoRingBuffer_PutByte
 .text.handleRxByte
                0x1fff94e0       0x30 ./Sources/pc_communication.o
                0x1fff94e0                handleRxByte
 .text.main     0x1fff9510      0x144 ./Sources/main.o
                0x1fff9510                main
 .text.LPIT0_Ch0_IRQHandler
                0x1fff9654       0x9c ./Sources/main.o
                0x1fff9654                LPIT0_Ch0_IRQHandler
 .text.LPTMR0_IRQHandler
                0x1fff96f0       0x48 ./Sources/main.o
                0x1fff96f0                LPTMR0_IRQHandler
 .text.setTxSampleRate
                0x1fff9738       0x74 ./Sources/main.o
                0x1fff9738                setTxSampleRate
 .text.CheckAdcValueOffset
                0x1fff97ac      0x124 ./Sources/dac.o
                0x1fff97ac                CheckAdcValueOffset
 .text.ConvertToVoltage
                0x1fff98d0       0x80 ./Sources/dac.o
                0x1fff98d0                ConvertToVoltage
 .text.set_DAC  0x1fff9950       0x58 ./Sources/dac.o
                0x1fff9950                set_DAC
 .text.LPSPI2_init
                0x1fff99a8       0x34 ./Sources/dac.o
                0x1fff99a8                LPSPI2_init
 .text.DAC_spi_write
                0x1fff99dc       0x74 ./Sources/dac.o
                0x1fff99dc                DAC_spi_write
 .text.CAN_communication_init
                0x1fff9a50       0x8c ./Sources/can_bus.o
                0x1fff9a50                CAN_communication_init
 .text.CAN_transceiver_run
                0x1fff9adc       0xf0 ./Sources/can_bus.o
                0x1fff9adc                CAN_transceiver_run
 .text.CAN_TX_RX_Callback
                0x1fff9bcc       0x38 ./Sources/can_bus.o
                0x1fff9bcc                CAN_TX_RX_Callback
 .text.flash_init
                0x1fff9c04       0x8c ./Sources/bootloader.o
                0x1fff9c04                flash_init
 .text.LPSPI0_init
                0x1fff9c90       0x34 ./Sources/adc.o
                0x1fff9c90                LPSPI0_init
 .text.ADC_init
                0x1fff9cc4       0x9c ./Sources/adc.o
                0x1fff9cc4                ADC_init
 .text.ADC_read_data
                0x1fff9d60       0x6c ./Sources/adc.o
                0x1fff9d60                ADC_read_data
 .text.ADC_spi_write
                0x1fff9dcc       0x74 ./Sources/adc.o
                0x1fff9dcc                ADC_spi_write
 .text.ADC_spi_read
                0x1fff9e40       0x7c ./Sources/adc.o
                0x1fff9e40                ADC_spi_read
 .text.PORTA_IRQHandler
                0x1fff9ebc       0x38 ./Sources/adc.o
                0x1fff9ebc                PORTA_IRQHandler
 .text.osif_Tick
                0x1fff9ef4       0x1c ./SDK/rtos/osif/osif_baremetal.o
 .text.osif_GetCurrentTickCount
                0x1fff9f10       0x18 ./SDK/rtos/osif/osif_baremetal.o
 .text.SysTick_Handler
                0x1fff9f28        0xc ./SDK/rtos/osif/osif_baremetal.o
                0x1fff9f28                SysTick_Handler
 .text.osif_UpdateTickConfig
                0x1fff9f34       0x44 ./SDK/rtos/osif/osif_baremetal.o
 .text.osif_DisableIrqGlobal
                0x1fff9f78        0xc ./SDK/rtos/osif/osif_baremetal.o
 .text.osif_EnableIrqGlobal
                0x1fff9f84        0xc ./SDK/rtos/osif/osif_baremetal.o
 .text.OSIF_SemaWait
                0x1fff9f90       0x94 ./SDK/rtos/osif/osif_baremetal.o
                0x1fff9f90                OSIF_SemaWait
 .text.OSIF_SemaPost
                0x1fffa024       0x3c ./SDK/rtos/osif/osif_baremetal.o
                0x1fffa024                OSIF_SemaPost
 .text.OSIF_SemaCreate
                0x1fffa060       0x24 ./SDK/rtos/osif/osif_baremetal.o
                0x1fffa060                OSIF_SemaCreate
 .text.OSIF_SemaDestroy
                0x1fffa084       0x18 ./SDK/rtos/osif/osif_baremetal.o
                0x1fffa084                OSIF_SemaDestroy
 .text.CAN_AllocateState
                0x1fffa09c       0x60 ./SDK/platform/pal/can/src/can_pal.o
 .text.CAN_GetVirtualBuffIdx
                0x1fffa0fc       0x20 ./SDK/platform/pal/can/src/can_pal.o
 .text.CAN_InternalCallback
                0x1fffa11c       0x98 ./SDK/platform/pal/can/src/can_pal.o
 .text.CAN_Init
                0x1fffa1b4      0x170 ./SDK/platform/pal/can/src/can_pal.o
                0x1fffa1b4                CAN_Init
 .text.CAN_ConfigTxBuff
                0x1fffa324       0xa8 ./SDK/platform/pal/can/src/can_pal.o
                0x1fffa324                CAN_ConfigTxBuff
 .text.CAN_ConfigRxBuff
                0x1fffa3cc       0xa8 ./SDK/platform/pal/can/src/can_pal.o
                0x1fffa3cc                CAN_ConfigRxBuff
 .text.CAN_Send
                0x1fffa474       0xd0 ./SDK/platform/pal/can/src/can_pal.o
                0x1fffa474                CAN_Send
 .text.CAN_Receive
                0x1fffa544       0x80 ./SDK/platform/pal/can/src/can_pal.o
                0x1fffa544                CAN_Receive
 .text.CAN_GetTransferStatus
                0x1fffa5c4       0x5c ./SDK/platform/pal/can/src/can_pal.o
                0x1fffa5c4                CAN_GetTransferStatus
 .text.CAN_InstallEventCallback
                0x1fffa620       0x40 ./SDK/platform/pal/can/src/can_pal.o
                0x1fffa620                CAN_InstallEventCallback
 .text.PINS_GPIO_WritePin
                0x1fffa660       0x44 ./SDK/platform/drivers/src/pins/pins_port_hw_access.o
 .text.PINS_Init
                0x1fffa6a4      0x1a0 ./SDK/platform/drivers/src/pins/pins_port_hw_access.o
                0x1fffa6a4                PINS_Init
 .text.PINS_GPIO_SetPins
                0x1fffa844       0x1c ./SDK/platform/drivers/src/pins/pins_driver.o
 .text.PINS_GPIO_ClearPins
                0x1fffa860       0x1c ./SDK/platform/drivers/src/pins/pins_driver.o
 .text.PINS_GPIO_TogglePins
                0x1fffa87c       0x1c ./SDK/platform/drivers/src/pins/pins_driver.o
 .text.PINS_GetPortIntFlag
                0x1fffa898       0x20 ./SDK/platform/drivers/src/pins/pins_driver.o
 .text.PINS_ClearPortIntFlagCmd
                0x1fffa8b8       0x1c ./SDK/platform/drivers/src/pins/pins_driver.o
 .text.PINS_DRV_Init
                0x1fffa8d4       0x50 ./SDK/platform/drivers/src/pins/pins_driver.o
                0x1fffa8d4                PINS_DRV_Init
 .text.PINS_DRV_GetPortIntFlag
                0x1fffa924       0x18 ./SDK/platform/drivers/src/pins/pins_driver.o
                0x1fffa924                PINS_DRV_GetPortIntFlag
 .text.PINS_DRV_ClearPortIntFlagCmd
                0x1fffa93c       0x14 ./SDK/platform/drivers/src/pins/pins_driver.o
                0x1fffa93c                PINS_DRV_ClearPortIntFlagCmd
 .text.PINS_DRV_SetPins
                0x1fffa950       0x18 ./SDK/platform/drivers/src/pins/pins_driver.o
                0x1fffa950                PINS_DRV_SetPins
 .text.PINS_DRV_ClearPins
                0x1fffa968       0x18 ./SDK/platform/drivers/src/pins/pins_driver.o
                0x1fffa968                PINS_DRV_ClearPins
 .text.PINS_DRV_TogglePins
                0x1fffa980       0x18 ./SDK/platform/drivers/src/pins/pins_driver.o
                0x1fffa980                PINS_DRV_TogglePins
 .text.LPUART0_IrqHandler
                0x1fffa998        0xc ./SDK/platform/drivers/src/lpuart/lpuart_irq.o
                0x1fffa998                LPUART0_IrqHandler
 .text.LPUART1_IrqHandler
                0x1fffa9a4        0xc ./SDK/platform/drivers/src/lpuart/lpuart_irq.o
                0x1fffa9a4                LPUART1_IrqHandler
 .text.LPUART2_IrqHandler
                0x1fffa9b0        0xc ./SDK/platform/drivers/src/lpuart/lpuart_irq.o
                0x1fffa9b0                LPUART2_IrqHandler
 .text.LPUART_Init
                0x1fffa9bc       0x48 ./SDK/platform/drivers/src/lpuart/lpuart_hw_access.o
                0x1fffa9bc                LPUART_Init
 .text.LPUART_SetBitCountPerChar
                0x1fffaa04       0x48 ./SDK/platform/drivers/src/lpuart/lpuart_hw_access.o
                0x1fffaa04                LPUART_SetBitCountPerChar
 .text.LPUART_SetParityMode
                0x1fffaa4c       0x40 ./SDK/platform/drivers/src/lpuart/lpuart_hw_access.o
                0x1fffaa4c                LPUART_SetParityMode
 .text.LPUART_Putchar9
                0x1fffaa8c       0x44 ./SDK/platform/drivers/src/lpuart/lpuart_hw_access.o
                0x1fffaa8c                LPUART_Putchar9
 .text.LPUART_Putchar10
                0x1fffaad0       0x68 ./SDK/platform/drivers/src/lpuart/lpuart_hw_access.o
                0x1fffaad0                LPUART_Putchar10
 .text.LPUART_Getchar9
                0x1fffab38       0x40 ./SDK/platform/drivers/src/lpuart/lpuart_hw_access.o
                0x1fffab38                LPUART_Getchar9
 .text.LPUART_Getchar10
                0x1fffab78       0x5c ./SDK/platform/drivers/src/lpuart/lpuart_hw_access.o
                0x1fffab78                LPUART_Getchar10
 .text.LPUART_SetIntMode
                0x1fffabd4      0x188 ./SDK/platform/drivers/src/lpuart/lpuart_hw_access.o
                0x1fffabd4                LPUART_SetIntMode
 .text.LPUART_GetIntMode
                0x1fffad5c      0x108 ./SDK/platform/drivers/src/lpuart/lpuart_hw_access.o
                0x1fffad5c                LPUART_GetIntMode
 .text.LPUART_GetStatusFlag
                0x1fffae64      0x108 ./SDK/platform/drivers/src/lpuart/lpuart_hw_access.o
                0x1fffae64                LPUART_GetStatusFlag
 .text.LPUART_ClearStatusFlag
                0x1fffaf6c      0x1a8 ./SDK/platform/drivers/src/lpuart/lpuart_hw_access.o
                0x1fffaf6c                LPUART_ClearStatusFlag
 .text.LPUART_SetTransmitterCmd
                0x1fffb114       0x50 ./SDK/platform/drivers/src/lpuart/lpuart_driver.o
 .text.LPUART_SetReceiverCmd
                0x1fffb164       0x50 ./SDK/platform/drivers/src/lpuart/lpuart_driver.o
 .text.LPUART_SetBaudRateDivisor
                0x1fffb1b4       0x38 ./SDK/platform/drivers/src/lpuart/lpuart_driver.o
 .text.LPUART_SetOversamplingRatio
                0x1fffb1ec       0x38 ./SDK/platform/drivers/src/lpuart/lpuart_driver.o
 .text.LPUART_SetBothEdgeSamplingCmd
                0x1fffb224       0x34 ./SDK/platform/drivers/src/lpuart/lpuart_driver.o
 .text.LPUART_SetStopBitCount
                0x1fffb258       0x28 ./SDK/platform/drivers/src/lpuart/lpuart_driver.o
 .text.LPUART_SetTxDmaCmd
                0x1fffb280       0x34 ./SDK/platform/drivers/src/lpuart/lpuart_driver.o
 .text.LPUART_Putchar
                0x1fffb2b4       0x24 ./SDK/platform/drivers/src/lpuart/lpuart_driver.o
 .text.LPUART_Getchar
                0x1fffb2d8       0x20 ./SDK/platform/drivers/src/lpuart/lpuart_driver.o
 .text.LPUART_DRV_Init
                0x1fffb2f8      0x13c ./SDK/platform/drivers/src/lpuart/lpuart_driver.o
                0x1fffb2f8                LPUART_DRV_Init
 .text.LPUART_DRV_InstallRxCallback
                0x1fffb434       0x3c ./SDK/platform/drivers/src/lpuart/lpuart_driver.o
                0x1fffb434                LPUART_DRV_InstallRxCallback
 .text.LPUART_DRV_SendData
                0x1fffb470       0x58 ./SDK/platform/drivers/src/lpuart/lpuart_driver.o
                0x1fffb470                LPUART_DRV_SendData
 .text.LPUART_DRV_SetBaudRate
                0x1fffb4c8      0x108 ./SDK/platform/drivers/src/lpuart/lpuart_driver.o
                0x1fffb4c8                LPUART_DRV_SetBaudRate
 .text.LPUART_DRV_IRQHandler
                0x1fffb5d0      0x190 ./SDK/platform/drivers/src/lpuart/lpuart_driver.o
                0x1fffb5d0                LPUART_DRV_IRQHandler
 .text.LPUART_DRV_StartSendDataUsingInt
                0x1fffb760       0x68 ./SDK/platform/drivers/src/lpuart/lpuart_driver.o
 .text.LPUART_DRV_StartSendDataUsingDma
                0x1fffb7c8       0xa4 ./SDK/platform/drivers/src/lpuart/lpuart_driver.o
 .text.LPUART_DRV_CompleteSendDataUsingInt
                0x1fffb86c       0x58 ./SDK/platform/drivers/src/lpuart/lpuart_driver.o
 .text.LPUART_DRV_CompleteSendDataUsingDma
                0x1fffb8c4       0x84 ./SDK/platform/drivers/src/lpuart/lpuart_driver.o
 .text.LPUART_DRV_CompleteReceiveDataUsingInt
                0x1fffb948       0x68 ./SDK/platform/drivers/src/lpuart/lpuart_driver.o
 .text.LPUART_DRV_PutData
                0x1fffb9b0       0x9c ./SDK/platform/drivers/src/lpuart/lpuart_driver.o
 .text.LPUART_DRV_GetData
                0x1fffba4c       0x98 ./SDK/platform/drivers/src/lpuart/lpuart_driver.o
 .text.LPTMR_Init
                0x1fffbae4       0x38 ./SDK/platform/drivers/src/lptmr/lptmr_hw_access.o
                0x1fffbae4                LPTMR_Init
 .text.LPTMR_SetDmaRequest
                0x1fffbb1c       0x40 ./SDK/platform/drivers/src/lptmr/lptmr_driver.o
 .text.LPTMR_GetCompareFlag
                0x1fffbb5c       0x30 ./SDK/platform/drivers/src/lptmr/lptmr_driver.o
 .text.LPTMR_ClearCompareFlag
                0x1fffbb8c       0x2c ./SDK/platform/drivers/src/lptmr/lptmr_driver.o
 .text.LPTMR_SetInterrupt
                0x1fffbbb8       0x3c ./SDK/platform/drivers/src/lptmr/lptmr_driver.o
 .text.LPTMR_SetPinSelect
                0x1fffbbf4       0x38 ./SDK/platform/drivers/src/lptmr/lptmr_driver.o
 .text.LPTMR_SetPinPolarity
                0x1fffbc2c       0x38 ./SDK/platform/drivers/src/lptmr/lptmr_driver.o
 .text.LPTMR_SetFreeRunning
                0x1fffbc64       0x3c ./SDK/platform/drivers/src/lptmr/lptmr_driver.o
 .text.LPTMR_SetWorkMode
                0x1fffbca0       0x38 ./SDK/platform/drivers/src/lptmr/lptmr_driver.o
 .text.LPTMR_GetEnable
                0x1fffbcd8       0x30 ./SDK/platform/drivers/src/lptmr/lptmr_driver.o
 .text.LPTMR_Enable
                0x1fffbd08       0x30 ./SDK/platform/drivers/src/lptmr/lptmr_driver.o
 .text.LPTMR_SetPrescaler
                0x1fffbd38       0x38 ./SDK/platform/drivers/src/lptmr/lptmr_driver.o
 .text.LPTMR_SetBypass
                0x1fffbd70       0x3c ./SDK/platform/drivers/src/lptmr/lptmr_driver.o
 .text.LPTMR_SetClockSelect
                0x1fffbdac       0x38 ./SDK/platform/drivers/src/lptmr/lptmr_driver.o
 .text.LPTMR_SetCompareValue
                0x1fffbde4       0x34 ./SDK/platform/drivers/src/lptmr/lptmr_driver.o
 .text.LPTMR_GetCounterValue
                0x1fffbe18       0x24 ./SDK/platform/drivers/src/lptmr/lptmr_driver.o
 .text.lptmr_us2nn
                0x1fffbe3c       0x70 ./SDK/platform/drivers/src/lptmr/lptmr_driver.o
 .text.lptmr_compute_nticks
                0x1fffbeac       0x70 ./SDK/platform/drivers/src/lptmr/lptmr_driver.o
 .text.nticks2compare_ticks
                0x1fffbf1c       0x58 ./SDK/platform/drivers/src/lptmr/lptmr_driver.o
 .text.lptmr_GetClkFreq
                0x1fffbf74       0x7c ./SDK/platform/drivers/src/lptmr/lptmr_driver.o
 .text.lptmr_ChooseClkConfig
                0x1fffbff0       0x9c ./SDK/platform/drivers/src/lptmr/lptmr_driver.o
 .text.LPTMR_DRV_Init
                0x1fffc08c       0x30 ./SDK/platform/drivers/src/lptmr/lptmr_driver.o
                0x1fffc08c                LPTMR_DRV_Init
 .text.LPTMR_DRV_SetConfig
                0x1fffc0bc       0xf8 ./SDK/platform/drivers/src/lptmr/lptmr_driver.o
                0x1fffc0bc                LPTMR_DRV_SetConfig
 .text.LPTMR_DRV_SetCompareValueByCount
                0x1fffc1b4       0x70 ./SDK/platform/drivers/src/lptmr/lptmr_driver.o
                0x1fffc1b4                LPTMR_DRV_SetCompareValueByCount
 .text.LPTMR_DRV_GetCompareFlag
                0x1fffc224       0x24 ./SDK/platform/drivers/src/lptmr/lptmr_driver.o
                0x1fffc224                LPTMR_DRV_GetCompareFlag
 .text.LPTMR_DRV_ClearCompareFlag
                0x1fffc248       0x1c ./SDK/platform/drivers/src/lptmr/lptmr_driver.o
                0x1fffc248                LPTMR_DRV_ClearCompareFlag
 .text.LPTMR_DRV_IsRunning
                0x1fffc264       0x24 ./SDK/platform/drivers/src/lptmr/lptmr_driver.o
                0x1fffc264                LPTMR_DRV_IsRunning
 .text.LPTMR_DRV_SetInterrupt
                0x1fffc288       0x24 ./SDK/platform/drivers/src/lptmr/lptmr_driver.o
                0x1fffc288                LPTMR_DRV_SetInterrupt
 .text.LPTMR_DRV_StartCounter
                0x1fffc2ac       0x1c ./SDK/platform/drivers/src/lptmr/lptmr_driver.o
                0x1fffc2ac                LPTMR_DRV_StartCounter
 .text.LPSPI_GetStatusFlag
                0x1fffc2c8       0x30 ./SDK/platform/drivers/src/lpspi/lpspi_slave_driver.o
 .text.LPSPI_SetIntMode
                0x1fffc2f8       0x4c ./SDK/platform/drivers/src/lpspi/lpspi_slave_driver.o
 .text.LPSPI_SetTxDmaCmd
                0x1fffc344       0x28 ./SDK/platform/drivers/src/lpspi/lpspi_slave_driver.o
 .text.LPSPI_SetRxDmaCmd
                0x1fffc36c       0x28 ./SDK/platform/drivers/src/lpspi/lpspi_slave_driver.o
 .text.LPSPI_DRV_SlaveIRQHandler
                0x1fffc394      0x11c ./SDK/platform/drivers/src/lpspi/lpspi_slave_driver.o
                0x1fffc394                LPSPI_DRV_SlaveIRQHandler
 .text.LPSPI_DRV_SlaveAbortTransfer
                0x1fffc4b0       0x98 ./SDK/platform/drivers/src/lpspi/lpspi_slave_driver.o
                0x1fffc4b0                LPSPI_DRV_SlaveAbortTransfer
 .text.LPSPI_IsMaster
                0x1fffc548       0x28 ./SDK/platform/drivers/src/lpspi/lpspi_shared_function.o
 .text.LPSPI_SetIntMode
                0x1fffc570       0x4c ./SDK/platform/drivers/src/lpspi/lpspi_shared_function.o
 .text.LPSPI_WriteData
                0x1fffc5bc       0x1c ./SDK/platform/drivers/src/lpspi/lpspi_shared_function.o
 .text.LPSPI_ReadData
                0x1fffc5d8       0x18 ./SDK/platform/drivers/src/lpspi/lpspi_shared_function.o
 .text.LPSPI_ReadTxCount
                0x1fffc5f0       0x1c ./SDK/platform/drivers/src/lpspi/lpspi_shared_function.o
 .text.LPSPI_ReadRxCount
                0x1fffc60c       0x20 ./SDK/platform/drivers/src/lpspi/lpspi_shared_function.o
 .text.LPSPI_ClearContCBit
                0x1fffc62c       0x20 ./SDK/platform/drivers/src/lpspi/lpspi_shared_function.o
 .text.LPSPI_DRV_IRQHandler
                0x1fffc64c       0x3c ./SDK/platform/drivers/src/lpspi/lpspi_shared_function.o
                0x1fffc64c                LPSPI_DRV_IRQHandler
 .text.LPSPI_DRV_FillupTxBuffer
                0x1fffc688      0x17c ./SDK/platform/drivers/src/lpspi/lpspi_shared_function.o
                0x1fffc688                LPSPI_DRV_FillupTxBuffer
 .text.LPSPI_DRV_ReadRXBuffer
                0x1fffc804      0x17c ./SDK/platform/drivers/src/lpspi/lpspi_shared_function.o
                0x1fffc804                LPSPI_DRV_ReadRXBuffer
 .text.LPSPI_DRV_DisableTEIEInterrupts
                0x1fffc980       0x40 ./SDK/platform/drivers/src/lpspi/lpspi_shared_function.o
                0x1fffc980                LPSPI_DRV_DisableTEIEInterrupts
 .text.LPSPI_Enable
                0x1fffc9c0       0x20 ./SDK/platform/drivers/src/lpspi/lpspi_master_driver.o
 .text.LPSPI_SetRxWatermarks
                0x1fffc9e0       0x34 ./SDK/platform/drivers/src/lpspi/lpspi_master_driver.o
 .text.LPSPI_SetTxWatermarks
                0x1fffca14       0x30 ./SDK/platform/drivers/src/lpspi/lpspi_master_driver.o
 .text.LPSPI_GetStatusFlag
                0x1fffca44       0x30 ./SDK/platform/drivers/src/lpspi/lpspi_master_driver.o
 .text.LPSPI_SetIntMode
                0x1fffca74       0x4c ./SDK/platform/drivers/src/lpspi/lpspi_master_driver.o
 .text.LPSPI_SetTxDmaCmd
                0x1fffcac0       0x28 ./SDK/platform/drivers/src/lpspi/lpspi_master_driver.o
 .text.LPSPI_SetRxDmaCmd
                0x1fffcae8       0x28 ./SDK/platform/drivers/src/lpspi/lpspi_master_driver.o
 .text.LPSPI_ClearContCBit
                0x1fffcb10       0x20 ./SDK/platform/drivers/src/lpspi/lpspi_master_driver.o
 .text.LPSPI_SetContCBit
                0x1fffcb30       0x20 ./SDK/platform/drivers/src/lpspi/lpspi_master_driver.o
 .text.LPSPI_GetClockPrescaler
                0x1fffcb50       0x20 ./SDK/platform/drivers/src/lpspi/lpspi_master_driver.o
 .text.LPSPI_SetSamplingPoint
                0x1fffcb70       0x34 ./SDK/platform/drivers/src/lpspi/lpspi_master_driver.o
 .text.LPSPI_DRV_MasterInit
                0x1fffcba4       0xa0 ./SDK/platform/drivers/src/lpspi/lpspi_master_driver.o
                0x1fffcba4                LPSPI_DRV_MasterInit
 .text.LPSPI_DRV_MasterSetDelay
                0x1fffcc44      0x138 ./SDK/platform/drivers/src/lpspi/lpspi_master_driver.o
                0x1fffcc44                LPSPI_DRV_MasterSetDelay
 .text.LPSPI_DRV_MasterConfigureBus
                0x1fffcd7c      0x17c ./SDK/platform/drivers/src/lpspi/lpspi_master_driver.o
                0x1fffcd7c                LPSPI_DRV_MasterConfigureBus
 .text.LPSPI_DRV_MasterTransferBlocking
                0x1fffcef8       0xd4 ./SDK/platform/drivers/src/lpspi/lpspi_master_driver.o
                0x1fffcef8                LPSPI_DRV_MasterTransferBlocking
 .text.LPSPI_DRV_MasterAbortTransfer
                0x1fffcfcc       0x3c ./SDK/platform/drivers/src/lpspi/lpspi_master_driver.o
                0x1fffcfcc                LPSPI_DRV_MasterAbortTransfer
 .text.LPSPI_DRV_MasterStartTransfer
                0x1fffd008      0x260 ./SDK/platform/drivers/src/lpspi/lpspi_master_driver.o
 .text.LPSPI_DRV_MasterCompleteTransfer
                0x1fffd268       0xa8 ./SDK/platform/drivers/src/lpspi/lpspi_master_driver.o
 .text.LPSPI_DRV_MasterCompleteDMATransfer
                0x1fffd310       0x1c ./SDK/platform/drivers/src/lpspi/lpspi_master_driver.o
 .text.LPSPI_DRV_MasterClearCountinuous
                0x1fffd32c       0x2c ./SDK/platform/drivers/src/lpspi/lpspi_master_driver.o
 .text.LPSPI_DRV_MasterIRQHandler
                0x1fffd358       0xf8 ./SDK/platform/drivers/src/lpspi/lpspi_master_driver.o
                0x1fffd358                LPSPI_DRV_MasterIRQHandler
 .text.LPSPI0_IRQHandler
                0x1fffd450        0xc ./SDK/platform/drivers/src/lpspi/lpspi_irq.o
                0x1fffd450                LPSPI0_IRQHandler
 .text.LPSPI1_IRQHandler
                0x1fffd45c        0xc ./SDK/platform/drivers/src/lpspi/lpspi_irq.o
                0x1fffd45c                LPSPI1_IRQHandler
 .text.LPSPI2_IRQHandler
                0x1fffd468        0xc ./SDK/platform/drivers/src/lpspi/lpspi_irq.o
                0x1fffd468                LPSPI2_IRQHandler
 .text.LPSPI_IsModuleEnabled
                0x1fffd474       0x28 ./SDK/platform/drivers/src/lpspi/lpspi_hw_access.o
 .text.LPSPI_IsMaster
                0x1fffd49c       0x28 ./SDK/platform/drivers/src/lpspi/lpspi_hw_access.o
 .text.LPSPI_Init
                0x1fffd4c4       0x20 ./SDK/platform/drivers/src/lpspi/lpspi_hw_access.o
                0x1fffd4c4                LPSPI_Init
 .text.LPSPI_Disable
                0x1fffd4e4       0x3c ./SDK/platform/drivers/src/lpspi/lpspi_hw_access.o
                0x1fffd4e4                LPSPI_Disable
 .text.LPSPI_SetMasterSlaveMode
                0x1fffd520       0x38 ./SDK/platform/drivers/src/lpspi/lpspi_hw_access.o
                0x1fffd520                LPSPI_SetMasterSlaveMode
 .text.LPSPI_GetFifoSizes
                0x1fffd558       0x4c ./SDK/platform/drivers/src/lpspi/lpspi_hw_access.o
                0x1fffd558                LPSPI_GetFifoSizes
 .text.LPSPI_SetFlushFifoCmd
                0x1fffd5a4       0x38 ./SDK/platform/drivers/src/lpspi/lpspi_hw_access.o
                0x1fffd5a4                LPSPI_SetFlushFifoCmd
 .text.LPSPI_ClearStatusFlag
                0x1fffd5dc       0x58 ./SDK/platform/drivers/src/lpspi/lpspi_hw_access.o
                0x1fffd5dc                LPSPI_ClearStatusFlag
 .text.LPSPI_SetPcsPolarityMode
                0x1fffd634       0x58 ./SDK/platform/drivers/src/lpspi/lpspi_hw_access.o
                0x1fffd634                LPSPI_SetPcsPolarityMode
 .text.LPSPI_SetPinConfigMode
                0x1fffd68c       0x64 ./SDK/platform/drivers/src/lpspi/lpspi_hw_access.o
                0x1fffd68c                LPSPI_SetPinConfigMode
 .text.LPSPI_SetBaudRate
                0x1fffd6f0      0x128 ./SDK/platform/drivers/src/lpspi/lpspi_hw_access.o
                0x1fffd6f0                LPSPI_SetBaudRate
 .text.LPSPI_SetDelay
                0x1fffd818       0x74 ./SDK/platform/drivers/src/lpspi/lpspi_hw_access.o
                0x1fffd818                LPSPI_SetDelay
 .text.LPSPI_SetTxCommandReg
                0x1fffd88c       0x78 ./SDK/platform/drivers/src/lpspi/lpspi_hw_access.o
                0x1fffd88c                LPSPI_SetTxCommandReg
 .text.LPIT_Enable
                0x1fffd904       0x20 ./SDK/platform/drivers/src/lpit/lpit_driver.o
 .text.LPIT_Reset
                0x1fffd924       0x2c ./SDK/platform/drivers/src/lpit/lpit_driver.o
 .text.LPIT_StartTimerChannels
                0x1fffd950       0x20 ./SDK/platform/drivers/src/lpit/lpit_driver.o
 .text.LPIT_SetTimerPeriodByCount
                0x1fffd970       0x24 ./SDK/platform/drivers/src/lpit/lpit_driver.o
 .text.LPIT_EnableInterruptTimerChannels
                0x1fffd994       0x20 ./SDK/platform/drivers/src/lpit/lpit_driver.o
 .text.LPIT_DisableInterruptTimerChannels
                0x1fffd9b4       0x24 ./SDK/platform/drivers/src/lpit/lpit_driver.o
 .text.LPIT_GetInterruptFlagTimerChannels
                0x1fffd9d8       0x20 ./SDK/platform/drivers/src/lpit/lpit_driver.o
 .text.LPIT_ClearInterruptFlagTimerChannels
                0x1fffd9f8       0x20 ./SDK/platform/drivers/src/lpit/lpit_driver.o
 .text.LPIT_SetTimerChannelModeCmd
                0x1fffda18       0x58 ./SDK/platform/drivers/src/lpit/lpit_driver.o
 .text.LPIT_GetTimerChannelModeCmd
                0x1fffda70       0x68 ./SDK/platform/drivers/src/lpit/lpit_driver.o
 .text.LPIT_SetTriggerSelectCmd
                0x1fffdad8       0x54 ./SDK/platform/drivers/src/lpit/lpit_driver.o
 .text.LPIT_SetTriggerSourceCmd
                0x1fffdb2c       0x58 ./SDK/platform/drivers/src/lpit/lpit_driver.o
 .text.LPIT_SetReloadOnTriggerCmd
                0x1fffdb84       0x5c ./SDK/platform/drivers/src/lpit/lpit_driver.o
 .text.LPIT_SetStopOnInterruptCmd
                0x1fffdbe0       0x5c ./SDK/platform/drivers/src/lpit/lpit_driver.o
 .text.LPIT_SetStartOnTriggerCmd
                0x1fffdc3c       0x5c ./SDK/platform/drivers/src/lpit/lpit_driver.o
 .text.LPIT_SetTimerChannelChainCmd
                0x1fffdc98       0x5c ./SDK/platform/drivers/src/lpit/lpit_driver.o
 .text.LPIT_SetTimerRunInDebugCmd
                0x1fffdcf4       0x38 ./SDK/platform/drivers/src/lpit/lpit_driver.o
 .text.LPIT_SetTimerRunInDozeCmd
                0x1fffdd2c       0x38 ./SDK/platform/drivers/src/lpit/lpit_driver.o
 .text.LPIT_DRV_Init
                0x1fffdd64       0x58 ./SDK/platform/drivers/src/lpit/lpit_driver.o
                0x1fffdd64                LPIT_DRV_Init
 .text.LPIT_DRV_InitChannel
                0x1fffddbc      0x124 ./SDK/platform/drivers/src/lpit/lpit_driver.o
                0x1fffddbc                LPIT_DRV_InitChannel
 .text.LPIT_DRV_StartTimerChannels
                0x1fffdee0       0x20 ./SDK/platform/drivers/src/lpit/lpit_driver.o
                0x1fffdee0                LPIT_DRV_StartTimerChannels
 .text.LPIT_DRV_SetTimerPeriodByUs
                0x1fffdf00      0x120 ./SDK/platform/drivers/src/lpit/lpit_driver.o
                0x1fffdf00                LPIT_DRV_SetTimerPeriodByUs
 .text.LPIT_DRV_SetTimerPeriodByCount
                0x1fffe020       0x24 ./SDK/platform/drivers/src/lpit/lpit_driver.o
                0x1fffe020                LPIT_DRV_SetTimerPeriodByCount
 .text.LPIT_DRV_GetInterruptFlagTimerChannels
                0x1fffe044       0x24 ./SDK/platform/drivers/src/lpit/lpit_driver.o
                0x1fffe044                LPIT_DRV_GetInterruptFlagTimerChannels
 .text.LPIT_DRV_ClearInterruptFlagTimerChannels
                0x1fffe068       0x20 ./SDK/platform/drivers/src/lpit/lpit_driver.o
                0x1fffe068                LPIT_DRV_ClearInterruptFlagTimerChannels
 .text.INT_SYS_InstallHandler
                0x1fffe088       0x44 ./SDK/platform/drivers/src/interrupt/interrupt_manager.o
                0x1fffe088                INT_SYS_InstallHandler
 .text.INT_SYS_EnableIRQ
                0x1fffe0cc       0x30 ./SDK/platform/drivers/src/interrupt/interrupt_manager.o
                0x1fffe0cc                INT_SYS_EnableIRQ
 .text.INT_SYS_DisableIRQ
                0x1fffe0fc       0x34 ./SDK/platform/drivers/src/interrupt/interrupt_manager.o
                0x1fffe0fc                INT_SYS_DisableIRQ
 .text.INT_SYS_EnableIRQGlobal
                0x1fffe130       0x2c ./SDK/platform/drivers/src/interrupt/interrupt_manager.o
                0x1fffe130                INT_SYS_EnableIRQGlobal
 .text.INT_SYS_DisableIRQGlobal
                0x1fffe15c       0x1c ./SDK/platform/drivers/src/interrupt/interrupt_manager.o
                0x1fffe15c                INT_SYS_DisableIRQGlobal
 .text.INT_SYS_SetPriority
                0x1fffe178       0x8c ./SDK/platform/drivers/src/interrupt/interrupt_manager.o
                0x1fffe178                INT_SYS_SetPriority
 .text.INT_SYS_ClearPending
                0x1fffe204       0x34 ./SDK/platform/drivers/src/interrupt/interrupt_manager.o
                0x1fffe204                INT_SYS_ClearPending
 .text.INT_SYS_GetActive
                0x1fffe238       0x38 ./SDK/platform/drivers/src/interrupt/interrupt_manager.o
                0x1fffe238                INT_SYS_GetActive
 .text.CAN0_ORed_IRQHandler
                0x1fffe270        0xc ./SDK/platform/drivers/src/flexcan/flexcan_irq.o
                0x1fffe270                CAN0_ORed_IRQHandler
 .text.CAN0_Error_IRQHandler
                0x1fffe27c        0xc ./SDK/platform/drivers/src/flexcan/flexcan_irq.o
                0x1fffe27c                CAN0_Error_IRQHandler
 .text.CAN0_Wake_Up_IRQHandler
                0x1fffe288        0xc ./SDK/platform/drivers/src/flexcan/flexcan_irq.o
                0x1fffe288                CAN0_Wake_Up_IRQHandler
 .text.CAN0_ORed_0_15_MB_IRQHandler
                0x1fffe294        0xc ./SDK/platform/drivers/src/flexcan/flexcan_irq.o
                0x1fffe294                CAN0_ORed_0_15_MB_IRQHandler
 .text.CAN0_ORed_16_31_MB_IRQHandler
                0x1fffe2a0        0xc ./SDK/platform/drivers/src/flexcan/flexcan_irq.o
                0x1fffe2a0                CAN0_ORed_16_31_MB_IRQHandler
 .text.CAN1_ORed_IRQHandler
                0x1fffe2ac        0xc ./SDK/platform/drivers/src/flexcan/flexcan_irq.o
                0x1fffe2ac                CAN1_ORed_IRQHandler
 .text.CAN1_Error_IRQHandler
                0x1fffe2b8        0xc ./SDK/platform/drivers/src/flexcan/flexcan_irq.o
                0x1fffe2b8                CAN1_Error_IRQHandler
 .text.CAN1_ORed_0_15_MB_IRQHandler
                0x1fffe2c4        0xc ./SDK/platform/drivers/src/flexcan/flexcan_irq.o
                0x1fffe2c4                CAN1_ORed_0_15_MB_IRQHandler
 .text.CAN2_ORed_IRQHandler
                0x1fffe2d0        0xc ./SDK/platform/drivers/src/flexcan/flexcan_irq.o
                0x1fffe2d0                CAN2_ORed_IRQHandler
 .text.CAN2_Error_IRQHandler
                0x1fffe2dc        0xc ./SDK/platform/drivers/src/flexcan/flexcan_irq.o
                0x1fffe2dc                CAN2_Error_IRQHandler
 .text.CAN2_ORed_0_15_MB_IRQHandler
                0x1fffe2e8        0xc ./SDK/platform/drivers/src/flexcan/flexcan_irq.o
                0x1fffe2e8                CAN2_ORed_0_15_MB_IRQHandler
 .text.FLEXCAN_IsFDEnabled
                0x1fffe2f4       0x28 ./SDK/platform/drivers/src/flexcan/flexcan_hw_access.o
 .text.FLEXCAN_IsRxFifoEnabled
                0x1fffe31c       0x28 ./SDK/platform/drivers/src/flexcan/flexcan_hw_access.o
 .text.RxFifoOcuppiedLastMsgBuff
                0x1fffe344       0x20 ./SDK/platform/drivers/src/flexcan/flexcan_hw_access.o
 .text.FLEXCAN_GetMsgBuffRegion
                0x1fffe364       0x6c ./SDK/platform/drivers/src/flexcan/flexcan_hw_access.o
 .text.FLEXCAN_ComputeDLCValue
                0x1fffe3d0       0xa8 ./SDK/platform/drivers/src/flexcan/flexcan_hw_access.o
 .text.FLEXCAN_ComputePayloadSize
                0x1fffe478       0x80 ./SDK/platform/drivers/src/flexcan/flexcan_hw_access.o
 .text.FLEXCAN_GetMaxMbNum
                0x1fffe4f8       0x70 ./SDK/platform/drivers/src/flexcan/flexcan_hw_access.o
 .text.FLEXCAN_ClearRAM
                0x1fffe568       0x70 ./SDK/platform/drivers/src/flexcan/flexcan_hw_access.o
 .text.FLEXCAN_Enable
                0x1fffe5d8       0x54 ./SDK/platform/drivers/src/flexcan/flexcan_hw_access.o
                0x1fffe5d8                FLEXCAN_Enable
 .text.FLEXCAN_Disable
                0x1fffe62c       0x38 ./SDK/platform/drivers/src/flexcan/flexcan_hw_access.o
                0x1fffe62c                FLEXCAN_Disable
 .text.FLEXCAN_Init
                0x1fffe664       0x58 ./SDK/platform/drivers/src/flexcan/flexcan_hw_access.o
                0x1fffe664                FLEXCAN_Init
 .text.FLEXCAN_SetTxMsgBuff
                0x1fffe6bc      0x24c ./SDK/platform/drivers/src/flexcan/flexcan_hw_access.o
                0x1fffe6bc                FLEXCAN_SetTxMsgBuff
 .text.FLEXCAN_SetRxMsgBuff
                0x1fffe908      0x124 ./SDK/platform/drivers/src/flexcan/flexcan_hw_access.o
                0x1fffe908                FLEXCAN_SetRxMsgBuff
 .text.FLEXCAN_GetMsgBuff
                0x1fffea2c      0x14c ./SDK/platform/drivers/src/flexcan/flexcan_hw_access.o
                0x1fffea2c                FLEXCAN_GetMsgBuff
 .text.FLEXCAN_LockRxMsgBuff
                0x1fffeb78       0x40 ./SDK/platform/drivers/src/flexcan/flexcan_hw_access.o
                0x1fffeb78                FLEXCAN_LockRxMsgBuff
 .text.FLEXCAN_EnableRxFifo
                0x1fffebb8       0x7c ./SDK/platform/drivers/src/flexcan/flexcan_hw_access.o
                0x1fffebb8                FLEXCAN_EnableRxFifo
 .text.FLEXCAN_SetMaxMsgBuffNum
                0x1fffec34       0xc8 ./SDK/platform/drivers/src/flexcan/flexcan_hw_access.o
                0x1fffec34                FLEXCAN_SetMaxMsgBuffNum
 .text.FLEXCAN_SetRxFifoFilter
                0x1fffecfc      0x29c ./SDK/platform/drivers/src/flexcan/flexcan_hw_access.o
                0x1fffecfc                FLEXCAN_SetRxFifoFilter
 .text.FLEXCAN_SetMsgBuffIntCmd
                0x1fffef98       0x70 ./SDK/platform/drivers/src/flexcan/flexcan_hw_access.o
                0x1fffef98                FLEXCAN_SetMsgBuffIntCmd
 .text.FLEXCAN_SetErrIntCmd
                0x1ffff008       0x5c ./SDK/platform/drivers/src/flexcan/flexcan_hw_access.o
                0x1ffff008                FLEXCAN_SetErrIntCmd
 .text.FLEXCAN_ExitFreezeMode
                0x1ffff064       0x3c ./SDK/platform/drivers/src/flexcan/flexcan_hw_access.o
                0x1ffff064                FLEXCAN_ExitFreezeMode
 .text.FLEXCAN_EnterFreezeMode
                0x1ffff0a0       0x3c ./SDK/platform/drivers/src/flexcan/flexcan_hw_access.o
                0x1ffff0a0                FLEXCAN_EnterFreezeMode
 .text.FLEXCAN_ClearErrIntStatusFlag
                0x1ffff0dc       0x28 ./SDK/platform/drivers/src/flexcan/flexcan_hw_access.o
                0x1ffff0dc                FLEXCAN_ClearErrIntStatusFlag
 .text.FLEXCAN_ReadRxFifo
                0x1ffff104       0xa4 ./SDK/platform/drivers/src/flexcan/flexcan_hw_access.o
                0x1ffff104                FLEXCAN_ReadRxFifo
 .text.FLEXCAN_SetOperationMode
                0x1ffff1a8       0x94 ./SDK/platform/drivers/src/flexcan/flexcan_hw_access.o
                0x1ffff1a8                FLEXCAN_SetOperationMode
 .text.FLEXCAN_SetPayloadSize
                0x1ffff23c       0x40 ./SDK/platform/drivers/src/flexcan/flexcan_hw_access.o
                0x1ffff23c                FLEXCAN_SetPayloadSize
 .text.FLEXCAN_GetPayloadSize
                0x1ffff27c       0x44 ./SDK/platform/drivers/src/flexcan/flexcan_hw_access.o
                0x1ffff27c                FLEXCAN_GetPayloadSize
 .text.FLEXCAN_SelectClock
                0x1ffff2c0       0x2c ./SDK/platform/drivers/src/flexcan/flexcan_driver.o
 .text.FLEXCAN_SetTimeSegments
                0x1ffff2ec       0x60 ./SDK/platform/drivers/src/flexcan/flexcan_driver.o
 .text.FLEXCAN_SetExtendedTimeSegments
                0x1ffff34c       0x64 ./SDK/platform/drivers/src/flexcan/flexcan_driver.o
 .text.FLEXCAN_SetFDTimeSegments
                0x1ffff3b0       0x70 ./SDK/platform/drivers/src/flexcan/flexcan_driver.o
 .text.FLEXCAN_SetFDEnabled
                0x1ffff420       0x4c ./SDK/platform/drivers/src/flexcan/flexcan_driver.o
 .text.FLEXCAN_IsFDEnabled
                0x1ffff46c       0x28 ./SDK/platform/drivers/src/flexcan/flexcan_driver.o
 .text.FLEXCAN_UnlockRxMsgBuff
                0x1ffff494       0x18 ./SDK/platform/drivers/src/flexcan/flexcan_driver.o
 .text.FLEXCAN_IsRxFifoEnabled
                0x1ffff4ac       0x28 ./SDK/platform/drivers/src/flexcan/flexcan_driver.o
 .text.FLEXCAN_GetMsgBuffIntStatusFlag
                0x1ffff4d4       0x44 ./SDK/platform/drivers/src/flexcan/flexcan_driver.o
 .text.FLEXCAN_ClearMsgBuffIntStatusFlag
                0x1ffff518       0x30 ./SDK/platform/drivers/src/flexcan/flexcan_driver.o
 .text.FLEXCAN_SetStuffBitCount
                0x1ffff548       0x34 ./SDK/platform/drivers/src/flexcan/flexcan_driver.o
 .text.FLEXCAN_SetSelfReception
                0x1ffff57c       0x34 ./SDK/platform/drivers/src/flexcan/flexcan_driver.o
 .text.FLEXCAN_SetRxFifoDMA
                0x1ffff5b0       0x34 ./SDK/platform/drivers/src/flexcan/flexcan_driver.o
 .text.FLEXCAN_IsPNEnabled
                0x1ffff5e4       0x28 ./SDK/platform/drivers/src/flexcan/flexcan_driver.o
 .text.FLEXCAN_GetWTOF
                0x1ffff60c       0x24 ./SDK/platform/drivers/src/flexcan/flexcan_driver.o
 .text.FLEXCAN_ClearWTOF
                0x1ffff630       0x24 ./SDK/platform/drivers/src/flexcan/flexcan_driver.o
 .text.FLEXCAN_GetWUMF
                0x1ffff654       0x24 ./SDK/platform/drivers/src/flexcan/flexcan_driver.o
 .text.FLEXCAN_ClearWUMF
                0x1ffff678       0x24 ./SDK/platform/drivers/src/flexcan/flexcan_driver.o
 .text.FLEXCAN_DRV_Init
                0x1ffff69c      0x29c ./SDK/platform/drivers/src/flexcan/flexcan_driver.o
                0x1ffff69c                FLEXCAN_DRV_Init
 .text.FLEXCAN_DRV_ConfigTxMb
                0x1ffff938       0x5c ./SDK/platform/drivers/src/flexcan/flexcan_driver.o
                0x1ffff938                FLEXCAN_DRV_ConfigTxMb
 .text.FLEXCAN_DRV_Send
                0x1ffff994       0x68 ./SDK/platform/drivers/src/flexcan/flexcan_driver.o
                0x1ffff994                FLEXCAN_DRV_Send
 .text.FLEXCAN_DRV_ConfigRxMb
                0x1ffff9fc       0x9c ./SDK/platform/drivers/src/flexcan/flexcan_driver.o
                0x1ffff9fc                FLEXCAN_DRV_ConfigRxMb
 .text.FLEXCAN_DRV_ConfigRxFifo
                0x1ffffa98       0x3c ./SDK/platform/drivers/src/flexcan/flexcan_driver.o
                0x1ffffa98                FLEXCAN_DRV_ConfigRxFifo
 .text.FLEXCAN_DRV_Receive
                0x1ffffad4       0x30 ./SDK/platform/drivers/src/flexcan/flexcan_driver.o
                0x1ffffad4                FLEXCAN_DRV_Receive
 .text.FLEXCAN_DRV_RxFifo
                0x1ffffb04       0x28 ./SDK/platform/drivers/src/flexcan/flexcan_driver.o
                0x1ffffb04                FLEXCAN_DRV_RxFifo
 .text.FLEXCAN_IRQHandler
                0x1ffffb2c      0x1d8 ./SDK/platform/drivers/src/flexcan/flexcan_driver.o
                0x1ffffb2c                FLEXCAN_IRQHandler
 .text.FLEXCAN_WakeUpHandler
                0x1ffffd04       0x8c ./SDK/platform/drivers/src/flexcan/flexcan_driver.o
                0x1ffffd04                FLEXCAN_WakeUpHandler
 .text.FLEXCAN_DRV_GetTransferStatus
                0x1ffffd90       0x48 ./SDK/platform/drivers/src/flexcan/flexcan_driver.o
                0x1ffffd90                FLEXCAN_DRV_GetTransferStatus
 .text.FLEXCAN_StartSendData
                0x1ffffdd8       0xd4 ./SDK/platform/drivers/src/flexcan/flexcan_driver.o
 .text.FLEXCAN_StartRxMessageBufferData
                0x1ffffeac       0xa4 ./SDK/platform/drivers/src/flexcan/flexcan_driver.o
 .text.FLEXCAN_StartRxMessageFifoData
                0x1fffff50      0x124 ./SDK/platform/drivers/src/flexcan/flexcan_driver.o
 .text.FLEXCAN_CompleteTransfer
                0x20000074       0x70 ./SDK/platform/drivers/src/flexcan/flexcan_driver.o
 .text.FLEXCAN_CompleteRxFifoDataDMA
                0x200000e4       0x20 ./SDK/platform/drivers/src/flexcan/flexcan_driver.o
 .text.FLEXCAN_CompleteRxMessageFifoData
                0x20000104       0xdc ./SDK/platform/drivers/src/flexcan/flexcan_driver.o
 .text.FLEXCAN_DRV_InstallEventCallback
                0x200001e0       0x38 ./SDK/platform/drivers/src/flexcan/flexcan_driver.o
                0x200001e0                FLEXCAN_DRV_InstallEventCallback
 .text.FLASH_DRV_GetDEPartitionCode
                0x20000218      0x110 ./SDK/platform/drivers/src/flash/flash_driver.o
 .text.FLASH_DRV_Init
                0x20000328       0x74 ./SDK/platform/drivers/src/flash/flash_driver.o
                0x20000328                FLASH_DRV_Init
 .text.FLASH_DRV_SetFlexRamFunction
                0x2000039c       0xd4 ./SDK/platform/drivers/src/flash/flash_driver.o
                0x2000039c                FLASH_DRV_SetFlexRamFunction
 .text.FLASH_DRV_DEFlashPartition
                0x20000470       0x80 ./SDK/platform/drivers/src/flash/flash_driver.o
                0x20000470                FLASH_DRV_DEFlashPartition
 .text.EDMA_GetErrorIntStatusFlag
                0x200004f0       0x18 ./SDK/platform/drivers/src/edma/edma_irq.o
 .text.DMA0_IRQHandler
                0x20000508        0xc ./SDK/platform/drivers/src/edma/edma_irq.o
                0x20000508                DMA0_IRQHandler
 .text.DMA1_IRQHandler
                0x20000514        0xc ./SDK/platform/drivers/src/edma/edma_irq.o
                0x20000514                DMA1_IRQHandler
 .text.DMA2_IRQHandler
                0x20000520        0xc ./SDK/platform/drivers/src/edma/edma_irq.o
                0x20000520                DMA2_IRQHandler
 .text.DMA3_IRQHandler
                0x2000052c        0xc ./SDK/platform/drivers/src/edma/edma_irq.o
                0x2000052c                DMA3_IRQHandler
 .text.DMA4_IRQHandler
                0x20000538        0xc ./SDK/platform/drivers/src/edma/edma_irq.o
                0x20000538                DMA4_IRQHandler
 .text.DMA5_IRQHandler
                0x20000544        0xc ./SDK/platform/drivers/src/edma/edma_irq.o
                0x20000544                DMA5_IRQHandler
 .text.DMA6_IRQHandler
                0x20000550        0xc ./SDK/platform/drivers/src/edma/edma_irq.o
                0x20000550                DMA6_IRQHandler
 .text.DMA7_IRQHandler
                0x2000055c        0xc ./SDK/platform/drivers/src/edma/edma_irq.o
                0x2000055c                DMA7_IRQHandler
 .text.DMA8_IRQHandler
                0x20000568        0xc ./SDK/platform/drivers/src/edma/edma_irq.o
                0x20000568                DMA8_IRQHandler
 .text.DMA9_IRQHandler
                0x20000574        0xc ./SDK/platform/drivers/src/edma/edma_irq.o
                0x20000574                DMA9_IRQHandler
 .text.DMA10_IRQHandler
                0x20000580        0xc ./SDK/platform/drivers/src/edma/edma_irq.o
                0x20000580                DMA10_IRQHandler
 .text.DMA11_IRQHandler
                0x2000058c        0xc ./SDK/platform/drivers/src/edma/edma_irq.o
                0x2000058c                DMA11_IRQHandler
 .text.DMA12_IRQHandler
                0x20000598        0xc ./SDK/platform/drivers/src/edma/edma_irq.o
                0x20000598                DMA12_IRQHandler
 .text.DMA13_IRQHandler
                0x200005a4        0xc ./SDK/platform/drivers/src/edma/edma_irq.o
                0x200005a4                DMA13_IRQHandler
 .text.DMA14_IRQHandler
                0x200005b0        0xc ./SDK/platform/drivers/src/edma/edma_irq.o
                0x200005b0                DMA14_IRQHandler
 .text.DMA15_IRQHandler
                0x200005bc        0xc ./SDK/platform/drivers/src/edma/edma_irq.o
                0x200005bc                DMA15_IRQHandler
 .text.DMA_Error_IRQHandler
                0x200005c8       0x4c ./SDK/platform/drivers/src/edma/edma_irq.o
                0x200005c8                DMA_Error_IRQHandler
 .text.EDMA_SetDmaRequestCmd
                0x20000614       0x30 ./SDK/platform/drivers/src/edma/edma_hw_access.o
                0x20000614                EDMA_SetDmaRequestCmd
 .text.EDMA_TCDClearReg
                0x20000644       0xd0 ./SDK/platform/drivers/src/edma/edma_hw_access.o
                0x20000644                EDMA_TCDClearReg
 .text.EDMA_TCDSetAttribute
                0x20000714       0x6c ./SDK/platform/drivers/src/edma/edma_hw_access.o
                0x20000714                EDMA_TCDSetAttribute
 .text.EDMA_TCDSetNbytes
                0x20000780       0xd0 ./SDK/platform/drivers/src/edma/edma_hw_access.o
                0x20000780                EDMA_TCDSetNbytes
 .text.EDMA_TCDSetMajorCount
                0x20000850      0x140 ./SDK/platform/drivers/src/edma/edma_hw_access.o
                0x20000850                EDMA_TCDSetMajorCount
 .text.EDMA_SetHaltCmd
                0x20000990       0x3c ./SDK/platform/drivers/src/edma/edma_driver.o
 .text.EDMA_ClearErrorIntStatusFlag
                0x200009cc       0x1c ./SDK/platform/drivers/src/edma/edma_driver.o
 .text.EDMA_ClearDoneStatusFlag
                0x200009e8       0x1c ./SDK/platform/drivers/src/edma/edma_driver.o
 .text.EDMA_ClearIntStatusFlag
                0x20000a04       0x1c ./SDK/platform/drivers/src/edma/edma_driver.o
 .text.EDMA_TCDSetSrcAddr
                0x20000a20       0x28 ./SDK/platform/drivers/src/edma/edma_driver.o
 .text.EDMA_TCDSetSrcOffset
                0x20000a48       0x2c ./SDK/platform/drivers/src/edma/edma_driver.o
 .text.EDMA_TCDSetDestAddr
                0x20000a74       0x2c ./SDK/platform/drivers/src/edma/edma_driver.o
 .text.EDMA_TCDSetDestOffset
                0x20000aa0       0x30 ./SDK/platform/drivers/src/edma/edma_driver.o
 .text.EDMA_TCDSetDisableDmaRequestAfterTCDDoneCmd
                0x20000ad0       0x5c ./SDK/platform/drivers/src/edma/edma_driver.o
 .text.EDMA_TCDSetMajorCompleteIntCmd
                0x20000b2c       0x5c ./SDK/platform/drivers/src/edma/edma_driver.o
 .text.EDMA_DRV_InstallCallback
                0x20000b88       0x3c ./SDK/platform/drivers/src/edma/edma_driver.o
                0x20000b88                EDMA_DRV_InstallCallback
 .text.EDMA_DRV_ClearIntStatus
                0x20000bc4       0x3c ./SDK/platform/drivers/src/edma/edma_driver.o
 .text.EDMA_DRV_IRQHandler
                0x20000c00       0x4c ./SDK/platform/drivers/src/edma/edma_driver.o
                0x20000c00                EDMA_DRV_IRQHandler
 .text.EDMA_DRV_ErrorIRQHandler
                0x20000c4c       0x84 ./SDK/platform/drivers/src/edma/edma_driver.o
                0x20000c4c                EDMA_DRV_ErrorIRQHandler
 .text.EDMA_DRV_ConfigSingleBlockTransfer
                0x20000cd0      0x168 ./SDK/platform/drivers/src/edma/edma_driver.o
                0x20000cd0                EDMA_DRV_ConfigSingleBlockTransfer
 .text.EDMA_DRV_ConfigMultiBlockTransfer
                0x20000e38       0x78 ./SDK/platform/drivers/src/edma/edma_driver.o
                0x20000e38                EDMA_DRV_ConfigMultiBlockTransfer
 .text.EDMA_DRV_StartChannel
                0x20000eb0       0x38 ./SDK/platform/drivers/src/edma/edma_driver.o
                0x20000eb0                EDMA_DRV_StartChannel
 .text.EDMA_DRV_StopChannel
                0x20000ee8       0x38 ./SDK/platform/drivers/src/edma/edma_driver.o
                0x20000ee8                EDMA_DRV_StopChannel
 .text.EDMA_DRV_GetDmaRegBaseAddr
                0x20000f20       0x1c ./SDK/platform/drivers/src/edma/edma_driver.o
                0x20000f20                EDMA_DRV_GetDmaRegBaseAddr
 .text.SIM_GetRtcClkSrc
                0x20000f3c       0x20 ./SDK/platform/drivers/src/clock/S32K1xx/clock_S32K1xx.o
 .text.SIM_SetLpoClocks
                0x20000f5c       0x70 ./SDK/platform/drivers/src/clock/S32K1xx/clock_S32K1xx.o
 .text.SIM_SetEimClockGate
                0x20000fcc       0x3c ./SDK/platform/drivers/src/clock/S32K1xx/clock_S32K1xx.o
 .text.SIM_GetEimClockGate
                0x20001008       0x30 ./SDK/platform/drivers/src/clock/S32K1xx/clock_S32K1xx.o
 .text.SIM_SetErmClockGate
                0x20001038       0x3c ./SDK/platform/drivers/src/clock/S32K1xx/clock_S32K1xx.o
 .text.SIM_GetErmClockGate
                0x20001074       0x30 ./SDK/platform/drivers/src/clock/S32K1xx/clock_S32K1xx.o
 .text.SIM_SetDmaClockGate
                0x200010a4       0x3c ./SDK/platform/drivers/src/clock/S32K1xx/clock_S32K1xx.o
 .text.SIM_GetDmaClockGate
                0x200010e0       0x30 ./SDK/platform/drivers/src/clock/S32K1xx/clock_S32K1xx.o
 .text.SIM_SetMpuClockGate
                0x20001110       0x3c ./SDK/platform/drivers/src/clock/S32K1xx/clock_S32K1xx.o
 .text.SIM_GetMpuClockGate
                0x2000114c       0x30 ./SDK/platform/drivers/src/clock/S32K1xx/clock_S32K1xx.o
 .text.SIM_SetMscmClockGate
                0x2000117c       0x3c ./SDK/platform/drivers/src/clock/S32K1xx/clock_S32K1xx.o
 .text.SIM_GetMscmClockGate
                0x200011b8       0x30 ./SDK/platform/drivers/src/clock/S32K1xx/clock_S32K1xx.o
 .text.SIM_GetFtm0ExternalClkPinMode
                0x200011e8       0x20 ./SDK/platform/drivers/src/clock/S32K1xx/clock_S32K1xx.o
 .text.SIM_GetFtm1ExternalClkPinMode
                0x20001208       0x20 ./SDK/platform/drivers/src/clock/S32K1xx/clock_S32K1xx.o
 .text.SIM_GetFtm2ExternalClkPinMode
                0x20001228       0x20 ./SDK/platform/drivers/src/clock/S32K1xx/clock_S32K1xx.o
 .text.SIM_GetFtm3ExternalClkPinMode
                0x20001248       0x1c ./SDK/platform/drivers/src/clock/S32K1xx/clock_S32K1xx.o
 .text.SIM_GetLpo32KStatus
                0x20001264       0x28 ./SDK/platform/drivers/src/clock/S32K1xx/clock_S32K1xx.o
 .text.SIM_GetLpo1KStatus
                0x2000128c       0x28 ./SDK/platform/drivers/src/clock/S32K1xx/clock_S32K1xx.o
 .text.SIM_GetLpoClkSelectorValue
                0x200012b4       0x20 ./SDK/platform/drivers/src/clock/S32K1xx/clock_S32K1xx.o
 .text.SIM_GetClockoutStatus
                0x200012d4       0x28 ./SDK/platform/drivers/src/clock/S32K1xx/clock_S32K1xx.o
 .text.SIM_GetClockoutDividerValue
                0x200012fc       0x20 ./SDK/platform/drivers/src/clock/S32K1xx/clock_S32K1xx.o
 .text.SIM_GetClockoutSelectorValue
                0x2000131c       0x20 ./SDK/platform/drivers/src/clock/S32K1xx/clock_S32K1xx.o
 .text.SIM_SetClockout
                0x2000133c       0x5c ./SDK/platform/drivers/src/clock/S32K1xx/clock_S32K1xx.o
 .text.SIM_SetTraceClockSource
                0x20001398       0x38 ./SDK/platform/drivers/src/clock/S32K1xx/clock_S32K1xx.o
 .text.SIM_ClearTraceClockConfig
                0x200013d0       0x1c ./SDK/platform/drivers/src/clock/S32K1xx/clock_S32K1xx.o
 .text.SIM_SetTraceClockConfig
                0x200013ec       0x40 ./SDK/platform/drivers/src/clock/S32K1xx/clock_S32K1xx.o
 .text.SCG_GetClockoutSourceSel
                0x2000142c       0x20 ./SDK/platform/drivers/src/clock/S32K1xx/clock_S32K1xx.o
 .text.SCG_GetCurrentSystemClockSource
                0x2000144c       0x20 ./SDK/platform/drivers/src/clock/S32K1xx/clock_S32K1xx.o
 .text.SCG_GetCurrentCoreClockDividerRatio
                0x2000146c       0x20 ./SDK/platform/drivers/src/clock/S32K1xx/clock_S32K1xx.o
 .text.SCG_GetCurrentBusClockDividerRatio
                0x2000148c       0x20 ./SDK/platform/drivers/src/clock/S32K1xx/clock_S32K1xx.o
 .text.SCG_GetCurrentSlowClockDividerRatio
                0x200014ac       0x1c ./SDK/platform/drivers/src/clock/S32K1xx/clock_S32K1xx.o
 .text.SCG_SetRunClockControl
                0x200014c8       0x44 ./SDK/platform/drivers/src/clock/S32K1xx/clock_S32K1xx.o
 .text.SCG_SetVlprClockControl
                0x2000150c       0x44 ./SDK/platform/drivers/src/clock/S32K1xx/clock_S32K1xx.o
 .text.SCG_SetHsrunClockControl
                0x20001550       0x44 ./SDK/platform/drivers/src/clock/S32K1xx/clock_S32K1xx.o
 .text.SCG_GetFircFirstAsyncDivider
                0x20001594       0x20 ./SDK/platform/drivers/src/clock/S32K1xx/clock_S32K1xx.o
 .text.SCG_GetFircSecondAsyncDivider
                0x200015b4       0x20 ./SDK/platform/drivers/src/clock/S32K1xx/clock_S32K1xx.o
 .text.SCG_SetFircAsyncConfig
                0x200015d4       0x30 ./SDK/platform/drivers/src/clock/S32K1xx/clock_S32K1xx.o
 .text.SCG_GetSircFirstAsyncDivider
                0x20001604       0x20 ./SDK/platform/drivers/src/clock/S32K1xx/clock_S32K1xx.o
 .text.SCG_GetSircSecondAsyncDivider
                0x20001624       0x20 ./SDK/platform/drivers/src/clock/S32K1xx/clock_S32K1xx.o
 .text.SCG_SetSircAsyncConfig
                0x20001644       0x30 ./SDK/platform/drivers/src/clock/S32K1xx/clock_S32K1xx.o
 .text.SCG_GetSoscFirstAsyncDivider
                0x20001674       0x20 ./SDK/platform/drivers/src/clock/S32K1xx/clock_S32K1xx.o
 .text.SCG_GetSoscSecondAsyncDivider
                0x20001694       0x20 ./SDK/platform/drivers/src/clock/S32K1xx/clock_S32K1xx.o
 .text.SCG_SetSoscAsyncConfig
                0x200016b4       0x30 ./SDK/platform/drivers/src/clock/S32K1xx/clock_S32K1xx.o
 .text.SCG_GetSpllFirstAsyncDivider
                0x200016e4       0x20 ./SDK/platform/drivers/src/clock/S32K1xx/clock_S32K1xx.o
 .text.SCG_GetSpllSecondAsyncDivider
                0x20001704       0x20 ./SDK/platform/drivers/src/clock/S32K1xx/clock_S32K1xx.o
 .text.SCG_SetSpllAsyncConfig
                0x20001724       0x30 ./SDK/platform/drivers/src/clock/S32K1xx/clock_S32K1xx.o
 .text.SCG_SetClockoutSourceSel
                0x20001754       0x38 ./SDK/platform/drivers/src/clock/S32K1xx/clock_S32K1xx.o
 .text.SCG_GetSircSystemClockMode
                0x2000178c       0x34 ./SDK/platform/drivers/src/clock/S32K1xx/clock_S32K1xx.o
 .text.SCG_GetSircStatus
                0x200017c0       0x2c ./SDK/platform/drivers/src/clock/S32K1xx/clock_S32K1xx.o
 .text.SCG_GetSircRange
                0x200017ec       0x20 ./SDK/platform/drivers/src/clock/S32K1xx/clock_S32K1xx.o
 .text.SCG_ClearSircLock
                0x2000180c       0x24 ./SDK/platform/drivers/src/clock/S32K1xx/clock_S32K1xx.o
 .text.SCG_ClearSircControl
                0x20001830       0x1c ./SDK/platform/drivers/src/clock/S32K1xx/clock_S32K1xx.o
 .text.SCG_SetSircConfiguration
                0x2000184c       0x24 ./SDK/platform/drivers/src/clock/S32K1xx/clock_S32K1xx.o
 .text.SCG_SetSircControl
                0x20001870       0x58 ./SDK/platform/drivers/src/clock/S32K1xx/clock_S32K1xx.o
 .text.SCG_GetFircSystemClockMode
                0x200018c8       0x34 ./SDK/platform/drivers/src/clock/S32K1xx/clock_S32K1xx.o
 .text.SCG_GetFircStatus
                0x200018fc       0x2c ./SDK/platform/drivers/src/clock/S32K1xx/clock_S32K1xx.o
 .text.SCG_GetFircRange
                0x20001928       0x20 ./SDK/platform/drivers/src/clock/S32K1xx/clock_S32K1xx.o
 .text.SCG_ClearFircLock
                0x20001948       0x24 ./SDK/platform/drivers/src/clock/S32K1xx/clock_S32K1xx.o
 .text.SCG_ClearFircControl
                0x2000196c       0x1c ./SDK/platform/drivers/src/clock/S32K1xx/clock_S32K1xx.o
 .text.SCG_SetFircConfiguration
                0x20001988       0x24 ./SDK/platform/drivers/src/clock/S32K1xx/clock_S32K1xx.o
 .text.SCG_SetFircControl
                0x200019ac       0x40 ./SDK/platform/drivers/src/clock/S32K1xx/clock_S32K1xx.o
 .text.SCG_GetSoscSystemClockMode
                0x200019ec       0x34 ./SDK/platform/drivers/src/clock/S32K1xx/clock_S32K1xx.o
 .text.SCG_GetSoscStatus
                0x20001a20       0x2c ./SDK/platform/drivers/src/clock/S32K1xx/clock_S32K1xx.o
 .text.SCG_ClearSoscLock
                0x20001a4c       0x24 ./SDK/platform/drivers/src/clock/S32K1xx/clock_S32K1xx.o
 .text.SCG_ClearSoscControl
                0x20001a70       0x1c ./SDK/platform/drivers/src/clock/S32K1xx/clock_S32K1xx.o
 .text.SCG_SetSoscConfiguration
                0x20001a8c       0x3c ./SDK/platform/drivers/src/clock/S32K1xx/clock_S32K1xx.o
 .text.SCG_SetSoscControl
                0x20001ac8       0x5c ./SDK/platform/drivers/src/clock/S32K1xx/clock_S32K1xx.o
 .text.SCG_GetSpllSystemClockMode
                0x20001b24       0x34 ./SDK/platform/drivers/src/clock/S32K1xx/clock_S32K1xx.o
 .text.SCG_GetSpllStatus
                0x20001b58       0x2c ./SDK/platform/drivers/src/clock/S32K1xx/clock_S32K1xx.o
 .text.SCG_GetSpllPredivider
                0x20001b84       0x20 ./SDK/platform/drivers/src/clock/S32K1xx/clock_S32K1xx.o
 .text.SCG_GetSpllMultiplier
                0x20001ba4       0x20 ./SDK/platform/drivers/src/clock/S32K1xx/clock_S32K1xx.o
 .text.SCG_ClearSpllLock
                0x20001bc4       0x24 ./SDK/platform/drivers/src/clock/S32K1xx/clock_S32K1xx.o
 .text.SCG_ClearSpllControl
                0x20001be8       0x1c ./SDK/platform/drivers/src/clock/S32K1xx/clock_S32K1xx.o
 .text.SCG_SetSpllConfiguration
                0x20001c04       0x34 ./SDK/platform/drivers/src/clock/S32K1xx/clock_S32K1xx.o
 .text.SCG_SetSpllControl
                0x20001c38       0x5c ./SDK/platform/drivers/src/clock/S32K1xx/clock_S32K1xx.o
 .text.PCC_SetPeripheralClockControl
                0x20001c94       0x60 ./SDK/platform/drivers/src/clock/S32K1xx/clock_S32K1xx.o
 .text.PCC_SetClockMode
                0x20001cf4       0x70 ./SDK/platform/drivers/src/clock/S32K1xx/clock_S32K1xx.o
 .text.PCC_GetClockMode
                0x20001d64       0x44 ./SDK/platform/drivers/src/clock/S32K1xx/clock_S32K1xx.o
 .text.PCC_GetClockSourceSel
                0x20001da8       0x34 ./SDK/platform/drivers/src/clock/S32K1xx/clock_S32K1xx.o
 .text.PCC_GetFracValueSel
                0x20001ddc       0x34 ./SDK/platform/drivers/src/clock/S32K1xx/clock_S32K1xx.o
 .text.PCC_GetDividerSel
                0x20001e10       0x30 ./SDK/platform/drivers/src/clock/S32K1xx/clock_S32K1xx.o
 .text.PMC_SetLpoMode
                0x20001e40       0x3c ./SDK/platform/drivers/src/clock/S32K1xx/clock_S32K1xx.o
 .text.PMC_GetLpoMode
                0x20001e7c       0x2c ./SDK/platform/drivers/src/clock/S32K1xx/clock_S32K1xx.o
 .text.PMC_SetLpoTrimValue
                0x20001ea8       0x58 ./SDK/platform/drivers/src/clock/S32K1xx/clock_S32K1xx.o
 .text.SMC_GetCurrentRunningMode
                0x20001f00       0x1c ./SDK/platform/drivers/src/clock/S32K1xx/clock_S32K1xx.o
 .text.CLOCK_SYS_SetConfiguration
                0x20001f1c       0x70 ./SDK/platform/drivers/src/clock/S32K1xx/clock_S32K1xx.o
                0x20001f1c                CLOCK_SYS_SetConfiguration
 .text.CLOCK_SYS_SetScgConfiguration
                0x20001f8c       0xb4 ./SDK/platform/drivers/src/clock/S32K1xx/clock_S32K1xx.o
 .text.CLOCK_SYS_SetPccConfiguration
                0x20002040       0xb4 ./SDK/platform/drivers/src/clock/S32K1xx/clock_S32K1xx.o
 .text.CLOCK_SYS_SetSimConfiguration
                0x200020f4      0x114 ./SDK/platform/drivers/src/clock/S32K1xx/clock_S32K1xx.o
 .text.CLOCK_SYS_SetPmcConfiguration
                0x20002208       0x34 ./SDK/platform/drivers/src/clock/S32K1xx/clock_S32K1xx.o
 .text.CLOCK_SYS_GetDefaultConfiguration
                0x2000223c      0x24c ./SDK/platform/drivers/src/clock/S32K1xx/clock_S32K1xx.o
 .text.CLOCK_SYS_GetScgClockFreq
                0x20002488      0x144 ./SDK/platform/drivers/src/clock/S32K1xx/clock_S32K1xx.o
 .text.CLOCK_SYS_GetSimClockFreq
                0x200025cc      0x20c ./SDK/platform/drivers/src/clock/S32K1xx/clock_S32K1xx.o
 .text.CLOCK_SYS_GetPccClockFreq
                0x200027d8      0x140 ./SDK/platform/drivers/src/clock/S32K1xx/clock_S32K1xx.o
 .text.CLOCK_SYS_GetFreq
                0x20002918       0x5c ./SDK/platform/drivers/src/clock/S32K1xx/clock_S32K1xx.o
                0x20002918                CLOCK_SYS_GetFreq
 .text.CLOCK_SYS_GetPeripheralClock
                0x20002974       0xd8 ./SDK/platform/drivers/src/clock/S32K1xx/clock_S32K1xx.o
 .text.CLOCK_SYS_GetCurrentRunMode
                0x20002a4c       0x44 ./SDK/platform/drivers/src/clock/S32K1xx/clock_S32K1xx.o
 .text.CLOCK_SYS_TransitionSystemClock
                0x20002a90       0x60 ./SDK/platform/drivers/src/clock/S32K1xx/clock_S32K1xx.o
 .text.CLOCK_SYS_GetSimClkOutFreq
                0x20002af0       0xdc ./SDK/platform/drivers/src/clock/S32K1xx/clock_S32K1xx.o
 .text.CLOCK_SYS_GetScgClkOutFreq
                0x20002bcc       0x74 ./SDK/platform/drivers/src/clock/S32K1xx/clock_S32K1xx.o
 .text.CLOCK_SYS_GetSimRtcClkFreq
                0x20002c40       0x78 ./SDK/platform/drivers/src/clock/S32K1xx/clock_S32K1xx.o
 .text.CLOCK_SYS_ConfigureSIRC
                0x20002cb8       0xcc ./SDK/platform/drivers/src/clock/S32K1xx/clock_S32K1xx.o
 .text.CLOCK_SYS_ConfigureFIRC
                0x20002d84       0xd0 ./SDK/platform/drivers/src/clock/S32K1xx/clock_S32K1xx.o
 .text.CLOCK_SYS_ConfigureSOSC
                0x20002e54      0x128 ./SDK/platform/drivers/src/clock/S32K1xx/clock_S32K1xx.o
 .text.CLOCK_SYS_ConfigureSPLL
                0x20002f7c      0x120 ./SDK/platform/drivers/src/clock/S32K1xx/clock_S32K1xx.o
 .text.CLOCK_SYS_ConfigureTemporarySystemClock
                0x2000309c       0x5c ./SDK/platform/drivers/src/clock/S32K1xx/clock_S32K1xx.o
 .text.CLOCK_SYS_ConfigureModulesFromScg
                0x200030f8      0x1ac ./SDK/platform/drivers/src/clock/S32K1xx/clock_S32K1xx.o
 .text.CLOCK_SYS_GetSystemClockFreq
                0x200032a4       0xc0 ./SDK/platform/drivers/src/clock/S32K1xx/clock_S32K1xx.o
 .text.CLOCK_SYS_SetSystemClockConfig
                0x20003364      0x1a0 ./SDK/platform/drivers/src/clock/S32K1xx/clock_S32K1xx.o
 .text.CLOCK_SYS_GetSysAsyncFreq
                0x20003504      0x11c ./SDK/platform/drivers/src/clock/S32K1xx/clock_S32K1xx.o
 .text.CLOCK_SYS_GetSysOscFreq
                0x20003620       0x30 ./SDK/platform/drivers/src/clock/S32K1xx/clock_S32K1xx.o
 .text.CLOCK_SYS_GetSircFreq
                0x20003650       0x44 ./SDK/platform/drivers/src/clock/S32K1xx/clock_S32K1xx.o
 .text.CLOCK_SYS_GetFircFreq
                0x20003694       0x3c ./SDK/platform/drivers/src/clock/S32K1xx/clock_S32K1xx.o
 .text.CLOCK_SYS_GetSysPllFreq
                0x200036d0       0x64 ./SDK/platform/drivers/src/clock/S32K1xx/clock_S32K1xx.o
 .text.CLOCK_SYS_GetLpoFreq
                0x20003734       0x7c ./SDK/platform/drivers/src/clock/S32K1xx/clock_S32K1xx.o
 .text.CLOCK_DRV_Init
                0x200037b0       0x18 ./SDK/platform/drivers/src/clock/S32K1xx/clock_S32K1xx.o
                0x200037b0                CLOCK_DRV_Init
 .text.CLOCK_DRV_GetFreq
                0x200037c8       0x20 ./SDK/platform/drivers/src/clock/S32K1xx/clock_S32K1xx.o
                0x200037c8                CLOCK_DRV_GetFreq
 .text.init_data_bss
                0x200037e8      0x110 ./SDK/platform/devices/startup.o
                0x200037e8                init_data_bss
 .text.SystemInit
                0x200038f8       0x30 ./SDK/platform/devices/S32K144/startup/system_S32K144.o
                0x200038f8                SystemInit
 .text.puts     0x20003928       0x74 C:/NXP/S32DS_ARM_v2018.R1/S32DS/arm_ewl2/lib/armv7e-m\libc99.a(puts.o)
                0x20003928                puts
 .text.memcpy   0x2000399c       0x16 C:/NXP/S32DS_ARM_v2018.R1/S32DS/arm_ewl2/lib/armv7e-m\libc99.a(memcpy.o)
                0x2000399c                memcpy
 .text.memset   0x200039b2        0xc C:/NXP/S32DS_ARM_v2018.R1/S32DS/arm_ewl2/lib/armv7e-m\libc99.a(memset.o)
                0x200039b2                memset
 .text.fwide    0x200039be       0x34 C:/NXP/S32DS_ARM_v2018.R1/S32DS/arm_ewl2/lib/armv7e-m\libc99.a(fwide.o)
                0x200039be                fwide
 .text.__fwide  0x200039f2        0x4 C:/NXP/S32DS_ARM_v2018.R1/S32DS/arm_ewl2/lib/armv7e-m\libc99.a(fwide.o)
                0x200039f2                __fwide
 .text.__prep_buffer
                0x200039f6       0x16 C:/NXP/S32DS_ARM_v2018.R1/S32DS/arm_ewl2/lib/armv7e-m\libc99.a(__buffer_io.o)
                0x200039f6                __prep_buffer
 .text.__flush_buffer
                0x20003a0c       0x34 C:/NXP/S32DS_ARM_v2018.R1/S32DS/arm_ewl2/lib/armv7e-m\libc99.a(__buffer_io.o)
                0x20003a0c                __flush_buffer
 .text.__put_char
                0x20003a40       0x8e C:/NXP/S32DS_ARM_v2018.R1/S32DS/arm_ewl2/lib/armv7e-m\libc99.a(__putchar.o)
                0x20003a40                __put_char
 .text.__fill_mem
                0x20003ace       0x7a C:/NXP/S32DS_ARM_v2018.R1/S32DS/arm_ewl2/lib/armv7e-m\libc99.a(__filll_mem.o)
                0x20003ace                __fill_mem
 .text.sys_writec
                0x20003b48        0xe C:/NXP/S32DS_ARM_v2018.R1/S32DS/arm_ewl2/lib/armv7e-m\libhosted.a(semihosted_console_io.o)
                0x20003b48                sys_writec
 .text.sys_readc
                0x20003b56       0x10 C:/NXP/S32DS_ARM_v2018.R1/S32DS/arm_ewl2/lib/armv7e-m\libhosted.a(semihosted_console_io.o)
                0x20003b56                sys_readc
 .text.__read_console
                0x20003b66       0x1a C:/NXP/S32DS_ARM_v2018.R1/S32DS/arm_ewl2/lib/armv7e-m\libhosted.a(semihosted_console_io.o)
                0x20003b66                __read_console
 .text.__write_console
                0x20003b80       0x18 C:/NXP/S32DS_ARM_v2018.R1/S32DS/arm_ewl2/lib/armv7e-m\libhosted.a(semihosted_console_io.o)
                0x20003b80                __write_console
 .text.__close_console
                0x20003b98        0x4 C:/NXP/S32DS_ARM_v2018.R1/S32DS/arm_ewl2/lib/armv7e-m\libhosted.a(semihosted_console_io.o)
                0x20003b98                __close_console
 .text.sys_write
                0x20003b9c        0xe C:/NXP/S32DS_ARM_v2018.R1/S32DS/arm_ewl2/lib/armv7e-m\libhosted.a(semihosted_file_io.o)
                0x20003b9c                sys_write
 .text.__write_file
                0x20003baa       0x1e C:/NXP/S32DS_ARM_v2018.R1/S32DS/arm_ewl2/lib/armv7e-m\libhosted.a(semihosted_file_io.o)
                0x20003baa                __write_file
 .text.sys_read
                0x20003bc8        0xe C:/NXP/S32DS_ARM_v2018.R1/S32DS/arm_ewl2/lib/armv7e-m\libhosted.a(semihosted_file_io.o)
                0x20003bc8                sys_read
 .text.__read_file
                0x20003bd6       0x34 C:/NXP/S32DS_ARM_v2018.R1/S32DS/arm_ewl2/lib/armv7e-m\libhosted.a(semihosted_file_io.o)
                0x20003bd6                __read_file
 *(.rodata)
 *fill*         0x20003c0a        0x2 
 .rodata        0x20003c0c        0xf ./Sources/can_bus.o
 *fill*         0x20003c1b        0x1 
 .rodata        0x20003c1c       0x14 ./Sources/adc.o
 .rodata        0x20003c30        0x4 ./SDK/platform/drivers/src/lpit/lpit_driver.o
 .rodata        0x20003c34       0x18 ./SDK/platform/drivers/src/flexcan/flexcan_hw_access.o
 *(.rodata*)
 .rodata.testV2
                0x20003c4c        0xa ./Sources/main.o
                0x20003c4c                testV2
 *fill*         0x20003c56        0x2 
 .rodata.can_buffer_configure
                0x20003c58        0x5 ./Sources/can_bus.o
 *fill*         0x20003c5d        0x3 
 .rodata.s_lpuartBase
                0x20003c60        0xc ./SDK/platform/drivers/src/lpuart/lpuart_driver.o
 .rodata.s_lpuartRxTxIrqId
                0x20003c6c        0x3 ./SDK/platform/drivers/src/lpuart/lpuart_driver.o
 *fill*         0x20003c6f        0x1 
 .rodata.s_lpuartClkNames
                0x20003c70        0x3 ./SDK/platform/drivers/src/lpuart/lpuart_driver.o
 *fill*         0x20003c73        0x1 
 .rodata.s_baudratePrescaler
                0x20003c74       0x20 ./SDK/platform/drivers/src/lpspi/lpspi_master_driver.o
 .rodata.s_baudratePrescaler
                0x20003c94       0x20 ./SDK/platform/drivers/src/lpspi/lpspi_hw_access.o
 .rodata.g_flexcanBase
                0x20003cb4        0xc ./SDK/platform/drivers/src/flexcan/flexcan_driver.o
 .rodata.g_flexcanWakeUpIrqId
                0x20003cc0        0x3 ./SDK/platform/drivers/src/flexcan/flexcan_driver.o
 *fill*         0x20003cc3        0x1 
 .rodata.g_flexcanErrorIrqId
                0x20003cc4        0x3 ./SDK/platform/drivers/src/flexcan/flexcan_driver.o
 *fill*         0x20003cc7        0x1 
 .rodata.g_flexcanBusOffIrqId
                0x20003cc8        0x3 ./SDK/platform/drivers/src/flexcan/flexcan_driver.o
 *fill*         0x20003ccb        0x1 
 .rodata.g_flexcanOredMessageBufferIrqId
                0x20003ccc        0x6 ./SDK/platform/drivers/src/flexcan/flexcan_driver.o
 *fill*         0x20003cd2        0x2 
 .rodata.clockNameMappings
                0x20003cd4       0x9e ./SDK/platform/drivers/src/clock/S32K1xx/clock_S32K1xx.o
                0x20003cd4                clockNameMappings
 *fill*         0x20003d72        0x2 
 .rodata.peripheralFeaturesList
                0x20003d74       0x4f ./SDK/platform/drivers/src/clock/S32K1xx/clock_S32K1xx.o
                0x20003d74                peripheralFeaturesList
 *fill*         0x20003dc3        0x1 
 .rodata.maxClocksFreq.6397
                0x20003dc4       0x24 ./SDK/platform/drivers/src/clock/S32K1xx/clock_S32K1xx.o
 .rodata.fircFreq.6452
                0x20003de8       0x10 ./SDK/platform/drivers/src/clock/S32K1xx/clock_S32K1xx.o
 .rodata.lpuart0_InitConfig0
                0x20003df8        0xc ./Generated_Code/lpuart0.o
                0x20003df8                lpuart0_InitConfig0
 .rodata.lpspi2_dac_MasterConfig0
                0x20003e04       0x20 ./Generated_Code/lpspi2_dac.o
                0x20003e04                lpspi2_dac_MasterConfig0
 .rodata.lpspi1_can_MasterConfig0
                0x20003e24       0x20 ./Generated_Code/lpspi1_can.o
                0x20003e24                lpspi1_can_MasterConfig0
 .rodata.lpspi0_adc_MasterConfig0
                0x20003e44       0x20 ./Generated_Code/lpspi0_adc.o
                0x20003e44                lpspi0_adc_MasterConfig0
 .rodata.lpit1_InitConfig
                0x20003e64        0x2 ./Generated_Code/lpit1.o
                0x20003e64                lpit1_InitConfig
 *fill*         0x20003e66        0x2 
 .rodata.lpit1_ChnConfig0
                0x20003e68       0x18 ./Generated_Code/lpit1.o
                0x20003e68                lpit1_ChnConfig0
 .rodata.lpTmr1_config0
                0x20003e80       0x10 ./Generated_Code/lpTmr1.o
                0x20003e80                lpTmr1_config0
 .rodata.can_pal0_Config0
                0x20003e90       0x34 ./Generated_Code/can_pal0.o
                0x20003e90                can_pal0_Config0
 .rodata.Flash_InitConfig0
                0x20003ec4       0x14 ./Generated_Code/Flash.o
                0x20003ec4                Flash_InitConfig0
 *(.glue_7)
 .glue_7        0x00000000        0x0 linker stubs
 *(.glue_7t)
 .glue_7t       0x00000000        0x0 linker stubs
 *(.eh_frame)
 *(.init)
 *(.fini)
                0x20003ed8                . = ALIGN (0x4)

.vfp11_veneer   0x20003ed8        0x0
 .vfp11_veneer  0x00000000        0x0 linker stubs

.v4_bx          0x20003ed8        0x0
 .v4_bx         0x00000000        0x0 linker stubs

.iplt           0x20003ed8        0x0
 .iplt          0x00000000        0x0 C:/NXP/S32DS_ARM_v2018.R1/S32DS/arm_ewl2/lib/armv7e-m/__arm_start-hosted.o

.code_ram       0x20003ed8       0x5c
                0x20003ed8                . = ALIGN (0x4)
                0x20003ed8                __CODE_RAM = .
 *(.code_ram)
 .code_ram      0x20003ed8       0x5c ./SDK/platform/drivers/src/flash/flash_driver.o
                0x20003f34                __CODE_ROM = .
                0x20003f34                __CODE_END = .
                0x20003f34                . = ALIGN (0x4)

.ARM.extab
 *(.ARM.extab* .gnu.linkonce.armextab.*)

.ARM            0x20003f34        0x8
                0x20003f34                __exidx_start = .
 *(.ARM.exidx*)
 .ARM.exidx     0x20003f34        0x8 c:/nxp/s32ds_arm_v2018.r1/cross_tools/gcc-arm-none-eabi-4_9/bin/../lib/gcc/arm-none-eabi/4.9.3/armv7e-m\libgcc.a(_divdi3.o)
 .ARM.exidx     0x20003f3c        0x0 c:/nxp/s32ds_arm_v2018.r1/cross_tools/gcc-arm-none-eabi-4_9/bin/../lib/gcc/arm-none-eabi/4.9.3/armv7e-m\libgcc.a(_udivdi3.o)
                                  0x8 (size before relaxing)
                0x20003f3c                __exidx_end = .

.rel.dyn        0x20003f3c        0x0
 .rel.iplt      0x00000000        0x0 C:/NXP/S32DS_ARM_v2018.R1/S32DS/arm_ewl2/lib/armv7e-m/__arm_start-hosted.o

.ctors          0x20003f3c        0x0
                0x20003f3c                __CTOR_LIST__ = .
 *crtbegin.o(.ctors)
 *crtbegin?.o(.ctors)
 *(EXCLUDE_FILE(*crtend.o *crtend?.o) .ctors)
 *(SORT(.ctors.*))
 *(.ctors)
                0x20003f3c                __CTOR_END__ = .

.dtors          0x20003f3c        0x0
                0x20003f3c                __DTOR_LIST__ = .
 *crtbegin.o(.dtors)
 *crtbegin?.o(.dtors)
 *(EXCLUDE_FILE(*crtend.o *crtend?.o) .dtors)
 *(SORT(.dtors.*))
 *(.dtors)
                0x20003f3c                __DTOR_END__ = .

.preinit_array  0x20003f3c        0x0
                0x20003f3c                PROVIDE (__preinit_array_start, .)
 *(.preinit_array*)
                0x20003f3c                PROVIDE (__preinit_array_end, .)

.init_array     0x20003f3c        0x0
                0x20003f3c                PROVIDE (__init_array_start, .)
 *(SORT(.init_array.*))
 *(.init_array*)
                0x20003f3c                PROVIDE (__init_array_end, .)

.fini_array     0x20003f3c        0x0
                0x20003f3c                PROVIDE (__fini_array_start, .)
 *(SORT(.fini_array.*))
 *(.fini_array*)
                0x20003f3c                PROVIDE (__fini_array_end, .)
                0x20003f3c                __etext = .
                0x20003f3c                __DATA_ROM = .
                0x20003f3c                __DATA_END = __DATA_ROM

.customSectionBlock
 *(.customSection)

.data           0x20005000      0x840
                0x20005000                . = ALIGN (0x4)
                0x20005000                __DATA_RAM = .
                0x20005000                __data_start__ = .
 *(.data)
 *(.data*)
 .data.fsm_state
                0x20005000        0x1 ./Sources/systemRunFsm.o
                0x20005000                fsm_state
 *fill*         0x20005001        0x3 
 .data.uart_rx_ring_buffer
                0x20005004        0xc ./Sources/pc_communication.o
                0x20005004                uart_rx_ring_buffer
 .data.dac_val_16
                0x20005010        0x2 ./Sources/dac.o
                0x20005010                dac_val_16
 .data.can_transceiver_status
                0x20005012        0x1 ./Sources/can_bus.o
 *fill*         0x20005013        0x1 
 .data.tx_message
                0x20005014       0x4c ./Sources/can_bus.o
                0x20005014                tx_message
 .data.g_lpuartIsr
                0x20005060        0xc ./SDK/platform/drivers/src/lpuart/lpuart_irq.o
                0x20005060                g_lpuartIsr
 .data.g_lpspiBase
                0x2000506c        0xc ./SDK/platform/drivers/src/lpspi/lpspi_shared_function.o
                0x2000506c                g_lpspiBase
 .data.g_lpspiIrqId
                0x20005078        0x3 ./SDK/platform/drivers/src/lpspi/lpspi_shared_function.o
                0x20005078                g_lpspiIrqId
 *fill*         0x2000507b        0x1 
 .data.peripheralClockConfig.6177
                0x2000507c       0xa0 ./SDK/platform/drivers/src/clock/S32K1xx/clock_S32K1xx.o
 .data.g_pin_mux_InitConfigArr
                0x2000511c      0x570 ./Generated_Code/pin_mux.o
                0x2000511c                g_pin_mux_InitConfigArr
 .data.peripheralClockConfig0
                0x2000568c       0x55 ./Generated_Code/clockManager1.o
                0x2000568c                peripheralClockConfig0
 *fill*         0x200056e1        0x3 
 .data.clockManager1_InitConfig0
                0x200056e4       0x78 ./Generated_Code/clockManager1.o
                0x200056e4                clockManager1_InitConfig0
 .data.__files  0x2000575c       0xe4 C:/NXP/S32DS_ARM_v2018.R1/S32DS/arm_ewl2/lib/armv7e-m\libc99.a(ansi_files.o)
                0x2000575c                __files
 *(.jcr*)
                0x20005840                . = ALIGN (0x4)
                0x20005840                __data_end__ = .

.igot.plt       0x20005840        0x0
 .igot.plt      0x00000000        0x0 C:/NXP/S32DS_ARM_v2018.R1/S32DS/arm_ewl2/lib/armv7e-m/__arm_start-hosted.o

.bss            0x20005840      0x594
                0x20005840                . = ALIGN (0x4)
                0x20005840                __BSS_START = .
                0x20005840                __bss_start__ = .
 *(.bss)
 *(.bss*)
 .bss.SBC_write_register
                0x20005840        0x2 ./Sources/system_basis_chip_TLE9261.o
 *fill*         0x20005842        0x2 
 .bss.SBC_read_register
                0x20005844        0x2 ./Sources/system_basis_chip_TLE9261.o
 .bss.uart_tx_buffer_mutex
                0x20005846        0x1 ./Sources/systemRunFsm.o
                0x20005846                uart_tx_buffer_mutex
 .bss.uart_sync
                0x20005847        0x1 ./Sources/systemRunFsm.o
                0x20005847                uart_sync
 .bss.saw       0x20005848        0x1 ./Sources/systemRunFsm.o
                0x20005848                saw
 *fill*         0x20005849        0x3 
 .bss.adc_data  0x2000584c        0x3 ./Sources/systemRunFsm.o
                0x2000584c                adc_data
 *fill*         0x2000584f        0x1 
 .bss.adc_val   0x20005850        0x4 ./Sources/systemRunFsm.o
                0x20005850                adc_val
 *fill*         0x20005854        0x4 
 .bss.measured_voltage_64
                0x20005858        0x8 ./Sources/systemRunFsm.o
                0x20005858                measured_voltage_64
 .bss.filter_64
                0x20005860       0x20 ./Sources/systemRunFsm.o
                0x20005860                filter_64
 .bss.tap.7772  0x20005880        0x1 ./Sources/systemRunFsm.o
 *fill*         0x20005881        0x3 
 .bss.uart_rx_buffer
                0x20005884      0x100 ./Sources/pc_communication.o
                0x20005884                uart_rx_buffer
 .bss.isFirmwareDownloading
                0x20005984        0x1 ./Sources/pc_communication.o
                0x20005984                isFirmwareDownloading
 *fill*         0x20005985        0x3 
 .bss.exit_code
                0x20005988        0x4 ./Sources/main.o
                0x20005988                exit_code
 .bss.uartTxBuffer
                0x2000598c        0x9 ./Sources/main.o
                0x2000598c                uartTxBuffer
 *fill*         0x20005995        0x1 
 .bss.sec_counter.7888
                0x20005996        0x2 ./Sources/main.o
 .bss.dac_steps
                0x20005998        0x1 ./Sources/dac.o
                0x20005998                dac_steps
 .bss.dac_change_count
                0x20005999        0x1 ./Sources/dac.o
                0x20005999                dac_change_count
 *fill*         0x2000599a        0x2 
 .bss.lpspi2_dac_txDataBuffer
                0x2000599c        0x5 ./Sources/dac.o
                0x2000599c                lpspi2_dac_txDataBuffer
 *fill*         0x200059a1        0x3 
 .bss.lpspi2_dac_rxDataBuffer
                0x200059a4        0x5 ./Sources/dac.o
                0x200059a4                lpspi2_dac_rxDataBuffer
 *fill*         0x200059a9        0x3 
 .bss.rx_message
                0x200059ac       0x4c ./Sources/can_bus.o
                0x200059ac                rx_message
 .bss.CAN_TimeToTransmit
                0x200059f8        0x1 ./Sources/can_bus.o
                0x200059f8                CAN_TimeToTransmit
 .bss.CAN_TimeToProcessRxMsg
                0x200059f9        0x1 ./Sources/can_bus.o
                0x200059f9                CAN_TimeToProcessRxMsg
 .bss.can_status.7583
                0x200059fa        0x2 ./Sources/can_bus.o
 .bss.lpspi0_adc_txDataBuffer
                0x200059fc       0x20 ./Sources/adc.o
                0x200059fc                lpspi0_adc_txDataBuffer
 .bss.lpspi0_adc_rxDataBuffer
                0x20005a1c       0x20 ./Sources/adc.o
                0x20005a1c                lpspi0_adc_rxDataBuffer
 .bss.adc_data_ready
                0x20005a3c        0x1 ./Sources/adc.o
                0x20005a3c                adc_data_ready