Archive member included because of file (symbol)

C:/NXP/S32DS_ARM_v2018.R1/S32DS/arm_ewl2/lib/armv7e-m\libc99.a(printf.o)
                              ./Sources/systemRunFsm.o (printf)
C:/NXP/S32DS_ARM_v2018.R1/S32DS/arm_ewl2/lib/armv7e-m\libc99.a(putchar.o)
                              ./Sources/systemRunFsm.o (putchar)
C:/NXP/S32DS_ARM_v2018.R1/S32DS/arm_ewl2/lib/armv7e-m\libc99.a(puts.o)
                              ./Sources/can_bus.o (puts)
C:/NXP/S32DS_ARM_v2018.R1/S32DS/arm_ewl2/lib/armv7e-m\libc99.a(exit.o)
                              C:/NXP/S32DS_ARM_v2018.R1/S32DS/arm_ewl2/lib/armv7e-m/__arm_start-hosted.o (exit)
C:/NXP/S32DS_ARM_v2018.R1/S32DS/arm_ewl2/lib/armv7e-m\libc99.a(memcpy.o)
                              ./Sources/systemRunFsm.o (memcpy)
C:/NXP/S32DS_ARM_v2018.R1/S32DS/arm_ewl2/lib/armv7e-m\libc99.a(memset.o)
                              C:/NXP/S32DS_ARM_v2018.R1/S32DS/arm_ewl2/lib/armv7e-m/__arm_start-hosted.o (memset)
C:/NXP/S32DS_ARM_v2018.R1/S32DS/arm_ewl2/lib/armv7e-m\libc99.a(fgetwc.o)
                              C:/NXP/S32DS_ARM_v2018.R1/S32DS/arm_ewl2/lib/armv7e-m\libc99.a(printf.o) (getwc)
C:/NXP/S32DS_ARM_v2018.R1/S32DS/arm_ewl2/lib/armv7e-m\libc99.a(fwide.o)
                              C:/NXP/S32DS_ARM_v2018.R1/S32DS/arm_ewl2/lib/armv7e-m\libc99.a(printf.o) (fwide)
C:/NXP/S32DS_ARM_v2018.R1/S32DS/arm_ewl2/lib/armv7e-m\libc99.a(__wgetchar.o)
                              C:/NXP/S32DS_ARM_v2018.R1/S32DS/arm_ewl2/lib/armv7e-m\libc99.a(fgetwc.o) (__fgetwc)
C:/NXP/S32DS_ARM_v2018.R1/S32DS/arm_ewl2/lib/armv7e-m\libc99.a(__printformat.o)
                              C:/NXP/S32DS_ARM_v2018.R1/S32DS/arm_ewl2/lib/armv7e-m\libc99.a(printf.o) (__pformatter)
C:/NXP/S32DS_ARM_v2018.R1/S32DS/arm_ewl2/lib/armv7e-m\libc99.a(ctype_aeabi.o)
                              C:/NXP/S32DS_ARM_v2018.R1/S32DS/arm_ewl2/lib/armv7e-m\libc99.a(__printformat.o) (isupper)
C:/NXP/S32DS_ARM_v2018.R1/S32DS/arm_ewl2/lib/armv7e-m\libc99.a(secure_error.o)
                              C:/NXP/S32DS_ARM_v2018.R1/S32DS/arm_ewl2/lib/armv7e-m\libc99.a(__printformat.o) (__ewl_runtime_constraint_violation_s)
C:/NXP/S32DS_ARM_v2018.R1/S32DS/arm_ewl2/lib/armv7e-m\libc99.a(ansi_files.o)
                              C:/NXP/S32DS_ARM_v2018.R1/S32DS/arm_ewl2/lib/armv7e-m\libc99.a(printf.o) (__files)
C:/NXP/S32DS_ARM_v2018.R1/S32DS/arm_ewl2/lib/armv7e-m\libc99.a(fflush.o)
                              C:/NXP/S32DS_ARM_v2018.R1/S32DS/arm_ewl2/lib/armv7e-m\libc99.a(ansi_files.o) (fflush)
C:/NXP/S32DS_ARM_v2018.R1/S32DS/arm_ewl2/lib/armv7e-m\libc99.a(fread.o)
                              C:/NXP/S32DS_ARM_v2018.R1/S32DS/arm_ewl2/lib/armv7e-m\libc99.a(__wgetchar.o) (__fread)
C:/NXP/S32DS_ARM_v2018.R1/S32DS/arm_ewl2/lib/armv7e-m\libc99.a(fwrite.o)
                              C:/NXP/S32DS_ARM_v2018.R1/S32DS/arm_ewl2/lib/armv7e-m\libc99.a(printf.o) (__FileWrite)
C:/NXP/S32DS_ARM_v2018.R1/S32DS/arm_ewl2/lib/armv7e-m\libc99.a(__putchar.o)
                              C:/NXP/S32DS_ARM_v2018.R1/S32DS/arm_ewl2/lib/armv7e-m\libc99.a(putchar.o) (__put_char)
C:/NXP/S32DS_ARM_v2018.R1/S32DS/arm_ewl2/lib/armv7e-m\libc99.a(abort.o)
                              C:/NXP/S32DS_ARM_v2018.R1/S32DS/arm_ewl2/lib/armv7e-m\libc99.a(secure_error.o) (abort)
C:/NXP/S32DS_ARM_v2018.R1/S32DS/arm_ewl2/lib/armv7e-m\libc99.a(mbstowcs_s.o)
                              C:/NXP/S32DS_ARM_v2018.R1/S32DS/arm_ewl2/lib/armv7e-m\libc99.a(__printformat.o) (wcstombs)
C:/NXP/S32DS_ARM_v2018.R1/S32DS/arm_ewl2/lib/armv7e-m\libc99.a(mbtowc.o)
                              C:/NXP/S32DS_ARM_v2018.R1/S32DS/arm_ewl2/lib/armv7e-m\libc99.a(__wgetchar.o) (mbtowc)
C:/NXP/S32DS_ARM_v2018.R1/S32DS/arm_ewl2/lib/armv7e-m\libc99.a(wctomb.o)
                              C:/NXP/S32DS_ARM_v2018.R1/S32DS/arm_ewl2/lib/armv7e-m\libc99.a(mbstowcs_s.o) (wctomb)
C:/NXP/S32DS_ARM_v2018.R1/S32DS/arm_ewl2/lib/armv7e-m\libc99.a(__filll_mem.o)
                              C:/NXP/S32DS_ARM_v2018.R1/S32DS/arm_ewl2/lib/armv7e-m\libc99.a(memset.o) (__fill_mem)
C:/NXP/S32DS_ARM_v2018.R1/S32DS/arm_ewl2/lib/armv7e-m\libc99.a(memchr.o)
                              C:/NXP/S32DS_ARM_v2018.R1/S32DS/arm_ewl2/lib/armv7e-m\libc99.a(__printformat.o) (memchr)
C:/NXP/S32DS_ARM_v2018.R1/S32DS/arm_ewl2/lib/armv7e-m\libc99.a(__memrchr.o)
                              C:/NXP/S32DS_ARM_v2018.R1/S32DS/arm_ewl2/lib/armv7e-m\libc99.a(fwrite.o) (__memrchr)
C:/NXP/S32DS_ARM_v2018.R1/S32DS/arm_ewl2/lib/armv7e-m\libc99.a(strchr.o)
                              C:/NXP/S32DS_ARM_v2018.R1/S32DS/arm_ewl2/lib/armv7e-m\libc99.a(__printformat.o) (strchr)
C:/NXP/S32DS_ARM_v2018.R1/S32DS/arm_ewl2/lib/armv7e-m\libc99.a(strcpy.o)
                              C:/NXP/S32DS_ARM_v2018.R1/S32DS/arm_ewl2/lib/armv7e-m\libc99.a(__printformat.o) (strcpy)
C:/NXP/S32DS_ARM_v2018.R1/S32DS/arm_ewl2/lib/armv7e-m\libc99.a(strlen.o)
[...]
Memory Configuration

Name             Origin             Length             Attributes
m_interrupts     0x1fff8000         0x00000400         xr
m_text           0x1fff8400         0x0000cc00         xr
m_data           0x20005000         0x00002000         rw
*default*        0x00000000         0xffffffff

Linker script and memory map

LOAD C:/NXP/S32DS_ARM_v2018.R1/S32DS/arm_ewl2/lib/armv7e-m/__arm_start-hosted.o
LOAD ./Sources/system_basis_chip_TLE9261.o
LOAD ./Sources/systemRunFsm.o
LOAD ./Sources/main.o
LOAD ./Sources/dac.o
LOAD ./Sources/can_bus.o
LOAD ./Sources/adc.o
LOAD ./SDK/rtos/osif/osif_baremetal.o
LOAD ./SDK/platform/pal/can/src/can_pal.o
LOAD ./SDK/platform/drivers/src/pins/pins_port_hw_access.o
LOAD ./SDK/platform/drivers/src/pins/pins_driver.o
LOAD ./SDK/platform/drivers/src/lpuart/lpuart_irq.o
LOAD ./SDK/platform/drivers/src/lpuart/lpuart_hw_access.o
LOAD ./SDK/platform/drivers/src/lpuart/lpuart_driver.o
LOAD ./SDK/platform/drivers/src/lptmr/lptmr_hw_access.o
LOAD ./SDK/platform/drivers/src/lptmr/lptmr_driver.o
LOAD ./SDK/platform/drivers/src/lpspi/lpspi_slave_driver.o
LOAD ./SDK/platform/drivers/src/lpspi/lpspi_shared_function.o
LOAD ./SDK/platform/drivers/src/lpspi/lpspi_master_driver.o
LOAD ./SDK/platform/drivers/src/lpspi/lpspi_irq.o
LOAD ./SDK/platform/drivers/src/lpspi/lpspi_hw_access.o
LOAD ./SDK/platform/drivers/src/lpit/lpit_driver.o
LOAD ./SDK/platform/drivers/src/interrupt/interrupt_manager.o
LOAD ./SDK/platform/drivers/src/flexcan/flexcan_irq.o
LOAD ./SDK/platform/drivers/src/flexcan/flexcan_hw_access.o
LOAD ./SDK/platform/drivers/src/flexcan/flexcan_driver.o
LOAD ./SDK/platform/drivers/src/flash/flash_driver.o
LOAD ./SDK/platform/drivers/src/edma/edma_irq.o
LOAD ./SDK/platform/drivers/src/edma/edma_hw_access.o
LOAD ./SDK/platform/drivers/src/edma/edma_driver.o
LOAD ./SDK/platform/drivers/src/clock/clock_manager.o
LOAD ./SDK/platform/drivers/src/clock/S32K1xx/clock_S32K1xx.o
LOAD ./SDK/platform/devices/startup.o
LOAD ./SDK/platform/devices/S32K144/startup/system_S32K144.o
LOAD ./Project_Settings/Startup_Code/startup_S32K144.o
LOAD ./Generated_Code/pin_mux.o
LOAD ./Generated_Code/lpuart0.o
LOAD ./Generated_Code/lpspi2_dac.o
LOAD ./Generated_Code/lpspi1_can.o
LOAD ./Generated_Code/lpspi0_adc.o
LOAD ./Generated_Code/lpit1.o
LOAD ./Generated_Code/lpTmr1.o
LOAD ./Generated_Code/dmaController1.o
LOAD ./Generated_Code/clockManager1.o
LOAD ./Generated_Code/can_pal0.o
LOAD ./Generated_Code/Flash.o
LOAD ./Generated_Code/Cpu.o
START GROUP
LOAD C:/NXP/S32DS_ARM_v2018.R1/S32DS/arm_ewl2/lib/armv7e-m\libc99.a
LOAD C:/NXP/S32DS_ARM_v2018.R1/S32DS/arm_ewl2/lib/armv7e-m\libm.a
LOAD c:/nxp/s32ds_arm_v2018.r1/cross_tools/gcc-arm-none-eabi-4_9/bin/../lib/gcc/arm-none-eabi/4.9.3/armv7e-m\libgcc.a
LOAD C:/NXP/S32DS_ARM_v2018.R1/S32DS/arm_ewl2/lib/armv7e-m\librt.a
LOAD C:/NXP/S32DS_ARM_v2018.R1/S32DS/arm_ewl2/lib/armv7e-m\libhosted.a
END GROUP
LOAD C:/NXP/S32DS_ARM_v2018.R1/S32DS/arm_ewl2/lib/armv7e-m/__arm_end-hosted.o
                0x00000400                HEAP_SIZE = DEFINED (__heap_size__)?__heap_size__:0x400
                0x00000400                STACK_SIZE = DEFINED (__stack_size__)?__stack_size__:0x400

.interrupts     0x1fff8000      0x400
                0x1fff8000                __VECTOR_TABLE = .
                0x1fff8000                . = ALIGN (0x4)
 *(.isr_vector)
 .isr_vector    0x1fff8000      0x400 ./Project_Settings/Startup_Code/startup_S32K144.o
                0x1fff8000                __isr_vector
                0x1fff8400                . = ALIGN (0x4)
                0x1fff8000                __VECTOR_RAM = __VECTOR_TABLE
                0x00000000                __RAM_VECTOR_TABLE_SIZE = 0x0

.text           0x1fff8400     0xb624
                0x1fff8400                . = ALIGN (0x4)
 *(.text)
 .text          0x1fff8400       0x44 ./Project_Settings/Startup_Code/startup_S32K144.o
                0x1fff8400                Reset_Handler
                0x1fff8440                DebugMon_Handler
                0x1fff8440                Reserved88_IRQHandler
                0x1fff8440                HardFault_Handler
                0x1fff8440                Reserved86_IRQHandler
                0x1fff8440                Reserved103_IRQHandler
                0x1fff8440                FTM2_Ovf_Reload_IRQHandler
                0x1fff8440                Reserved50_IRQHandler
                0x1fff8440                FTFC_Fault_IRQHandler
                0x1fff8440                FTM0_Ch6_Ch7_IRQHandler
                0x1fff8440                Reserved114_IRQHandler
                0x1fff8440                PendSV_Handler
                0x1fff8440                NMI_Handler
                0x1fff8440                Reserved89_IRQHandler
                0x1fff8440                ERM_double_fault_IRQHandler
                0x1fff8440                Reserved59_IRQHandler
                0x1fff8440                Reserved99_IRQHandler
                0x1fff8440                FTM3_Ch6_Ch7_IRQHandler
                0x1fff8440                LPIT0_Ch3_IRQHandler
                0x1fff8440                Reserved92_IRQHandler
                0x1fff8440                FTM0_Ch4_Ch5_IRQHandler
                0x1fff8440                FTM3_Ch0_Ch1_IRQHandler
                0x1fff8440                SWI_IRQHandler
                0x1fff8440                ADC0_IRQHandler
                0x1fff8440                FTM2_Ch4_Ch5_IRQHandler
                0x1fff8440                UsageFault_Handler
                0x1fff8440                FTM0_Ovf_Reload_IRQHandler
                0x1fff8440                DefaultISR
                0x1fff8440                Reserved58_IRQHandler
                0x1fff8440                FTM1_Ch2_Ch3_IRQHandler
                0x1fff8440                Reserved82_IRQHandler
                0x1fff8440                LPI2C0_Slave_IRQHandler
                0x1fff8440                Reserved71_IRQHandler
                0x1fff8440                PORTD_IRQHandler
                0x1fff8440                Reserved69_IRQHandler
                0x1fff8440                PORTB_IRQHandler
                0x1fff8440                Reserved70_IRQHandler
                0x1fff8440                ADC1_IRQHandler
                0x1fff8440                FTM2_Ch2_Ch3_IRQHandler
                0x1fff8440                Reserved53_IRQHandler
                0x1fff8440                RTC_IRQHandler
                0x1fff8440                PDB0_IRQHandler
                0x1fff8440                Reserved54_IRQHandler
                0x1fff8440                FTM2_Ch6_Ch7_IRQHandler
                0x1fff8440                FTM3_Ch2_Ch3_IRQHandler
                0x1fff8440                FTM2_Ch0_Ch1_IRQHandler
                0x1fff8440                LPUART1_RxTx_IRQHandler
                0x1fff8440                RTC_Seconds_IRQHandler
                0x1fff8440                Reserved72_IRQHandler
                0x1fff8440                Reserved110_IRQHandler
                0x1fff8440                Reserved107_IRQHandler
                0x1fff8440                Read_Collision_IRQHandler
                0x1fff8440                FTFC_IRQHandler
                0x1fff8440                FTM1_Ch6_Ch7_IRQHandler
                0x1fff8440                Reserved105_IRQHandler
                0x1fff8440                LPIT0_Ch1_IRQHandler
                0x1fff8440                FTM1_Ch4_Ch5_IRQHandler
                0x1fff8440                FTM3_Ovf_Reload_IRQHandler
                0x1fff8440                LPUART2_RxTx_IRQHandler
                0x1fff8440                WDOG_EWM_IRQHandler
                0x1fff8440                MemManage_Handler
                0x1fff8440                Reserved90_IRQHandler
                0x1fff8440                Reserved83_IRQHandler
                0x1fff8440                FTM0_Fault_IRQHandler
                0x1fff8440                Reserved48_IRQHandler
                0x1fff8440                SVC_Handler
                0x1fff8440                ERM_single_fault_IRQHandler
                0x1fff8440                FTM2_Fault_IRQHandler
                0x1fff8440                FTM0_Ch2_Ch3_IRQHandler
                0x1fff8440                FTM0_Ch0_Ch1_IRQHandler
                0x1fff8440                FTM3_Fault_IRQHandler
                0x1fff8440                RCM_IRQHandler
                0x1fff8440                Reserved100_IRQHandler
                0x1fff8440                Reserved91_IRQHandler
                0x1fff8440                SCG_IRQHandler
                0x1fff8440                PDB1_IRQHandler
                0x1fff8440                Reserved81_IRQHandler
                0x1fff8440                Reserved46_IRQHandler
                0x1fff8440                Reserved45_IRQHandler
                0x1fff8440                Reserved112_IRQHandler
                0x1fff8440                LPI2C0_Master_IRQHandler
                0x1fff8440                FTM1_Fault_IRQHandler
                0x1fff8440                Reserved106_IRQHandler
                0x1fff8440                LVD_LVW_IRQHandler
                0x1fff8440                LPIT0_Ch2_IRQHandler
                0x1fff8440                MCM_IRQHandler
                0x1fff8440                FTM3_Ch4_Ch5_IRQHandler
                0x1fff8440                PORTE_IRQHandler
                0x1fff8440                LPUART0_RxTx_IRQHandler
                0x1fff8440                BusFault_Handler
                0x1fff8440                Reserved87_IRQHandler
                0x1fff8440                FTM1_Ovf_Reload_IRQHandler
                0x1fff8440                Reserved93_IRQHandler
                0x1fff8440                CMP0_IRQHandler
                0x1fff8440                Reserved52_IRQHandler
                0x1fff8440                PORTC_IRQHandler
                0x1fff8440                FTM1_Ch0_Ch1_IRQHandler
                0x1fff8440                FLEXIO_IRQHandler
                0x1fff8440                Reserved113_IRQHandler
 .text          0x1fff8444      0x21c c:/nxp/s32ds_arm_v2018.r1/cross_tools/gcc-arm-none-eabi-4_9/bin/../lib/gcc/arm-none-eabi/4.9.3/armv7e-m\libgcc.a(_arm_addsubsf3.o)
                0x1fff8444                __aeabi_frsub
                0x1fff844c                __subsf3
                0x1fff844c                __aeabi_fsub
                0x1fff8450                __aeabi_fadd
                0x1fff8450                __addsf3
                0x1fff85b0                __aeabi_ui2f
                0x1fff85b0                __floatunsisf
                0x1fff85b8                __aeabi_i2f
                0x1fff85b8                __floatsisf
                0x1fff85d4                __aeabi_ul2f
                0x1fff85d4                __floatundisf
                0x1fff85e4                __aeabi_l2f
                0x1fff85e4                __floatdisf
 .text          0x1fff8660      0x2a0 c:/nxp/s32ds_arm_v2018.r1/cross_tools/gcc-arm-none-eabi-4_9/bin/../lib/gcc/arm-none-eabi/4.9.3/armv7e-m\libgcc.a(_arm_muldivsf3.o)
                0x1fff8660                __mulsf3
                0x1fff8660                __aeabi_fmul
                0x1fff87c8                __aeabi_fdiv
                0x1fff87c8                __divsf3
 .text          0x1fff8900       0x40 c:/nxp/s32ds_arm_v2018.r1/cross_tools/gcc-arm-none-eabi-4_9/bin/../lib/gcc/arm-none-eabi/4.9.3/armv7e-m\libgcc.a(_arm_fixunssfsi.o)
                0x1fff8900                __fixunssfsi
                0x1fff8900                __aeabi_f2uiz
 .text          0x1fff8940       0x38 c:/nxp/s32ds_arm_v2018.r1/cross_tools/gcc-arm-none-eabi-4_9/bin/../lib/gcc/arm-none-eabi/4.9.3/armv7e-m\libgcc.a(_aeabi_ldivmod.o)
                0x1fff8940                __aeabi_ldivmod
 .text          0x1fff8978       0x30 c:/nxp/s32ds_arm_v2018.r1/cross_tools/gcc-arm-none-eabi-4_9/bin/../lib/gcc/arm-none-eabi/4.9.3/armv7e-m\libgcc.a(_aeabi_uldivmod.o)
                0x1fff8978                __aeabi_uldivmod
 .text          0x1fff89a8       0x60 c:/nxp/s32ds_arm_v2018.r1/cross_tools/gcc-arm-none-eabi-4_9/bin/../lib/gcc/arm-none-eabi/4.9.3/armv7e-m\libgcc.a(bpabi.o)
                0x1fff89a8                __gnu_ldivmod_helper
                0x1fff89d8                __gnu_uldivmod_helper
 .text          0x1fff8a08        0x4 c:/nxp/s32ds_arm_v2018.r1/cross_tools/gcc-arm-none-eabi-4_9/bin/../lib/gcc/arm-none-eabi/4.9.3/armv7e-m\libgcc.a(_dvmd_tls.o)
                0x1fff8a08                __aeabi_idiv0
                0x1fff8a08                __aeabi_ldiv0
 .text          0x1fff8a0c      0x29c c:/nxp/s32ds_arm_v2018.r1/cross_tools/gcc-arm-none-eabi-4_9/bin/../lib/gcc/arm-none-eabi/4.9.3/armv7e-m\libgcc.a(_divdi3.o)
                0x1fff8a0c                __divdi3
 .text          0x1fff8ca8      0x26c c:/nxp/s32ds_arm_v2018.r1/cross_tools/gcc-arm-none-eabi-4_9/bin/../lib/gcc/arm-none-eabi/4.9.3/armv7e-m\libgcc.a(_udivdi3.o)
                0x1fff8ca8                __udivdi3
 *(.text*)
 .text.SBC_Init
                0x1fff8f14      0x1bc ./Sources/system_basis_chip_TLE9261.o
                0x1fff8f14                SBC_Init
 .text.fsm_task_run
                0x1fff90d0      0x204 ./Sources/systemRunFsm.o
                0x1fff90d0                fsm_task_run
 .text.fir_filter
                0x1fff92d4       0xc0 ./Sources/systemRunFsm.o
                0x1fff92d4                fir_filter
 .text.checksum
                0x1fff9394       0x4c ./Sources/systemRunFsm.o
                0x1fff9394                checksum
 .text.main     0x1fff93e0      0x128 ./Sources/main.o
                0x1fff93e0                main
 .text.LPIT0_Ch0_IRQHandler
                0x1fff9508       0x8c ./Sources/main.o
                0x1fff9508                LPIT0_Ch0_IRQHandler
 .text.LPTMR0_IRQHandler
                0x1fff9594       0x68 ./Sources/main.o
                0x1fff9594                LPTMR0_IRQHandler
 .text.setTxSampleRate
                0x1fff95fc       0x74 ./Sources/main.o
                0x1fff95fc                setTxSampleRate
 .text.CheckAdcValueOffset
                0x1fff9670      0x124 ./Sources/dac.o
                0x1fff9670                CheckAdcValueOffset
 .text.ConvertToVoltage
                0x1fff9794       0x80 ./Sources/dac.o
                0x1fff9794                ConvertToVoltage
 .text.set_DAC  0x1fff9814       0x58 ./Sources/dac.o
                0x1fff9814                set_DAC
 .text.LPSPI2_init
                0x1fff986c       0x34 ./Sources/dac.o
                0x1fff986c                LPSPI2_init
 .text.DAC_spi_write
                0x1fff98a0       0x74 ./Sources/dac.o
                0x1fff98a0                DAC_spi_write
 .text.CAN_communication_init
                0x1fff9914       0x8c ./Sources/can_bus.o
                0x1fff9914                CAN_communication_init
 .text.CAN_transceiver_run
                0x1fff99a0       0xf0 ./Sources/can_bus.o
                0x1fff99a0                CAN_transceiver_run
 .text.CAN_TX_RX_Callback
                0x1fff9a90       0x38 ./Sources/can_bus.o
                0x1fff9a90                CAN_TX_RX_Callback
 .text.LPSPI0_init
                0x1fff9ac8       0x34 ./Sources/adc.o
                0x1fff9ac8                LPSPI0_init
 .text.ADC_init
                0x1fff9afc       0x9c ./Sources/adc.o
                0x1fff9afc                ADC_init
 .text.ADC_read_data
                0x1fff9b98       0x6c ./Sources/adc.o
                0x1fff9b98                ADC_read_data
 .text.ADC_spi_write
                0x1fff9c04       0x74 ./Sources/adc.o
                0x1fff9c04                ADC_spi_write
 .text.ADC_spi_read
                0x1fff9c78       0x7c ./Sources/adc.o
                0x1fff9c78                ADC_spi_read
 .text.PORTA_IRQHandler
                0x1fff9cf4       0x38 ./Sources/adc.o
                0x1fff9cf4                PORTA_IRQHandler
 .text.osif_Tick
                0x1fff9d2c       0x1c ./SDK/rtos/osif/osif_baremetal.o
 .text.osif_GetCurrentTickCount
                0x1fff9d48       0x18 ./SDK/rtos/osif/osif_baremetal.o
 .text.SysTick_Handler
                0x1fff9d60        0xc ./SDK/rtos/osif/osif_baremetal.o
                0x1fff9d60                SysTick_Handler
 .text.osif_UpdateTickConfig
                0x1fff9d6c       0x44 ./SDK/rtos/osif/osif_baremetal.o
 .text.osif_DisableIrqGlobal
                0x1fff9db0        0xc ./SDK/rtos/osif/osif_baremetal.o
 .text.osif_EnableIrqGlobal
                0x1fff9dbc        0xc ./SDK/rtos/osif/osif_baremetal.o
 .text.OSIF_SemaWait
                0x1fff9dc8       0x94 ./SDK/rtos/osif/osif_baremetal.o
                0x1fff9dc8                OSIF_SemaWait
 .text.OSIF_SemaPost
                0x1fff9e5c       0x3c ./SDK/rtos/osif/osif_baremetal.o
                0x1fff9e5c                OSIF_SemaPost
 .text.OSIF_SemaCreate
                0x1fff9e98       0x24 ./SDK/rtos/osif/osif_baremetal.o
                0x1fff9e98                OSIF_SemaCreate
 .text.OSIF_SemaDestroy
                0x1fff9ebc       0x18 ./SDK/rtos/osif/osif_baremetal.o
                0x1fff9ebc                OSIF_SemaDestroy
 .text.CAN_AllocateState
                0x1fff9ed4       0x60 ./SDK/platform/pal/can/src/can_pal.o
 .text.CAN_GetVirtualBuffIdx
                0x1fff9f34       0x20 ./SDK/platform/pal/can/src/can_pal.o
 .text.CAN_InternalCallback
                0x1fff9f54       0x98 ./SDK/platform/pal/can/src/can_pal.o
 .text.CAN_Init
                0x1fff9fec      0x170 ./SDK/platform/pal/can/src/can_pal.o
                0x1fff9fec                CAN_Init
 .text.CAN_ConfigTxBuff
                0x1fffa15c       0xa8 ./SDK/platform/pal/can/src/can_pal.o
                0x1fffa15c                CAN_ConfigTxBuff
 .text.CAN_ConfigRxBuff
                0x1fffa204       0xa8 ./SDK/platform/pal/can/src/can_pal.o
                0x1fffa204                CAN_ConfigRxBuff
 .text.CAN_Send
                0x1fffa2ac       0xd0 ./SDK/platform/pal/can/src/can_pal.o
                0x1fffa2ac                CAN_Send
 .text.CAN_Receive
                0x1fffa37c       0x80 ./SDK/platform/pal/can/src/can_pal.o
                0x1fffa37c                CAN_Receive
 .text.CAN_GetTransferStatus
                0x1fffa3fc       0x5c ./SDK/platform/pal/can/src/can_pal.o
                0x1fffa3fc                CAN_GetTransferStatus
 .text.CAN_InstallEventCallback
                0x1fffa458       0x40 ./SDK/platform/pal/can/src/can_pal.o
                0x1fffa458                CAN_InstallEventCallback
 .text.PINS_GPIO_WritePin
                0x1fffa498       0x44 ./SDK/platform/drivers/src/pins/pins_port_hw_access.o
 .text.PINS_Init
                0x1fffa4dc      0x1a0 ./SDK/platform/drivers/src/pins/pins_port_hw_access.o
                0x1fffa4dc                PINS_Init
 .text.PINS_GPIO_SetPins
                0x1fffa67c       0x1c ./SDK/platform/drivers/src/pins/pins_driver.o
 .text.PINS_GPIO_ClearPins
                0x1fffa698       0x1c ./SDK/platform/drivers/src/pins/pins_driver.o
 .text.PINS_GPIO_TogglePins
                0x1fffa6b4       0x1c ./SDK/platform/drivers/src/pins/pins_driver.o
 .text.PINS_GetPortIntFlag
                0x1fffa6d0       0x20 ./SDK/platform/drivers/src/pins/pins_driver.o
 .text.PINS_ClearPortIntFlagCmd
                0x1fffa6f0       0x1c ./SDK/platform/drivers/src/pins/pins_driver.o
 .text.PINS_DRV_Init
                0x1fffa70c       0x50 ./SDK/platform/drivers/src/pins/pins_driver.o
                0x1fffa70c                PINS_DRV_Init
 .text.PINS_DRV_GetPortIntFlag
                0x1fffa75c       0x18 ./SDK/platform/drivers/src/pins/pins_driver.o
                0x1fffa75c                PINS_DRV_GetPortIntFlag
 .text.PINS_DRV_ClearPortIntFlagCmd
                0x1fffa774       0x14 ./SDK/platform/drivers/src/pins/pins_driver.o
                0x1fffa774                PINS_DRV_ClearPortIntFlagCmd
 .text.PINS_DRV_SetPins
                0x1fffa788       0x18 ./SDK/platform/drivers/src/pins/pins_driver.o
                0x1fffa788                PINS_DRV_SetPins
 .text.PINS_DRV_ClearPins
                0x1fffa7a0       0x18 ./SDK/platform/drivers/src/pins/pins_driver.o
                0x1fffa7a0                PINS_DRV_ClearPins
 .text.PINS_DRV_TogglePins
                0x1fffa7b8       0x18 ./SDK/platform/drivers/src/pins/pins_driver.o
                0x1fffa7b8                PINS_DRV_TogglePins
 .text.LPUART0_IrqHandler
                0x1fffa7d0        0xc ./SDK/platform/drivers/src/lpuart/lpuart_irq.o
                0x1fffa7d0                LPUART0_IrqHandler
 .text.LPUART1_IrqHandler
                0x1fffa7dc        0xc ./SDK/platform/drivers/src/lpuart/lpuart_irq.o
                0x1fffa7dc                LPUART1_IrqHandler
 .text.LPUART2_IrqHandler
                0x1fffa7e8        0xc ./SDK/platform/drivers/src/lpuart/lpuart_irq.o
                0x1fffa7e8                LPUART2_IrqHandler
 .text.LPUART_Init
                0x1fffa7f4       0x48 ./SDK/platform/drivers/src/lpuart/lpuart_hw_access.o
                0x1fffa7f4                LPUART_Init
 .text.LPUART_SetBitCountPerChar
                0x1fffa83c       0x48 ./SDK/platform/drivers/src/lpuart/lpuart_hw_access.o
                0x1fffa83c                LPUART_SetBitCountPerChar
 .text.LPUART_SetParityMode
                0x1fffa884       0x40 ./SDK/platform/drivers/src/lpuart/lpuart_hw_access.o
                0x1fffa884                LPUART_SetParityMode
 .text.LPUART_Putchar9
                0x1fffa8c4       0x44 ./SDK/platform/drivers/src/lpuart/lpuart_hw_access.o
                0x1fffa8c4                LPUART_Putchar9
 .text.LPUART_Putchar10
                0x1fffa908       0x68 ./SDK/platform/drivers/src/lpuart/lpuart_hw_access.o
                0x1fffa908                LPUART_Putchar10
 .text.LPUART_Getchar9
                0x1fffa970       0x40 ./SDK/platform/drivers/src/lpuart/lpuart_hw_access.o
                0x1fffa970                LPUART_Getchar9
 .text.LPUART_Getchar10
                0x1fffa9b0       0x5c ./SDK/platform/drivers/src/lpuart/lpuart_hw_access.o
                0x1fffa9b0                LPUART_Getchar10
 .text.LPUART_SetIntMode
                0x1fffaa0c      0x188 ./SDK/platform/drivers/src/lpuart/lpuart_hw_access.o
                0x1fffaa0c                LPUART_SetIntMode
 .text.LPUART_GetIntMode
                0x1fffab94      0x108 ./SDK/platform/drivers/src/lpuart/lpuart_hw_access.o
                0x1fffab94                LPUART_GetIntMode
 .text.LPUART_GetStatusFlag
                0x1fffac9c      0x108 ./SDK/platform/drivers/src/lpuart/lpuart_hw_access.o
                0x1fffac9c                LPUART_GetStatusFlag
 .text.LPUART_ClearStatusFlag
                0x1fffada4      0x1a8 ./SDK/platform/drivers/src/lpuart/lpuart_hw_access.o
                0x1fffada4                LPUART_ClearStatusFlag
 .text.LPUART_SetTransmitterCmd
                0x1fffaf4c       0x50 ./SDK/platform/drivers/src/lpuart/lpuart_driver.o
 .text.LPUART_SetReceiverCmd
                0x1fffaf9c       0x50 ./SDK/platform/drivers/src/lpuart/lpuart_driver.o
 .text.LPUART_SetBaudRateDivisor
                0x1fffafec       0x38 ./SDK/platform/drivers/src/lpuart/lpuart_driver.o
 .text.LPUART_SetOversamplingRatio
                0x1fffb024       0x38 ./SDK/platform/drivers/src/lpuart/lpuart_driver.o
 .text.LPUART_SetBothEdgeSamplingCmd
                0x1fffb05c       0x34 ./SDK/platform/drivers/src/lpuart/lpuart_driver.o
 .text.LPUART_SetStopBitCount
                0x1fffb090       0x28 ./SDK/platform/drivers/src/lpuart/lpuart_driver.o
 .text.LPUART_SetTxDmaCmd
                0x1fffb0b8       0x34 ./SDK/platform/drivers/src/lpuart/lpuart_driver.o
 .text.LPUART_Putchar
                0x1fffb0ec       0x24 ./SDK/platform/drivers/src/lpuart/lpuart_driver.o
 .text.LPUART_Getchar
                0x1fffb110       0x20 ./SDK/platform/drivers/src/lpuart/lpuart_driver.o
 .text.LPUART_DRV_Init
                0x1fffb130      0x13c ./SDK/platform/drivers/src/lpuart/lpuart_driver.o
                0x1fffb130                LPUART_DRV_Init
 .text.LPUART_DRV_SendDataBlocking
                0x1fffb26c       0xa0 ./SDK/platform/drivers/src/lpuart/lpuart_driver.o
                0x1fffb26c                LPUART_DRV_SendDataBlocking
 .text.LPUART_DRV_SetBaudRate
                0x1fffb30c      0x108 ./SDK/platform/drivers/src/lpuart/lpuart_driver.o
                0x1fffb30c                LPUART_DRV_SetBaudRate
 .text.LPUART_DRV_IRQHandler
                0x1fffb414      0x190 ./SDK/platform/drivers/src/lpuart/lpuart_driver.o
                0x1fffb414                LPUART_DRV_IRQHandler
 .text.LPUART_DRV_StartSendDataUsingInt
                0x1fffb5a4       0x68 ./SDK/platform/drivers/src/lpuart/lpuart_driver.o
 .text.LPUART_DRV_StartSendDataUsingDma
                0x1fffb60c       0xa4 ./SDK/platform/drivers/src/lpuart/lpuart_driver.o
 .text.LPUART_DRV_CompleteSendDataUsingInt
                0x1fffb6b0       0x58 ./SDK/platform/drivers/src/lpuart/lpuart_driver.o
 .text.LPUART_DRV_CompleteSendDataUsingDma
                0x1fffb708       0x84 ./SDK/platform/drivers/src/lpuart/lpuart_driver.o
 .text.LPUART_DRV_CompleteReceiveDataUsingInt
                0x1fffb78c       0x68 ./SDK/platform/drivers/src/lpuart/lpuart_driver.o
 .text.LPUART_DRV_PutData
                0x1fffb7f4       0x9c ./SDK/platform/drivers/src/lpuart/lpuart_driver.o
 .text.LPUART_DRV_GetData
                0x1fffb890       0x98 ./SDK/platform/drivers/src/lpuart/lpuart_driver.o
 .text.LPTMR_Init
                0x1fffb928       0x38 ./SDK/platform/drivers/src/lptmr/lptmr_hw_access.o
                0x1fffb928                LPTMR_Init
 .text.LPTMR_SetDmaRequest
                0x1fffb960       0x40 ./SDK/platform/drivers/src/lptmr/lptmr_driver.o
 .text.LPTMR_GetCompareFlag
                0x1fffb9a0       0x30 ./SDK/platform/drivers/src/lptmr/lptmr_driver.o
 .text.LPTMR_ClearCompareFlag
                0x1fffb9d0       0x2c ./SDK/platform/drivers/src/lptmr/lptmr_driver.o
 .text.LPTMR_SetInterrupt
                0x1fffb9fc       0x3c ./SDK/platform/drivers/src/lptmr/lptmr_driver.o
 .text.LPTMR_SetPinSelect
                0x1fffba38       0x38 ./SDK/platform/drivers/src/lptmr/lptmr_driver.o
 .text.LPTMR_SetPinPolarity
                0x1fffba70       0x38 ./SDK/platform/drivers/src/lptmr/lptmr_driver.o
 .text.LPTMR_SetFreeRunning
                0x1fffbaa8       0x3c ./SDK/platform/drivers/src/lptmr/lptmr_driver.o
 .text.LPTMR_SetWorkMode
                0x1fffbae4       0x38 ./SDK/platform/drivers/src/lptmr/lptmr_driver.o
 .text.LPTMR_GetEnable
                0x1fffbb1c       0x30 ./SDK/platform/drivers/src/lptmr/lptmr_driver.o
 .text.LPTMR_Enable
                0x1fffbb4c       0x30 ./SDK/platform/drivers/src/lptmr/lptmr_driver.o
 .text.LPTMR_SetPrescaler
                0x1fffbb7c       0x38 ./SDK/platform/drivers/src/lptmr/lptmr_driver.o
 .text.LPTMR_SetBypass
                0x1fffbbb4       0x3c ./SDK/platform/drivers/src/lptmr/lptmr_driver.o
 .text.LPTMR_SetClockSelect
                0x1fffbbf0       0x38 ./SDK/platform/drivers/src/lptmr/lptmr_driver.o
 .text.LPTMR_SetCompareValue
                0x1fffbc28       0x34 ./SDK/platform/drivers/src/lptmr/lptmr_driver.o
 .text.LPTMR_GetCounterValue
                0x1fffbc5c       0x24 ./SDK/platform/drivers/src/lptmr/lptmr_driver.o
 .text.lptmr_us2nn
                0x1fffbc80       0x70 ./SDK/platform/drivers/src/lptmr/lptmr_driver.o
 .text.lptmr_compute_nticks
                0x1fffbcf0       0x70 ./SDK/platform/drivers/src/lptmr/lptmr_driver.o
 .text.nticks2compare_ticks
                0x1fffbd60       0x58 ./SDK/platform/drivers/src/lptmr/lptmr_driver.o
 .text.lptmr_GetClkFreq
                0x1fffbdb8       0x7c ./SDK/platform/drivers/src/lptmr/lptmr_driver.o
 .text.lptmr_ChooseClkConfig
                0x1fffbe34       0x9c ./SDK/platform/drivers/src/lptmr/lptmr_driver.o
 .text.LPTMR_DRV_Init
                0x1fffbed0       0x30 ./SDK/platform/drivers/src/lptmr/lptmr_driver.o
                0x1fffbed0                LPTMR_DRV_Init
 .text.LPTMR_DRV_SetConfig
                0x1fffbf00       0xf8 ./SDK/platform/drivers/src/lptmr/lptmr_driver.o
                0x1fffbf00                LPTMR_DRV_SetConfig
 .text.LPTMR_DRV_SetCompareValueByCount
                0x1fffbff8       0x70 ./SDK/platform/drivers/src/lptmr/lptmr_driver.o
                0x1fffbff8                LPTMR_DRV_SetCompareValueByCount
 .text.LPTMR_DRV_GetCompareFlag
                0x1fffc068       0x24 ./SDK/platform/drivers/src/lptmr/lptmr_driver.o
                0x1fffc068                LPTMR_DRV_GetCompareFlag
 .text.LPTMR_DRV_ClearCompareFlag
                0x1fffc08c       0x1c ./SDK/platform/drivers/src/lptmr/lptmr_driver.o
                0x1fffc08c                LPTMR_DRV_ClearCompareFlag
 .text.LPTMR_DRV_IsRunning
                0x1fffc0a8       0x24 ./SDK/platform/drivers/src/lptmr/lptmr_driver.o
                0x1fffc0a8                LPTMR_DRV_IsRunning
 .text.LPTMR_DRV_SetInterrupt
                0x1fffc0cc       0x24 ./SDK/platform/drivers/src/lptmr/lptmr_driver.o
                0x1fffc0cc                LPTMR_DRV_SetInterrupt
 .text.LPTMR_DRV_StartCounter
                0x1fffc0f0       0x1c ./SDK/platform/drivers/src/lptmr/lptmr_driver.o
                0x1fffc0f0                LPTMR_DRV_StartCounter
 .text.LPSPI_GetStatusFlag
                0x1fffc10c       0x30 ./SDK/platform/drivers/src/lpspi/lpspi_slave_driver.o
 .text.LPSPI_SetIntMode
                0x1fffc13c       0x4c ./SDK/platform/drivers/src/lpspi/lpspi_slave_driver.o
 .text.LPSPI_SetTxDmaCmd
                0x1fffc188       0x28 ./SDK/platform/drivers/src/lpspi/lpspi_slave_driver.o
 .text.LPSPI_SetRxDmaCmd
                0x1fffc1b0       0x28 ./SDK/platform/drivers/src/lpspi/lpspi_slave_driver.o
 .text.LPSPI_DRV_SlaveIRQHandler
                0x1fffc1d8      0x11c ./SDK/platform/drivers/src/lpspi/lpspi_slave_driver.o
                0x1fffc1d8                LPSPI_DRV_SlaveIRQHandler
 .text.LPSPI_DRV_SlaveAbortTransfer
                0x1fffc2f4       0x98 ./SDK/platform/drivers/src/lpspi/lpspi_slave_driver.o
                0x1fffc2f4                LPSPI_DRV_SlaveAbortTransfer
 .text.LPSPI_IsMaster
                0x1fffc38c       0x28 ./SDK/platform/drivers/src/lpspi/lpspi_shared_function.o
 .text.LPSPI_SetIntMode
                0x1fffc3b4       0x4c ./SDK/platform/drivers/src/lpspi/lpspi_shared_function.o
 .text.LPSPI_WriteData
                0x1fffc400       0x1c ./SDK/platform/drivers/src/lpspi/lpspi_shared_function.o
 .text.LPSPI_ReadData
                0x1fffc41c       0x18 ./SDK/platform/drivers/src/lpspi/lpspi_shared_function.o
 .text.LPSPI_ReadTxCount
                0x1fffc434       0x1c ./SDK/platform/drivers/src/lpspi/lpspi_shared_function.o
 .text.LPSPI_ReadRxCount
                0x1fffc450       0x20 ./SDK/platform/drivers/src/lpspi/lpspi_shared_function.o
 .text.LPSPI_ClearContCBit
                0x1fffc470       0x20 ./SDK/platform/drivers/src/lpspi/lpspi_shared_function.o
 .text.LPSPI_DRV_IRQHandler
                0x1fffc490       0x3c ./SDK/platform/drivers/src/lpspi/lpspi_shared_function.o
                0x1fffc490                LPSPI_DRV_IRQHandler
 .text.LPSPI_DRV_FillupTxBuffer
                0x1fffc4cc      0x17c ./SDK/platform/drivers/src/lpspi/lpspi_shared_function.o
                0x1fffc4cc                LPSPI_DRV_FillupTxBuffer
 .text.LPSPI_DRV_ReadRXBuffer
                0x1fffc648      0x17c ./SDK/platform/drivers/src/lpspi/lpspi_shared_function.o
                0x1fffc648                LPSPI_DRV_ReadRXBuffer
 .text.LPSPI_DRV_DisableTEIEInterrupts
                0x1fffc7c4       0x40 ./SDK/platform/drivers/src/lpspi/lpspi_shared_function.o
                0x1fffc7c4                LPSPI_DRV_DisableTEIEInterrupts
 .text.LPSPI_Enable
                0x1fffc804       0x20 ./SDK/platform/drivers/src/lpspi/lpspi_master_driver.o
 .text.LPSPI_SetRxWatermarks
                0x1fffc824       0x34 ./SDK/platform/drivers/src/lpspi/lpspi_master_driver.o
 .text.LPSPI_SetTxWatermarks
                0x1fffc858       0x30 ./SDK/platform/drivers/src/lpspi/lpspi_master_driver.o
 .text.LPSPI_GetStatusFlag
                0x1fffc888       0x30 ./SDK/platform/drivers/src/lpspi/lpspi_master_driver.o
 .text.LPSPI_SetIntMode
                0x1fffc8b8       0x4c ./SDK/platform/drivers/src/lpspi/lpspi_master_driver.o
 .text.LPSPI_SetTxDmaCmd
                0x1fffc904       0x28 ./SDK/platform/drivers/src/lpspi/lpspi_master_driver.o
 .text.LPSPI_SetRxDmaCmd
                0x1fffc92c       0x28 ./SDK/platform/drivers/src/lpspi/lpspi_master_driver.o
 .text.LPSPI_ClearContCBit
                0x1fffc954       0x20 ./SDK/platform/drivers/src/lpspi/lpspi_master_driver.o
 .text.LPSPI_SetContCBit
                0x1fffc974       0x20 ./SDK/platform/drivers/src/lpspi/lpspi_master_driver.o
 .text.LPSPI_GetClockPrescaler
                0x1fffc994       0x20 ./SDK/platform/drivers/src/lpspi/lpspi_master_driver.o
 .text.LPSPI_SetSamplingPoint
                0x1fffc9b4       0x34 ./SDK/platform/drivers/src/lpspi/lpspi_master_driver.o
 .text.LPSPI_DRV_MasterInit
                0x1fffc9e8       0xa0 ./SDK/platform/drivers/src/lpspi/lpspi_master_driver.o
                0x1fffc9e8                LPSPI_DRV_MasterInit
 .text.LPSPI_DRV_MasterSetDelay
                0x1fffca88      0x138 ./SDK/platform/drivers/src/lpspi/lpspi_master_driver.o
                0x1fffca88                LPSPI_DRV_MasterSetDelay
 .text.LPSPI_DRV_MasterConfigureBus
                0x1fffcbc0      0x17c ./SDK/platform/drivers/src/lpspi/lpspi_master_driver.o
                0x1fffcbc0                LPSPI_DRV_MasterConfigureBus
 .text.LPSPI_DRV_MasterTransferBlocking
                0x1fffcd3c       0xd4 ./SDK/platform/drivers/src/lpspi/lpspi_master_driver.o
                0x1fffcd3c                LPSPI_DRV_MasterTransferBlocking
 .text.LPSPI_DRV_MasterAbortTransfer
                0x1fffce10       0x3c ./SDK/platform/drivers/src/lpspi/lpspi_master_driver.o
                0x1fffce10                LPSPI_DRV_MasterAbortTransfer
 .text.LPSPI_DRV_MasterStartTransfer
                0x1fffce4c      0x260 ./SDK/platform/drivers/src/lpspi/lpspi_master_driver.o
 .text.LPSPI_DRV_MasterCompleteTransfer
                0x1fffd0ac       0xa8 ./SDK/platform/drivers/src/lpspi/lpspi_master_driver.o
 .text.LPSPI_DRV_MasterCompleteDMATransfer
                0x1fffd154       0x1c ./SDK/platform/drivers/src/lpspi/lpspi_master_driver.o
 .text.LPSPI_DRV_MasterClearCountinuous
                0x1fffd170       0x2c ./SDK/platform/drivers/src/lpspi/lpspi_master_driver.o
 .text.LPSPI_DRV_MasterIRQHandler
                0x1fffd19c       0xf8 ./SDK/platform/drivers/src/lpspi/lpspi_master_driver.o
                0x1fffd19c                LPSPI_DRV_MasterIRQHandler
 .text.LPSPI0_IRQHandler
                0x1fffd294        0xc ./SDK/platform/drivers/src/lpspi/lpspi_irq.o
                0x1fffd294                LPSPI0_IRQHandler
 .text.LPSPI1_IRQHandler
                0x1fffd2a0        0xc ./SDK/platform/drivers/src/lpspi/lpspi_irq.o
                0x1fffd2a0                LPSPI1_IRQHandler
 .text.LPSPI2_IRQHandler
                0x1fffd2ac        0xc ./SDK/platform/drivers/src/lpspi/lpspi_irq.o
                0x1fffd2ac                LPSPI2_IRQHandler
 .text.LPSPI_IsModuleEnabled
                0x1fffd2b8       0x28 ./SDK/platform/drivers/src/lpspi/lpspi_hw_access.o
 .text.LPSPI_IsMaster
                0x1fffd2e0       0x28 ./SDK/platform/drivers/src/lpspi/lpspi_hw_access.o
 .text.LPSPI_Init
                0x1fffd308       0x20 ./SDK/platform/drivers/src/lpspi/lpspi_hw_access.o
                0x1fffd308                LPSPI_Init
 .text.LPSPI_Disable
                0x1fffd328       0x3c ./SDK/platform/drivers/src/lpspi/lpspi_hw_access.o
                0x1fffd328                LPSPI_Disable
 .text.LPSPI_SetMasterSlaveMode
                0x1fffd364       0x38 ./SDK/platform/drivers/src/lpspi/lpspi_hw_access.o
                0x1fffd364                LPSPI_SetMasterSlaveMode
 .text.LPSPI_GetFifoSizes
                0x1fffd39c       0x4c ./SDK/platform/drivers/src/lpspi/lpspi_hw_access.o
                0x1fffd39c                LPSPI_GetFifoSizes
 .text.LPSPI_SetFlushFifoCmd
                0x1fffd3e8       0x38 ./SDK/platform/drivers/src/lpspi/lpspi_hw_access.o
                0x1fffd3e8                LPSPI_SetFlushFifoCmd
 .text.LPSPI_ClearStatusFlag
                0x1fffd420       0x58 ./SDK/platform/drivers/src/lpspi/lpspi_hw_access.o
                0x1fffd420                LPSPI_ClearStatusFlag
 .text.LPSPI_SetPcsPolarityMode
                0x1fffd478       0x58 ./SDK/platform/drivers/src/lpspi/lpspi_hw_access.o
                0x1fffd478                LPSPI_SetPcsPolarityMode
 .text.LPSPI_SetPinConfigMode
                0x1fffd4d0       0x64 ./SDK/platform/drivers/src/lpspi/lpspi_hw_access.o
                0x1fffd4d0                LPSPI_SetPinConfigMode
 .text.LPSPI_SetBaudRate
                0x1fffd534      0x128 ./SDK/platform/drivers/src/lpspi/lpspi_hw_access.o
                0x1fffd534                LPSPI_SetBaudRate
 .text.LPSPI_SetDelay
                0x1fffd65c       0x74 ./SDK/platform/drivers/src/lpspi/lpspi_hw_access.o
                0x1fffd65c                LPSPI_SetDelay
 .text.LPSPI_SetTxCommandReg
                0x1fffd6d0       0x78 ./SDK/platform/drivers/src/lpspi/lpspi_hw_access.o
                0x1fffd6d0                LPSPI_SetTxCommandReg
 .text.LPIT_Enable
                0x1fffd748       0x20 ./SDK/platform/drivers/src/lpit/lpit_driver.o
 .text.LPIT_Reset
                0x1fffd768       0x2c ./SDK/platform/drivers/src/lpit/lpit_driver.o
 .text.LPIT_StartTimerChannels
                0x1fffd794       0x20 ./SDK/platform/drivers/src/lpit/lpit_driver.o
 .text.LPIT_SetTimerPeriodByCount
                0x1fffd7b4       0x24 ./SDK/platform/drivers/src/lpit/lpit_driver.o
 .text.LPIT_EnableInterruptTimerChannels
                0x1fffd7d8       0x20 ./SDK/platform/drivers/src/lpit/lpit_driver.o
 .text.LPIT_DisableInterruptTimerChannels
                0x1fffd7f8       0x24 ./SDK/platform/drivers/src/lpit/lpit_driver.o
 .text.LPIT_GetInterruptFlagTimerChannels
                0x1fffd81c       0x20 ./SDK/platform/drivers/src/lpit/lpit_driver.o
 .text.LPIT_ClearInterruptFlagTimerChannels
                0x1fffd83c       0x20 ./SDK/platform/drivers/src/lpit/lpit_driver.o
 .text.LPIT_SetTimerChannelModeCmd
                0x1fffd85c       0x58 ./SDK/platform/drivers/src/lpit/lpit_driver.o
 .text.LPIT_GetTimerChannelModeCmd
                0x1fffd8b4       0x68 ./SDK/platform/drivers/src/lpit/lpit_driver.o
 .text.LPIT_SetTriggerSelectCmd
                0x1fffd91c       0x54 ./SDK/platform/drivers/src/lpit/lpit_driver.o
 .text.LPIT_SetTriggerSourceCmd
                0x1fffd970       0x58 ./SDK/platform/drivers/src/lpit/lpit_driver.o
 .text.LPIT_SetReloadOnTriggerCmd
                0x1fffd9c8       0x5c ./SDK/platform/drivers/src/lpit/lpit_driver.o
 .text.LPIT_SetStopOnInterruptCmd
                0x1fffda24       0x5c ./SDK/platform/drivers/src/lpit/lpit_driver.o
 .text.LPIT_SetStartOnTriggerCmd
                0x1fffda80       0x5c ./SDK/platform/drivers/src/lpit/lpit_driver.o
 .text.LPIT_SetTimerChannelChainCmd
                0x1fffdadc       0x5c ./SDK/platform/drivers/src/lpit/lpit_driver.o
 .text.LPIT_SetTimerRunInDebugCmd
                0x1fffdb38       0x38 ./SDK/platform/drivers/src/lpit/lpit_driver.o
 .text.LPIT_SetTimerRunInDozeCmd
                0x1fffdb70       0x38 ./SDK/platform/drivers/src/lpit/lpit_driver.o
 .text.LPIT_DRV_Init
                0x1fffdba8       0x58 ./SDK/platform/drivers/src/lpit/lpit_driver.o
                0x1fffdba8                LPIT_DRV_Init
 .text.LPIT_DRV_InitChannel
                0x1fffdc00      0x124 ./SDK/platform/drivers/src/lpit/lpit_driver.o
                0x1fffdc00                LPIT_DRV_InitChannel
 .text.LPIT_DRV_StartTimerChannels
                0x1fffdd24       0x20 ./SDK/platform/drivers/src/lpit/lpit_driver.o
                0x1fffdd24                LPIT_DRV_StartTimerChannels
 .text.LPIT_DRV_SetTimerPeriodByUs
                0x1fffdd44      0x120 ./SDK/platform/drivers/src/lpit/lpit_driver.o
                0x1fffdd44                LPIT_DRV_SetTimerPeriodByUs
 .text.LPIT_DRV_SetTimerPeriodByCount
                0x1fffde64       0x24 ./SDK/platform/drivers/src/lpit/lpit_driver.o
                0x1fffde64                LPIT_DRV_SetTimerPeriodByCount
 .text.LPIT_DRV_GetInterruptFlagTimerChannels
                0x1fffde88       0x24 ./SDK/platform/drivers/src/lpit/lpit_driver.o
                0x1fffde88                LPIT_DRV_GetInterruptFlagTimerChannels
 .text.LPIT_DRV_ClearInterruptFlagTimerChannels
                0x1fffdeac       0x20 ./SDK/platform/drivers/src/lpit/lpit_driver.o
                0x1fffdeac                LPIT_DRV_ClearInterruptFlagTimerChannels
 .text.INT_SYS_InstallHandler
                0x1fffdecc       0x44 ./SDK/platform/drivers/src/interrupt/interrupt_manager.o
                0x1fffdecc                INT_SYS_InstallHandler
 .text.INT_SYS_EnableIRQ
                0x1fffdf10       0x30 ./SDK/platform/drivers/src/interrupt/interrupt_manager.o
                0x1fffdf10                INT_SYS_EnableIRQ
 .text.INT_SYS_DisableIRQ
                0x1fffdf40       0x34 ./SDK/platform/drivers/src/interrupt/interrupt_manager.o
                0x1fffdf40                INT_SYS_DisableIRQ
 .text.INT_SYS_EnableIRQGlobal
                0x1fffdf74       0x2c ./SDK/platform/drivers/src/interrupt/interrupt_manager.o
                0x1fffdf74                INT_SYS_EnableIRQGlobal
 .text.INT_SYS_DisableIRQGlobal
                0x1fffdfa0       0x1c ./SDK/platform/drivers/src/interrupt/interrupt_manager.o
                0x1fffdfa0                INT_SYS_DisableIRQGlobal
 .text.INT_SYS_SetPriority
                0x1fffdfbc       0x8c ./SDK/platform/drivers/src/interrupt/interrupt_manager.o
                0x1fffdfbc                INT_SYS_SetPriority
 .text.INT_SYS_ClearPending
                0x1fffe048       0x34 ./SDK/platform/drivers/src/interrupt/interrupt_manager.o
                0x1fffe048                INT_SYS_ClearPending
 .text.INT_SYS_GetActive
                0x1fffe07c       0x38 ./SDK/platform/drivers/src/interrupt/interrupt_manager.o
                0x1fffe07c                INT_SYS_GetActive
 .text.CAN0_ORed_IRQHandler
                0x1fffe0b4        0xc ./SDK/platform/drivers/src/flexcan/flexcan_irq.o
                0x1fffe0b4                CAN0_ORed_IRQHandler
 .text.CAN0_Error_IRQHandler
                0x1fffe0c0        0xc ./SDK/platform/drivers/src/flexcan/flexcan_irq.o
                0x1fffe0c0                CAN0_Error_IRQHandler
 .text.CAN0_Wake_Up_IRQHandler
                0x1fffe0cc        0xc ./SDK/platform/drivers/src/flexcan/flexcan_irq.o
                0x1fffe0cc                CAN0_Wake_Up_IRQHandler
 .text.CAN0_ORed_0_15_MB_IRQHandler
                0x1fffe0d8        0xc ./SDK/platform/drivers/src/flexcan/flexcan_irq.o
                0x1fffe0d8                CAN0_ORed_0_15_MB_IRQHandler
 .text.CAN0_ORed_16_31_MB_IRQHandler
                0x1fffe0e4        0xc ./SDK/platform/drivers/src/flexcan/flexcan_irq.o
                0x1fffe0e4                CAN0_ORed_16_31_MB_IRQHandler
 .text.CAN1_ORed_IRQHandler
                0x1fffe0f0        0xc ./SDK/platform/drivers/src/flexcan/flexcan_irq.o
                0x1fffe0f0                CAN1_ORed_IRQHandler
 .text.CAN1_Error_IRQHandler
                0x1fffe0fc        0xc ./SDK/platform/drivers/src/flexcan/flexcan_irq.o
                0x1fffe0fc                CAN1_Error_IRQHandler
 .text.CAN1_ORed_0_15_MB_IRQHandler
                0x1fffe108        0xc ./SDK/platform/drivers/src/flexcan/flexcan_irq.o
                0x1fffe108                CAN1_ORed_0_15_MB_IRQHandler
 .text.CAN2_ORed_IRQHandler
                0x1fffe114        0xc ./SDK/platform/drivers/src/flexcan/flexcan_irq.o
                0x1fffe114                CAN2_ORed_IRQHandler
 .text.CAN2_Error_IRQHandler
                0x1fffe120        0xc ./SDK/platform/drivers/src/flexcan/flexcan_irq.o
                0x1fffe120                CAN2_Error_IRQHandler
 .text.CAN2_ORed_0_15_MB_IRQHandler
                0x1fffe12c        0xc ./SDK/platform/drivers/src/flexcan/flexcan_irq.o
                0x1fffe12c                CAN2_ORed_0_15_MB_IRQHandler
 .text.FLEXCAN_IsFDEnabled
                0x1fffe138       0x28 ./SDK/platform/drivers/src/flexcan/flexcan_hw_access.o
 .text.FLEXCAN_IsRxFifoEnabled
                0x1fffe160       0x28 ./SDK/platform/drivers/src/flexcan/flexcan_hw_access.o
 .text.RxFifoOcuppiedLastMsgBuff
                0x1fffe188       0x20 ./SDK/platform/drivers/src/flexcan/flexcan_hw_access.o
 .text.FLEXCAN_GetMsgBuffRegion
                0x1fffe1a8       0x6c ./SDK/platform/drivers/src/flexcan/flexcan_hw_access.o
 .text.FLEXCAN_ComputeDLCValue
                0x1fffe214       0xa8 ./SDK/platform/drivers/src/flexcan/flexcan_hw_access.o
 .text.FLEXCAN_ComputePayloadSize
                0x1fffe2bc       0x80 ./SDK/platform/drivers/src/flexcan/flexcan_hw_access.o
 .text.FLEXCAN_GetMaxMbNum
                0x1fffe33c       0x70 ./SDK/platform/drivers/src/flexcan/flexcan_hw_access.o
 .text.FLEXCAN_ClearRAM
                0x1fffe3ac       0x70 ./SDK/platform/drivers/src/flexcan/flexcan_hw_access.o
 .text.FLEXCAN_Enable
                0x1fffe41c       0x54 ./SDK/platform/drivers/src/flexcan/flexcan_hw_access.o
                0x1fffe41c                FLEXCAN_Enable
 .text.FLEXCAN_Disable
                0x1fffe470       0x38 ./SDK/platform/drivers/src/flexcan/flexcan_hw_access.o
                0x1fffe470                FLEXCAN_Disable
 .text.FLEXCAN_Init
                0x1fffe4a8       0x58 ./SDK/platform/drivers/src/flexcan/flexcan_hw_access.o
                0x1fffe4a8                FLEXCAN_Init
 .text.FLEXCAN_SetTxMsgBuff
                0x1fffe500      0x24c ./SDK/platform/drivers/src/flexcan/flexcan_hw_access.o
                0x1fffe500                FLEXCAN_SetTxMsgBuff
 .text.FLEXCAN_SetRxMsgBuff
                0x1fffe74c      0x124 ./SDK/platform/drivers/src/flexcan/flexcan_hw_access.o
                0x1fffe74c                FLEXCAN_SetRxMsgBuff
 .text.FLEXCAN_GetMsgBuff
                0x1fffe870      0x14c ./SDK/platform/drivers/src/flexcan/flexcan_hw_access.o
                0x1fffe870                FLEXCAN_GetMsgBuff
 .text.FLEXCAN_LockRxMsgBuff
                0x1fffe9bc       0x40 ./SDK/platform/drivers/src/flexcan/flexcan_hw_access.o
                0x1fffe9bc                FLEXCAN_LockRxMsgBuff
 .text.FLEXCAN_EnableRxFifo
                0x1fffe9fc       0x7c ./SDK/platform/drivers/src/flexcan/flexcan_hw_access.o
                0x1fffe9fc                FLEXCAN_EnableRxFifo
 .text.FLEXCAN_SetMaxMsgBuffNum
                0x1fffea78       0xc8 ./SDK/platform/drivers/src/flexcan/flexcan_hw_access.o
                0x1fffea78                FLEXCAN_SetMaxMsgBuffNum
 .text.FLEXCAN_SetRxFifoFilter
                0x1fffeb40      0x29c ./SDK/platform/drivers/src/flexcan/flexcan_hw_access.o
                0x1fffeb40                FLEXCAN_SetRxFifoFilter
 .text.FLEXCAN_SetMsgBuffIntCmd
                0x1fffeddc       0x70 ./SDK/platform/drivers/src/flexcan/flexcan_hw_access.o
                0x1fffeddc                FLEXCAN_SetMsgBuffIntCmd
 .text.FLEXCAN_SetErrIntCmd
                0x1fffee4c       0x5c ./SDK/platform/drivers/src/flexcan/flexcan_hw_access.o
                0x1fffee4c                FLEXCAN_SetErrIntCmd
 .text.FLEXCAN_ExitFreezeMode
                0x1fffeea8       0x3c ./SDK/platform/drivers/src/flexcan/flexcan_hw_access.o
                0x1fffeea8                FLEXCAN_ExitFreezeMode
 .text.FLEXCAN_EnterFreezeMode
                0x1fffeee4       0x3c ./SDK/platform/drivers/src/flexcan/flexcan_hw_access.o
                0x1fffeee4                FLEXCAN_EnterFreezeMode
 .text.FLEXCAN_ClearErrIntStatusFlag
                0x1fffef20       0x28 ./SDK/platform/drivers/src/flexcan/flexcan_hw_access.o
                0x1fffef20                FLEXCAN_ClearErrIntStatusFlag
 .text.FLEXCAN_ReadRxFifo
                0x1fffef48       0xa4 ./SDK/platform/drivers/src/flexcan/flexcan_hw_access.o
                0x1fffef48                FLEXCAN_ReadRxFifo
 .text.FLEXCAN_SetOperationMode
                0x1fffefec       0x94 ./SDK/platform/drivers/src/flexcan/flexcan_hw_access.o
                0x1fffefec                FLEXCAN_SetOperationMode
 .text.FLEXCAN_SetPayloadSize
                0x1ffff080       0x40 ./SDK/platform/drivers/src/flexcan/flexcan_hw_access.o
                0x1ffff080                FLEXCAN_SetPayloadSize
 .text.FLEXCAN_GetPayloadSize
                0x1ffff0c0       0x44 ./SDK/platform/drivers/src/flexcan/flexcan_hw_access.o
                0x1ffff0c0                FLEXCAN_GetPayloadSize
 .text.FLEXCAN_SelectClock
                0x1ffff104       0x2c ./SDK/platform/drivers/src/flexcan/flexcan_driver.o
 .text.FLEXCAN_SetTimeSegments
                0x1ffff130       0x60 ./SDK/platform/drivers/src/flexcan/flexcan_driver.o
 .text.FLEXCAN_SetExtendedTimeSegments
                0x1ffff190       0x64 ./SDK/platform/drivers/src/flexcan/flexcan_driver.o
 .text.FLEXCAN_SetFDTimeSegments
                0x1ffff1f4       0x70 ./SDK/platform/drivers/src/flexcan/flexcan_driver.o
 .text.FLEXCAN_SetFDEnabled
                0x1ffff264       0x4c ./SDK/platform/drivers/src/flexcan/flexcan_driver.o
 .text.FLEXCAN_IsFDEnabled
                0x1ffff2b0       0x28 ./SDK/platform/drivers/src/flexcan/flexcan_driver.o
 .text.FLEXCAN_UnlockRxMsgBuff
                0x1ffff2d8       0x18 ./SDK/platform/drivers/src/flexcan/flexcan_driver.o
 .text.FLEXCAN_IsRxFifoEnabled
                0x1ffff2f0       0x28 ./SDK/platform/drivers/src/flexcan/flexcan_driver.o
 .text.FLEXCAN_GetMsgBuffIntStatusFlag
                0x1ffff318       0x44 ./SDK/platform/drivers/src/flexcan/flexcan_driver.o
 .text.FLEXCAN_ClearMsgBuffIntStatusFlag
                0x1ffff35c       0x30 ./SDK/platform/drivers/src/flexcan/flexcan_driver.o
 .text.FLEXCAN_SetStuffBitCount
                0x1ffff38c       0x34 ./SDK/platform/drivers/src/flexcan/flexcan_driver.o
 .text.FLEXCAN_SetSelfReception
                0x1ffff3c0       0x34 ./SDK/platform/drivers/src/flexcan/flexcan_driver.o
 .text.FLEXCAN_SetRxFifoDMA
                0x1ffff3f4       0x34 ./SDK/platform/drivers/src/flexcan/flexcan_driver.o
 .text.FLEXCAN_IsPNEnabled
                0x1ffff428       0x28 ./SDK/platform/drivers/src/flexcan/flexcan_driver.o
 .text.FLEXCAN_GetWTOF
                0x1ffff450       0x24 ./SDK/platform/drivers/src/flexcan/flexcan_driver.o
 .text.FLEXCAN_ClearWTOF
                0x1ffff474       0x24 ./SDK/platform/drivers/src/flexcan/flexcan_driver.o
 .text.FLEXCAN_GetWUMF
                0x1ffff498       0x24 ./SDK/platform/drivers/src/flexcan/flexcan_driver.o
 .text.FLEXCAN_ClearWUMF
                0x1ffff4bc       0x24 ./SDK/platform/drivers/src/flexcan/flexcan_driver.o
 .text.FLEXCAN_DRV_Init
                0x1ffff4e0      0x29c ./SDK/platform/drivers/src/flexcan/flexcan_driver.o
                0x1ffff4e0                FLEXCAN_DRV_Init
 .text.FLEXCAN_DRV_ConfigTxMb
                0x1ffff77c       0x5c ./SDK/platform/drivers/src/flexcan/flexcan_driver.o
                0x1ffff77c                FLEXCAN_DRV_ConfigTxMb
 .text.FLEXCAN_DRV_Send
                0x1ffff7d8       0x68 ./SDK/platform/drivers/src/flexcan/flexcan_driver.o
                0x1ffff7d8                FLEXCAN_DRV_Send
 .text.FLEXCAN_DRV_ConfigRxMb
                0x1ffff840       0x9c ./SDK/platform/drivers/src/flexcan/flexcan_driver.o
                0x1ffff840                FLEXCAN_DRV_ConfigRxMb
 .text.FLEXCAN_DRV_ConfigRxFifo
                0x1ffff8dc       0x3c ./SDK/platform/drivers/src/flexcan/flexcan_driver.o
                0x1ffff8dc                FLEXCAN_DRV_ConfigRxFifo
 .text.FLEXCAN_DRV_Receive
                0x1ffff918       0x30 ./SDK/platform/drivers/src/flexcan/flexcan_driver.o
                0x1ffff918                FLEXCAN_DRV_Receive
 .text.FLEXCAN_DRV_RxFifo
                0x1ffff948       0x28 ./SDK/platform/drivers/src/flexcan/flexcan_driver.o
                0x1ffff948                FLEXCAN_DRV_RxFifo
 .text.FLEXCAN_IRQHandler
                0x1ffff970      0x1d8 ./SDK/platform/drivers/src/flexcan/flexcan_driver.o
                0x1ffff970                FLEXCAN_IRQHandler
 .text.FLEXCAN_WakeUpHandler
                0x1ffffb48       0x8c ./SDK/platform/drivers/src/flexcan/flexcan_driver.o
                0x1ffffb48                FLEXCAN_WakeUpHandler
 .text.FLEXCAN_DRV_GetTransferStatus
                0x1ffffbd4       0x48 ./SDK/platform/drivers/src/flexcan/flexcan_driver.o
                0x1ffffbd4                FLEXCAN_DRV_GetTransferStatus
 .text.FLEXCAN_StartSendData
                0x1ffffc1c       0xd4 ./SDK/platform/drivers/src/flexcan/flexcan_driver.o
 .text.FLEXCAN_StartRxMessageBufferData
                0x1ffffcf0       0xa4 ./SDK/platform/drivers/src/flexcan/flexcan_driver.o
 .text.FLEXCAN_StartRxMessageFifoData
                0x1ffffd94      0x124 ./SDK/platform/drivers/src/flexcan/flexcan_driver.o
 .text.FLEXCAN_CompleteTransfer
                0x1ffffeb8       0x70 ./SDK/platform/drivers/src/flexcan/flexcan_driver.o
 .text.FLEXCAN_CompleteRxFifoDataDMA
                0x1fffff28       0x20 ./SDK/platform/drivers/src/flexcan/flexcan_driver.o
 .text.FLEXCAN_CompleteRxMessageFifoData
                0x1fffff48       0xdc ./SDK/platform/drivers/src/flexcan/flexcan_driver.o
 .text.FLEXCAN_DRV_InstallEventCallback
                0x20000024       0x38 ./SDK/platform/drivers/src/flexcan/flexcan_driver.o
                0x20000024                FLEXCAN_DRV_InstallEventCallback
 .text.EDMA_GetErrorIntStatusFlag
                0x2000005c       0x18 ./SDK/platform/drivers/src/edma/edma_irq.o
 .text.DMA0_IRQHandler
                0x20000074        0xc ./SDK/platform/drivers/src/edma/edma_irq.o
                0x20000074                DMA0_IRQHandler
 .text.DMA1_IRQHandler
                0x20000080        0xc ./SDK/platform/drivers/src/edma/edma_irq.o
                0x20000080                DMA1_IRQHandler
 .text.DMA2_IRQHandler
                0x2000008c        0xc ./SDK/platform/drivers/src/edma/edma_irq.o
                0x2000008c                DMA2_IRQHandler
 .text.DMA3_IRQHandler
                0x20000098        0xc ./SDK/platform/drivers/src/edma/edma_irq.o
                0x20000098                DMA3_IRQHandler
 .text.DMA4_IRQHandler
                0x200000a4        0xc ./SDK/platform/drivers/src/edma/edma_irq.o
                0x200000a4                DMA4_IRQHandler
 .text.DMA5_IRQHandler
                0x200000b0        0xc ./SDK/platform/drivers/src/edma/edma_irq.o
                0x200000b0                DMA5_IRQHandler
 .text.DMA6_IRQHandler
                0x200000bc        0xc ./SDK/platform/drivers/src/edma/edma_irq.o
                0x200000bc                DMA6_IRQHandler
 .text.DMA7_IRQHandler
                0x200000c8        0xc ./SDK/platform/drivers/src/edma/edma_irq.o
                0x200000c8                DMA7_IRQHandler
 .text.DMA8_IRQHandler
                0x200000d4        0xc ./SDK/platform/drivers/src/edma/edma_irq.o
                0x200000d4                DMA8_IRQHandler
 .text.DMA9_IRQHandler
                0x200000e0        0xc ./SDK/platform/drivers/src/edma/edma_irq.o
                0x200000e0                DMA9_IRQHandler
 .text.DMA10_IRQHandler
                0x200000ec        0xc ./SDK/platform/drivers/src/edma/edma_irq.o
                0x200000ec                DMA10_IRQHandler
 .text.DMA11_IRQHandler
                0x200000f8        0xc ./SDK/platform/drivers/src/edma/edma_irq.o
                0x200000f8                DMA11_IRQHandler
 .text.DMA12_IRQHandler
                0x20000104        0xc ./SDK/platform/drivers/src/edma/edma_irq.o
                0x20000104                DMA12_IRQHandler
 .text.DMA13_IRQHandler
                0x20000110        0xc ./SDK/platform/drivers/src/edma/edma_irq.o
                0x20000110                DMA13_IRQHandler
 .text.DMA14_IRQHandler
                0x2000011c        0xc ./SDK/platform/drivers/src/edma/edma_irq.o
                0x2000011c                DMA14_IRQHandler
 .text.DMA15_IRQHandler
                0x20000128        0xc ./SDK/platform/drivers/src/edma/edma_irq.o
                0x20000128                DMA15_IRQHandler
 .text.DMA_Error_IRQHandler
                0x20000134       0x4c ./SDK/platform/drivers/src/edma/edma_irq.o
                0x20000134                DMA_Error_IRQHandler
 .text.EDMA_SetDmaRequestCmd
                0x20000180       0x30 ./SDK/platform/drivers/src/edma/edma_hw_access.o
                0x20000180                EDMA_SetDmaRequestCmd
 .text.EDMA_TCDClearReg
                0x200001b0       0xd0 ./SDK/platform/drivers/src/edma/edma_hw_access.o
                0x200001b0                EDMA_TCDClearReg
 .text.EDMA_TCDSetAttribute
                0x20000280       0x6c ./SDK/platform/drivers/src/edma/edma_hw_access.o
                0x20000280                EDMA_TCDSetAttribute
 .text.EDMA_TCDSetNbytes
                0x200002ec       0xd0 ./SDK/platform/drivers/src/edma/edma_hw_access.o
                0x200002ec                EDMA_TCDSetNbytes
 .text.EDMA_TCDSetMajorCount
                0x200003bc      0x140 ./SDK/platform/drivers/src/edma/edma_hw_access.o
                0x200003bc                EDMA_TCDSetMajorCount
 .text.EDMA_SetHaltCmd
                0x200004fc       0x3c ./SDK/platform/drivers/src/edma/edma_driver.o
 .text.EDMA_ClearErrorIntStatusFlag
                0x20000538       0x1c ./SDK/platform/drivers/src/edma/edma_driver.o
 .text.EDMA_ClearDoneStatusFlag
                0x20000554       0x1c ./SDK/platform/drivers/src/edma/edma_driver.o
 .text.EDMA_ClearIntStatusFlag
                0x20000570       0x1c ./SDK/platform/drivers/src/edma/edma_driver.o
 .text.EDMA_TCDSetSrcAddr
                0x2000058c       0x28 ./SDK/platform/drivers/src/edma/edma_driver.o
 .text.EDMA_TCDSetSrcOffset
                0x200005b4       0x2c ./SDK/platform/drivers/src/edma/edma_driver.o
 .text.EDMA_TCDSetDestAddr
                0x200005e0       0x2c ./SDK/platform/drivers/src/edma/edma_driver.o
 .text.EDMA_TCDSetDestOffset
                0x2000060c       0x30 ./SDK/platform/drivers/src/edma/edma_driver.o
 .text.EDMA_TCDSetDisableDmaRequestAfterTCDDoneCmd
                0x2000063c       0x5c ./SDK/platform/drivers/src/edma/edma_driver.o
 .text.EDMA_TCDSetMajorCompleteIntCmd
                0x20000698       0x5c ./SDK/platform/drivers/src/edma/edma_driver.o
 .text.EDMA_DRV_InstallCallback
                0x200006f4       0x3c ./SDK/platform/drivers/src/edma/edma_driver.o
                0x200006f4                EDMA_DRV_InstallCallback
 .text.EDMA_DRV_ClearIntStatus
                0x20000730       0x3c ./SDK/platform/drivers/src/edma/edma_driver.o
 .text.EDMA_DRV_IRQHandler
                0x2000076c       0x4c ./SDK/platform/drivers/src/edma/edma_driver.o
                0x2000076c                EDMA_DRV_IRQHandler
 .text.EDMA_DRV_ErrorIRQHandler
                0x200007b8       0x84 ./SDK/platform/drivers/src/edma/edma_driver.o
                0x200007b8                EDMA_DRV_ErrorIRQHandler
 .text.EDMA_DRV_ConfigSingleBlockTransfer
                0x2000083c      0x168 ./SDK/platform/drivers/src/edma/edma_driver.o
                0x2000083c                EDMA_DRV_ConfigSingleBlockTransfer
 .text.EDMA_DRV_ConfigMultiBlockTransfer
                0x200009a4       0x78 ./SDK/platform/drivers/src/edma/edma_driver.o
                0x200009a4                EDMA_DRV_ConfigMultiBlockTransfer
 .text.EDMA_DRV_StartChannel
                0x20000a1c       0x38 ./SDK/platform/drivers/src/edma/edma_driver.o
                0x20000a1c                EDMA_DRV_StartChannel
 .text.EDMA_DRV_StopChannel
                0x20000a54       0x38 ./SDK/platform/drivers/src/edma/edma_driver.o
                0x20000a54                EDMA_DRV_StopChannel
 .text.EDMA_DRV_GetDmaRegBaseAddr
                0x20000a8c       0x1c ./SDK/platform/drivers/src/edma/edma_driver.o
                0x20000a8c                EDMA_DRV_GetDmaRegBaseAddr
 .text.SIM_GetRtcClkSrc
                0x20000aa8       0x20 ./SDK/platform/drivers/src/clock/S32K1xx/clock_S32K1xx.o
 .text.SIM_SetLpoClocks
                0x20000ac8       0x70 ./SDK/platform/drivers/src/clock/S32K1xx/clock_S32K1xx.o
 .text.SIM_SetEimClockGate
                0x20000b38       0x3c ./SDK/platform/drivers/src/clock/S32K1xx/clock_S32K1xx.o
 .text.SIM_GetEimClockGate
                0x20000b74       0x30 ./SDK/platform/drivers/src/clock/S32K1xx/clock_S32K1xx.o
 .text.SIM_SetErmClockGate
                0x20000ba4       0x3c ./SDK/platform/drivers/src/clock/S32K1xx/clock_S32K1xx.o
 .text.SIM_GetErmClockGate
                0x20000be0       0x30 ./SDK/platform/drivers/src/clock/S32K1xx/clock_S32K1xx.o
 .text.SIM_SetDmaClockGate
                0x20000c10       0x3c ./SDK/platform/drivers/src/clock/S32K1xx/clock_S32K1xx.o
 .text.SIM_GetDmaClockGate
                0x20000c4c       0x30 ./SDK/platform/drivers/src/clock/S32K1xx/clock_S32K1xx.o
 .text.SIM_SetMpuClockGate
                0x20000c7c       0x3c ./SDK/platform/drivers/src/clock/S32K1xx/clock_S32K1xx.o
 .text.SIM_GetMpuClockGate
                0x20000cb8       0x30 ./SDK/platform/drivers/src/clock/S32K1xx/clock_S32K1xx.o
 .text.SIM_SetMscmClockGate
                0x20000ce8       0x3c ./SDK/platform/drivers/src/clock/S32K1xx/clock_S32K1xx.o
 .text.SIM_GetMscmClockGate
                0x20000d24       0x30 ./SDK/platform/drivers/src/clock/S32K1xx/clock_S32K1xx.o
 .text.SIM_GetFtm0ExternalClkPinMode
                0x20000d54       0x20 ./SDK/platform/drivers/src/clock/S32K1xx/clock_S32K1xx.o
 .text.SIM_GetFtm1ExternalClkPinMode
                0x20000d74       0x20 ./SDK/platform/drivers/src/clock/S32K1xx/clock_S32K1xx.o
 .text.SIM_GetFtm2ExternalClkPinMode
                0x20000d94       0x20 ./SDK/platform/drivers/src/clock/S32K1xx/clock_S32K1xx.o
 .text.SIM_GetFtm3ExternalClkPinMode
                0x20000db4       0x1c ./SDK/platform/drivers/src/clock/S32K1xx/clock_S32K1xx.o
 .text.SIM_GetLpo32KStatus
                0x20000dd0       0x28 ./SDK/platform/drivers/src/clock/S32K1xx/clock_S32K1xx.o
 .text.SIM_GetLpo1KStatus
                0x20000df8       0x28 ./SDK/platform/drivers/src/clock/S32K1xx/clock_S32K1xx.o
 .text.SIM_GetLpoClkSelectorValue
                0x20000e20       0x20 ./SDK/platform/drivers/src/clock/S32K1xx/clock_S32K1xx.o
 .text.SIM_GetClockoutStatus
                0x20000e40       0x28 ./SDK/platform/drivers/src/clock/S32K1xx/clock_S32K1xx.o
 .text.SIM_GetClockoutDividerValue
                0x20000e68       0x20 ./SDK/platform/drivers/src/clock/S32K1xx/clock_S32K1xx.o
 .text.SIM_GetClockoutSelectorValue
                0x20000e88       0x20 ./SDK/platform/drivers/src/clock/S32K1xx/clock_S32K1xx.o
 .text.SIM_SetClockout
                0x20000ea8       0x5c ./SDK/platform/drivers/src/clock/S32K1xx/clock_S32K1xx.o
 .text.SIM_SetTraceClockSource
                0x20000f04       0x38 ./SDK/platform/drivers/src/clock/S32K1xx/clock_S32K1xx.o
 .text.SIM_ClearTraceClockConfig
                0x20000f3c       0x1c ./SDK/platform/drivers/src/clock/S32K1xx/clock_S32K1xx.o
 .text.SIM_SetTraceClockConfig
                0x20000f58       0x40 ./SDK/platform/drivers/src/clock/S32K1xx/clock_S32K1xx.o
 .text.SCG_GetClockoutSourceSel
                0x20000f98       0x20 ./SDK/platform/drivers/src/clock/S32K1xx/clock_S32K1xx.o
 .text.SCG_GetCurrentSystemClockSource
                0x20000fb8       0x20 ./SDK/platform/drivers/src/clock/S32K1xx/clock_S32K1xx.o
 .text.SCG_GetCurrentCoreClockDividerRatio
                0x20000fd8       0x20 ./SDK/platform/drivers/src/clock/S32K1xx/clock_S32K1xx.o
 .text.SCG_GetCurrentBusClockDividerRatio
                0x20000ff8       0x20 ./SDK/platform/drivers/src/clock/S32K1xx/clock_S32K1xx.o
 .text.SCG_GetCurrentSlowClockDividerRatio
                0x20001018       0x1c ./SDK/platform/drivers/src/clock/S32K1xx/clock_S32K1xx.o
 .text.SCG_SetRunClockControl
                0x20001034       0x44 ./SDK/platform/drivers/src/clock/S32K1xx/clock_S32K1xx.o
 .text.SCG_SetVlprClockControl
                0x20001078       0x44 ./SDK/platform/drivers/src/clock/S32K1xx/clock_S32K1xx.o
 .text.SCG_SetHsrunClockControl
                0x200010bc       0x44 ./SDK/platform/drivers/src/clock/S32K1xx/clock_S32K1xx.o
 .text.SCG_GetFircFirstAsyncDivider
                0x20001100       0x20 ./SDK/platform/drivers/src/clock/S32K1xx/clock_S32K1xx.o
 .text.SCG_GetFircSecondAsyncDivider
                0x20001120       0x20 ./SDK/platform/drivers/src/clock/S32K1xx/clock_S32K1xx.o
 .text.SCG_SetFircAsyncConfig
                0x20001140       0x30 ./SDK/platform/drivers/src/clock/S32K1xx/clock_S32K1xx.o
 .text.SCG_GetSircFirstAsyncDivider
                0x20001170       0x20 ./SDK/platform/drivers/src/clock/S32K1xx/clock_S32K1xx.o
 .text.SCG_GetSircSecondAsyncDivider
                0x20001190       0x20 ./SDK/platform/drivers/src/clock/S32K1xx/clock_S32K1xx.o
 .text.SCG_SetSircAsyncConfig
                0x200011b0       0x30 ./SDK/platform/drivers/src/clock/S32K1xx/clock_S32K1xx.o
 .text.SCG_GetSoscFirstAsyncDivider
                0x200011e0       0x20 ./SDK/platform/drivers/src/clock/S32K1xx/clock_S32K1xx.o
 .text.SCG_GetSoscSecondAsyncDivider
                0x20001200       0x20 ./SDK/platform/drivers/src/clock/S32K1xx/clock_S32K1xx.o
 .text.SCG_SetSoscAsyncConfig
                0x20001220       0x30 ./SDK/platform/drivers/src/clock/S32K1xx/clock_S32K1xx.o
 .text.SCG_GetSpllFirstAsyncDivider
                0x20001250       0x20 ./SDK/platform/drivers/src/clock/S32K1xx/clock_S32K1xx.o
 .text.SCG_GetSpllSecondAsyncDivider
                0x20001270       0x20 ./SDK/platform/drivers/src/clock/S32K1xx/clock_S32K1xx.o
 .text.SCG_SetSpllAsyncConfig
                0x20001290       0x30 ./SDK/platform/drivers/src/clock/S32K1xx/clock_S32K1xx.o
 .text.SCG_SetClockoutSourceSel
                0x200012c0       0x38 ./SDK/platform/drivers/src/clock/S32K1xx/clock_S32K1xx.o
 .text.SCG_GetSircSystemClockMode
                0x200012f8       0x34 ./SDK/platform/drivers/src/clock/S32K1xx/clock_S32K1xx.o
 .text.SCG_GetSircStatus
                0x2000132c       0x2c ./SDK/platform/drivers/src/clock/S32K1xx/clock_S32K1xx.o
 .text.SCG_GetSircRange
                0x20001358       0x20 ./SDK/platform/drivers/src/clock/S32K1xx/clock_S32K1xx.o
 .text.SCG_ClearSircLock
                0x20001378       0x24 ./SDK/platform/drivers/src/clock/S32K1xx/clock_S32K1xx.o
 .text.SCG_ClearSircControl
                0x2000139c       0x1c ./SDK/platform/drivers/src/clock/S32K1xx/clock_S32K1xx.o
 .text.SCG_SetSircConfiguration
                0x200013b8       0x24 ./SDK/platform/drivers/src/clock/S32K1xx/clock_S32K1xx.o
 .text.SCG_SetSircControl
                0x200013dc       0x58 ./SDK/platform/drivers/src/clock/S32K1xx/clock_S32K1xx.o
 .text.SCG_GetFircSystemClockMode
                0x20001434       0x34 ./SDK/platform/drivers/src/clock/S32K1xx/clock_S32K1xx.o
 .text.SCG_GetFircStatus
                0x20001468       0x2c ./SDK/platform/drivers/src/clock/S32K1xx/clock_S32K1xx.o
 .text.SCG_GetFircRange
                0x20001494       0x20 ./SDK/platform/drivers/src/clock/S32K1xx/clock_S32K1xx.o
 .text.SCG_ClearFircLock
                0x200014b4       0x24 ./SDK/platform/drivers/src/clock/S32K1xx/clock_S32K1xx.o
 .text.SCG_ClearFircControl
                0x200014d8       0x1c ./SDK/platform/drivers/src/clock/S32K1xx/clock_S32K1xx.o
 .text.SCG_SetFircConfiguration
                0x200014f4       0x24 ./SDK/platform/drivers/src/clock/S32K1xx/clock_S32K1xx.o
 .text.SCG_SetFircControl
                0x20001518       0x40 ./SDK/platform/drivers/src/clock/S32K1xx/clock_S32K1xx.o
 .text.SCG_GetSoscSystemClockMode
                0x20001558       0x34 ./SDK/platform/drivers/src/clock/S32K1xx/clock_S32K1xx.o
 .text.SCG_GetSoscStatus
                0x2000158c       0x2c ./SDK/platform/drivers/src/clock/S32K1xx/clock_S32K1xx.o
 .text.SCG_ClearSoscLock
                0x200015b8       0x24 ./SDK/platform/drivers/src/clock/S32K1xx/clock_S32K1xx.o
 .text.SCG_ClearSoscControl
                0x200015dc       0x1c ./SDK/platform/drivers/src/clock/S32K1xx/clock_S32K1xx.o
 .text.SCG_SetSoscConfiguration
                0x200015f8       0x3c ./SDK/platform/drivers/src/clock/S32K1xx/clock_S32K1xx.o
 .text.SCG_SetSoscControl
                0x20001634       0x5c ./SDK/platform/drivers/src/clock/S32K1xx/clock_S32K1xx.o
 .text.SCG_GetSpllSystemClockMode
                0x20001690       0x34 ./SDK/platform/drivers/src/clock/S32K1xx/clock_S32K1xx.o
 .text.SCG_GetSpllStatus
                0x200016c4       0x2c ./SDK/platform/drivers/src/clock/S32K1xx/clock_S32K1xx.o
 .text.SCG_GetSpllPredivider
                0x200016f0       0x20 ./SDK/platform/drivers/src/clock/S32K1xx/clock_S32K1xx.o
 .text.SCG_GetSpllMultiplier
                0x20001710       0x20 ./SDK/platform/drivers/src/clock/S32K1xx/clock_S32K1xx.o
 .text.SCG_ClearSpllLock
                0x20001730       0x24 ./SDK/platform/drivers/src/clock/S32K1xx/clock_S32K1xx.o
 .text.SCG_ClearSpllControl
                0x20001754       0x1c ./SDK/platform/drivers/src/clock/S32K1xx/clock_S32K1xx.o
 .text.SCG_SetSpllConfiguration
                0x20001770       0x34 ./SDK/platform/drivers/src/clock/S32K1xx/clock_S32K1xx.o
 .text.SCG_SetSpllControl
                0x200017a4       0x5c ./SDK/platform/drivers/src/clock/S32K1xx/clock_S32K1xx.o
 .text.PCC_SetPeripheralClockControl
                0x20001800       0x60 ./SDK/platform/drivers/src/clock/S32K1xx/clock_S32K1xx.o
 .text.PCC_SetClockMode
                0x20001860       0x70 ./SDK/platform/drivers/src/clock/S32K1xx/clock_S32K1xx.o
 .text.PCC_GetClockMode
                0x200018d0       0x44 ./SDK/platform/drivers/src/clock/S32K1xx/clock_S32K1xx.o
 .text.PCC_GetClockSourceSel
                0x20001914       0x34 ./SDK/platform/drivers/src/clock/S32K1xx/clock_S32K1xx.o
 .text.PCC_GetFracValueSel
                0x20001948       0x34 ./SDK/platform/drivers/src/clock/S32K1xx/clock_S32K1xx.o
 .text.PCC_GetDividerSel
                0x2000197c       0x30 ./SDK/platform/drivers/src/clock/S32K1xx/clock_S32K1xx.o
 .text.PMC_SetLpoMode
                0x200019ac       0x3c ./SDK/platform/drivers/src/clock/S32K1xx/clock_S32K1xx.o
 .text.PMC_GetLpoMode
                0x200019e8       0x2c ./SDK/platform/drivers/src/clock/S32K1xx/clock_S32K1xx.o
 .text.PMC_SetLpoTrimValue
                0x20001a14       0x58 ./SDK/platform/drivers/src/clock/S32K1xx/clock_S32K1xx.o
 .text.SMC_GetCurrentRunningMode
                0x20001a6c       0x1c ./SDK/platform/drivers/src/clock/S32K1xx/clock_S32K1xx.o
 .text.CLOCK_SYS_SetConfiguration
                0x20001a88       0x70 ./SDK/platform/drivers/src/clock/S32K1xx/clock_S32K1xx.o
                0x20001a88                CLOCK_SYS_SetConfiguration
 .text.CLOCK_SYS_SetScgConfiguration
                0x20001af8       0xb4 ./SDK/platform/drivers/src/clock/S32K1xx/clock_S32K1xx.o
 .text.CLOCK_SYS_SetPccConfiguration
                0x20001bac       0xb4 ./SDK/platform/drivers/src/clock/S32K1xx/clock_S32K1xx.o
 .text.CLOCK_SYS_SetSimConfiguration
                0x20001c60      0x114 ./SDK/platform/drivers/src/clock/S32K1xx/clock_S32K1xx.o
 .text.CLOCK_SYS_SetPmcConfiguration
                0x20001d74       0x34 ./SDK/platform/drivers/src/clock/S32K1xx/clock_S32K1xx.o
 .text.CLOCK_SYS_GetDefaultConfiguration
                0x20001da8      0x24c ./SDK/platform/drivers/src/clock/S32K1xx/clock_S32K1xx.o
 .text.CLOCK_SYS_GetScgClockFreq
                0x20001ff4      0x144 ./SDK/platform/drivers/src/clock/S32K1xx/clock_S32K1xx.o
 .text.CLOCK_SYS_GetSimClockFreq
                0x20002138      0x20c ./SDK/platform/drivers/src/clock/S32K1xx/clock_S32K1xx.o
 .text.CLOCK_SYS_GetPccClockFreq
                0x20002344      0x140 ./SDK/platform/drivers/src/clock/S32K1xx/clock_S32K1xx.o
 .text.CLOCK_SYS_GetFreq
                0x20002484       0x5c ./SDK/platform/drivers/src/clock/S32K1xx/clock_S32K1xx.o
                0x20002484                CLOCK_SYS_GetFreq
 .text.CLOCK_SYS_GetPeripheralClock
                0x200024e0       0xd8 ./SDK/platform/drivers/src/clock/S32K1xx/clock_S32K1xx.o
 .text.CLOCK_SYS_GetCurrentRunMode
                0x200025b8       0x44 ./SDK/platform/drivers/src/clock/S32K1xx/clock_S32K1xx.o
 .text.CLOCK_SYS_TransitionSystemClock
                0x200025fc       0x60 ./SDK/platform/drivers/src/clock/S32K1xx/clock_S32K1xx.o
 .text.CLOCK_SYS_GetSimClkOutFreq
                0x2000265c       0xdc ./SDK/platform/drivers/src/clock/S32K1xx/clock_S32K1xx.o
 .text.CLOCK_SYS_GetScgClkOutFreq
                0x20002738       0x74 ./SDK/platform/drivers/src/clock/S32K1xx/clock_S32K1xx.o
 .text.CLOCK_SYS_GetSimRtcClkFreq
                0x200027ac       0x78 ./SDK/platform/drivers/src/clock/S32K1xx/clock_S32K1xx.o
 .text.CLOCK_SYS_ConfigureSIRC
                0x20002824       0xcc ./SDK/platform/drivers/src/clock/S32K1xx/clock_S32K1xx.o
 .text.CLOCK_SYS_ConfigureFIRC
                0x200028f0       0xd0 ./SDK/platform/drivers/src/clock/S32K1xx/clock_S32K1xx.o
 .text.CLOCK_SYS_ConfigureSOSC
                0x200029c0      0x128 ./SDK/platform/drivers/src/clock/S32K1xx/clock_S32K1xx.o
 .text.CLOCK_SYS_ConfigureSPLL
                0x20002ae8      0x120 ./SDK/platform/drivers/src/clock/S32K1xx/clock_S32K1xx.o
 .text.CLOCK_SYS_ConfigureTemporarySystemClock
                0x20002c08       0x5c ./SDK/platform/drivers/src/clock/S32K1xx/clock_S32K1xx.o
 .text.CLOCK_SYS_ConfigureModulesFromScg
                0x20002c64      0x1ac ./SDK/platform/drivers/src/clock/S32K1xx/clock_S32K1xx.o
 .text.CLOCK_SYS_GetSystemClockFreq
                0x20002e10       0xc0 ./SDK/platform/drivers/src/clock/S32K1xx/clock_S32K1xx.o
 .text.CLOCK_SYS_SetSystemClockConfig
                0x20002ed0      0x1a0 ./SDK/platform/drivers/src/clock/S32K1xx/clock_S32K1xx.o
 .text.CLOCK_SYS_GetSysAsyncFreq
                0x20003070      0x11c ./SDK/platform/drivers/src/clock/S32K1xx/clock_S32K1xx.o
 .text.CLOCK_SYS_GetSysOscFreq
                0x2000318c       0x30 ./SDK/platform/drivers/src/clock/S32K1xx/clock_S32K1xx.o
 .text.CLOCK_SYS_GetSircFreq
                0x200031bc       0x44 ./SDK/platform/drivers/src/clock/S32K1xx/clock_S32K1xx.o
 .text.CLOCK_SYS_GetFircFreq
                0x20003200       0x3c ./SDK/platform/drivers/src/clock/S32K1xx/clock_S32K1xx.o
 .text.CLOCK_SYS_GetSysPllFreq
                0x2000323c       0x64 ./SDK/platform/drivers/src/clock/S32K1xx/clock_S32K1xx.o
 .text.CLOCK_SYS_GetLpoFreq
                0x200032a0       0x7c ./SDK/platform/drivers/src/clock/S32K1xx/clock_S32K1xx.o
 .text.CLOCK_DRV_Init
                0x2000331c       0x18 ./SDK/platform/drivers/src/clock/S32K1xx/clock_S32K1xx.o
                0x2000331c                CLOCK_DRV_Init
 .text.CLOCK_DRV_GetFreq
                0x20003334       0x20 ./SDK/platform/drivers/src/clock/S32K1xx/clock_S32K1xx.o
                0x20003334                CLOCK_DRV_GetFreq
 .text.init_data_bss
                0x20003354      0x110 ./SDK/platform/devices/startup.o
                0x20003354                init_data_bss
 .text.SystemInit
                0x20003464       0x30 ./SDK/platform/devices/S32K144/startup/system_S32K144.o
                0x20003464                SystemInit
 .text.puts     0x20003494       0x74 C:/NXP/S32DS_ARM_v2018.R1/S32DS/arm_ewl2/lib/armv7e-m\libc99.a(puts.o)
                0x20003494                puts
 .text.memcpy   0x20003508       0x16 C:/NXP/S32DS_ARM_v2018.R1/S32DS/arm_ewl2/lib/armv7e-m\libc99.a(memcpy.o)
                0x20003508                memcpy
 .text.memset   0x2000351e        0xc C:/NXP/S32DS_ARM_v2018.R1/S32DS/arm_ewl2/lib/armv7e-m\libc99.a(memset.o)
                0x2000351e                memset
 .text.fwide    0x2000352a       0x34 C:/NXP/S32DS_ARM_v2018.R1/S32DS/arm_ewl2/lib/armv7e-m\libc99.a(fwide.o)
                0x2000352a                fwide
 .text.__fwide  0x2000355e        0x4 C:/NXP/S32DS_ARM_v2018.R1/S32DS/arm_ewl2/lib/armv7e-m\libc99.a(fwide.o)
                0x2000355e                __fwide
 .text.__put_char
                0x20003562       0x8e C:/NXP/S32DS_ARM_v2018.R1/S32DS/arm_ewl2/lib/armv7e-m\libc99.a(__putchar.o)
                0x20003562                __put_char
 .text.__fill_mem
                0x200035f0       0x7a C:/NXP/S32DS_ARM_v2018.R1/S32DS/arm_ewl2/lib/armv7e-m\libc99.a(__filll_mem.o)
                0x200035f0                __fill_mem
 .text.__prep_buffer
                0x2000366a       0x16 C:/NXP/S32DS_ARM_v2018.R1/S32DS/arm_ewl2/lib/armv7e-m\libc99.a(__buffer_io.o)
                0x2000366a                __prep_buffer
 .text.__flush_buffer
                0x20003680       0x34 C:/NXP/S32DS_ARM_v2018.R1/S32DS/arm_ewl2/lib/armv7e-m\libc99.a(__buffer_io.o)
                0x20003680                __flush_buffer
 .text.sys_writec
                0x200036b4        0xe C:/NXP/S32DS_ARM_v2018.R1/S32DS/arm_ewl2/lib/armv7e-m\libhosted.a(semihosted_console_io.o)
                0x200036b4                sys_writec
 .text.sys_readc
                0x200036c2       0x10 C:/NXP/S32DS_ARM_v2018.R1/S32DS/arm_ewl2/lib/armv7e-m\libhosted.a(semihosted_console_io.o)
                0x200036c2                sys_readc
 .text.__read_console
                0x200036d2       0x1a C:/NXP/S32DS_ARM_v2018.R1/S32DS/arm_ewl2/lib/armv7e-m\libhosted.a(semihosted_console_io.o)
                0x200036d2                __read_console
 .text.__write_console
                0x200036ec       0x18 C:/NXP/S32DS_ARM_v2018.R1/S32DS/arm_ewl2/lib/armv7e-m\libhosted.a(semihosted_console_io.o)
                0x200036ec                __write_console
 .text.__close_console
                0x20003704        0x4 C:/NXP/S32DS_ARM_v2018.R1/S32DS/arm_ewl2/lib/armv7e-m\libhosted.a(semihosted_console_io.o)
                0x20003704                __close_console
 .text.sys_write
                0x20003708        0xe C:/NXP/S32DS_ARM_v2018.R1/S32DS/arm_ewl2/lib/armv7e-m\libhosted.a(semihosted_file_io.o)
                0x20003708                sys_write
 .text.__write_file
                0x20003716       0x1e C:/NXP/S32DS_ARM_v2018.R1/S32DS/arm_ewl2/lib/armv7e-m\libhosted.a(semihosted_file_io.o)
                0x20003716                __write_file
 .text.sys_read
                0x20003734        0xe C:/NXP/S32DS_ARM_v2018.R1/S32DS/arm_ewl2/lib/armv7e-m\libhosted.a(semihosted_file_io.o)
                0x20003734                sys_read
 .text.__read_file
                0x20003742       0x34 C:/NXP/S32DS_ARM_v2018.R1/S32DS/arm_ewl2/lib/armv7e-m\libhosted.a(semihosted_file_io.o)
                0x20003742                __read_file
 *(.rodata)
 *fill*         0x20003776        0x2 
 .rodata        0x20003778        0xf ./Sources/can_bus.o
 *fill*         0x20003787        0x1 
 .rodata        0x20003788       0x14 ./Sources/adc.o
 .rodata        0x2000379c        0x4 ./SDK/platform/drivers/src/lpit/lpit_driver.o
 .rodata        0x200037a0       0x18 ./SDK/platform/drivers/src/flexcan/flexcan_hw_access.o
 *(.rodata*)
 .rodata.can_buffer_configure
                0x200037b8        0x5 ./Sources/can_bus.o
 *fill*         0x200037bd        0x3 
 .rodata.s_lpuartBase
                0x200037c0        0xc ./SDK/platform/drivers/src/lpuart/lpuart_driver.o
 .rodata.s_lpuartRxTxIrqId
                0x200037cc        0x3 ./SDK/platform/drivers/src/lpuart/lpuart_driver.o
 *fill*         0x200037cf        0x1 
 .rodata.s_lpuartClkNames
                0x200037d0        0x3 ./SDK/platform/drivers/src/lpuart/lpuart_driver.o
 *fill*         0x200037d3        0x1 
 .rodata.s_baudratePrescaler
                0x200037d4       0x20 ./SDK/platform/drivers/src/lpspi/lpspi_master_driver.o
 .rodata.s_baudratePrescaler
                0x200037f4       0x20 ./SDK/platform/drivers/src/lpspi/lpspi_hw_access.o
 .rodata.g_flexcanBase
                0x20003814        0xc ./SDK/platform/drivers/src/flexcan/flexcan_driver.o
 .rodata.g_flexcanWakeUpIrqId
                0x20003820        0x3 ./SDK/platform/drivers/src/flexcan/flexcan_driver.o
 *fill*         0x20003823        0x1 
 .rodata.g_flexcanErrorIrqId
                0x20003824        0x3 ./SDK/platform/drivers/src/flexcan/flexcan_driver.o
 *fill*         0x20003827        0x1 
 .rodata.g_flexcanBusOffIrqId
                0x20003828        0x3 ./SDK/platform/drivers/src/flexcan/flexcan_driver.o
 *fill*         0x2000382b        0x1 
 .rodata.g_flexcanOredMessageBufferIrqId
                0x2000382c        0x6 ./SDK/platform/drivers/src/flexcan/flexcan_driver.o
 *fill*         0x20003832        0x2 
 .rodata.clockNameMappings
                0x20003834       0x9e ./SDK/platform/drivers/src/clock/S32K1xx/clock_S32K1xx.o
                0x20003834                clockNameMappings
 *fill*         0x200038d2        0x2 
 .rodata.peripheralFeaturesList
                0x200038d4       0x4f ./SDK/platform/drivers/src/clock/S32K1xx/clock_S32K1xx.o
                0x200038d4                peripheralFeaturesList
 *fill*         0x20003923        0x1 
 .rodata.maxClocksFreq.6397
                0x20003924       0x24 ./SDK/platform/drivers/src/clock/S32K1xx/clock_S32K1xx.o
 .rodata.fircFreq.6452
                0x20003948       0x10 ./SDK/platform/drivers/src/clock/S32K1xx/clock_S32K1xx.o
 .rodata.lpuart0_InitConfig0
                0x20003958        0xc ./Generated_Code/lpuart0.o
                0x20003958                lpuart0_InitConfig0
 .rodata.lpspi2_dac_MasterConfig0
                0x20003964       0x20 ./Generated_Code/lpspi2_dac.o
                0x20003964                lpspi2_dac_MasterConfig0
 .rodata.lpspi1_can_MasterConfig0
                0x20003984       0x20 ./Generated_Code/lpspi1_can.o
                0x20003984                lpspi1_can_MasterConfig0
 .rodata.lpspi0_adc_MasterConfig0
                0x200039a4       0x20 ./Generated_Code/lpspi0_adc.o
                0x200039a4                lpspi0_adc_MasterConfig0
 .rodata.lpit1_InitConfig
                0x200039c4        0x2 ./Generated_Code/lpit1.o
                0x200039c4                lpit1_InitConfig
 *fill*         0x200039c6        0x2 
 .rodata.lpit1_ChnConfig0
                0x200039c8       0x18 ./Generated_Code/lpit1.o
                0x200039c8                lpit1_ChnConfig0
 .rodata.lpTmr1_config0
                0x200039e0       0x10 ./Generated_Code/lpTmr1.o
                0x200039e0                lpTmr1_config0
 .rodata.can_pal0_Config0
                0x200039f0       0x34 ./Generated_Code/can_pal0.o
                0x200039f0                can_pal0_Config0
 *(.glue_7)
 .glue_7        0x00000000        0x0 linker stubs
 *(.glue_7t)
 .glue_7t       0x00000000        0x0 linker stubs
 *(.eh_frame)
 *(.init)
 *(.fini)
                0x20003a24                . = ALIGN (0x4)

.vfp11_veneer   0x20003a24        0x0
 .vfp11_veneer  0x00000000        0x0 linker stubs

.v4_bx          0x20003a24        0x0
 .v4_bx         0x00000000        0x0 linker stubs

.iplt           0x20003a24        0x0
 .iplt          0x00000000        0x0 C:/NXP/S32DS_ARM_v2018.R1/S32DS/arm_ewl2/lib/armv7e-m/__arm_start-hosted.o

.code_ram       0x20003a24        0x0
                0x20003a24                . = ALIGN (0x4)
                0x20003a24                __CODE_RAM = .
 *(.code_ram)
                0x20003a24                __CODE_ROM = .
                0x20003a24                __CODE_END = .
                0x20003a24                . = ALIGN (0x4)

.ARM.extab
 *(.ARM.extab* .gnu.linkonce.armextab.*)

.ARM            0x20003a24        0x8
                0x20003a24                __exidx_start = .
 *(.ARM.exidx*)
 .ARM.exidx     0x20003a24        0x8 c:/nxp/s32ds_arm_v2018.r1/cross_tools/gcc-arm-none-eabi-4_9/bin/../lib/gcc/arm-none-eabi/4.9.3/armv7e-m\libgcc.a(_divdi3.o)
 .ARM.exidx     0x20003a2c        0x0 c:/nxp/s32ds_arm_v2018.r1/cross_tools/gcc-arm-none-eabi-4_9/bin/../lib/gcc/arm-none-eabi/4.9.3/armv7e-m\libgcc.a(_udivdi3.o)
                                  0x8 (size before relaxing)
                0x20003a2c                __exidx_end = .

.rel.dyn        0x20003a2c        0x0
 .rel.iplt      0x00000000        0x0 C:/NXP/S32DS_ARM_v2018.R1/S32DS/arm_ewl2/lib/armv7e-m/__arm_start-hosted.o

.ctors          0x20003a2c        0x0
                0x20003a2c                __CTOR_LIST__ = .
 *crtbegin.o(.ctors)
 *crtbegin?.o(.ctors)
 *(EXCLUDE_FILE(*crtend.o *crtend?.o) .ctors)
 *(SORT(.ctors.*))
 *(.ctors)
                0x20003a2c                __CTOR_END__ = .

.dtors          0x20003a2c        0x0
                0x20003a2c                __DTOR_LIST__ = .
 *crtbegin.o(.dtors)
 *crtbegin?.o(.dtors)
 *(EXCLUDE_FILE(*crtend.o *crtend?.o) .dtors)
 *(SORT(.dtors.*))
 *(.dtors)
                0x20003a2c                __DTOR_END__ = .

.preinit_array  0x20003a2c        0x0
                0x20003a2c                PROVIDE (__preinit_array_start, .)
 *(.preinit_array*)
                0x20003a2c                PROVIDE (__preinit_array_end, .)

.init_array     0x20003a2c        0x0
                0x20003a2c                PROVIDE (__init_array_start, .)
 *(SORT(.init_array.*))
 *(.init_array*)
                0x20003a2c                PROVIDE (__init_array_end, .)

.fini_array     0x20003a2c        0x0
                0x20003a2c                PROVIDE (__fini_array_start, .)
 *(SORT(.fini_array.*))
 *(.fini_array*)
                0x20003a2c                PROVIDE (__fini_array_end, .)
                0x20003a2c                __etext = .
                0x20003a2c                __DATA_ROM = .
                0x20003a2c                __DATA_END = __DATA_ROM

.customSectionBlock
 *(.customSection)

.data           0x20005000      0x840
                0x20005000                . = ALIGN (0x4)
                0x20005000                __DATA_RAM = .
                0x20005000                __data_start__ = .
 *(.data)
 *(.data*)
 .data.fsm_state
                0x20005000        0x1 ./Sources/systemRunFsm.o
                0x20005000                fsm_state
 *fill*         0x20005001        0x3 
 .data.uartTxBuffer
                0x20005004        0x9 ./Sources/main.o
                0x20005004                uartTxBuffer
 *fill*         0x2000500d        0x1 
 .data.dac_val_16
                0x2000500e        0x2 ./Sources/dac.o
                0x2000500e                dac_val_16
 .data.can_transceiver_status
                0x20005010        0x1 ./Sources/can_bus.o
 *fill*         0x20005011        0x3 
 .data.tx_message
                0x20005014       0x4c ./Sources/can_bus.o
                0x20005014                tx_message
 .data.g_lpuartIsr
                0x20005060        0xc ./SDK/platform/drivers/src/lpuart/lpuart_irq.o
                0x20005060                g_lpuartIsr
 .data.g_lpspiBase
                0x2000506c        0xc ./SDK/platform/drivers/src/lpspi/lpspi_shared_function.o
                0x2000506c                g_lpspiBase
 .data.g_lpspiIrqId
                0x20005078        0x3 ./SDK/platform/drivers/src/lpspi/lpspi_shared_function.o
                0x20005078                g_lpspiIrqId
 *fill*         0x2000507b        0x1 
 .data.peripheralClockConfig.6177
                0x2000507c       0xa0 ./SDK/platform/drivers/src/clock/S32K1xx/clock_S32K1xx.o
 .data.g_pin_mux_InitConfigArr
                0x2000511c      0x570 ./Generated_Code/pin_mux.o
                0x2000511c                g_pin_mux_InitConfigArr
 .data.peripheralClockConfig0
                0x2000568c       0x55 ./Generated_Code/clockManager1.o
                0x2000568c                peripheralClockConfig0
 *fill*         0x200056e1        0x3 
 .data.clockManager1_InitConfig0
                0x200056e4       0x78 ./Generated_Code/clockManager1.o
                0x200056e4                clockManager1_InitConfig0
 .data.__files  0x2000575c       0xe4 C:/NXP/S32DS_ARM_v2018.R1/S32DS/arm_ewl2/lib/armv7e-m\libc99.a(ansi_files.o)
                0x2000575c                __files
 *(.jcr*)
                0x20005840                . = ALIGN (0x4)
                0x20005840                __data_end__ = .

.igot.plt       0x20005840        0x0
 .igot.plt      0x00000000        0x0 C:/NXP/S32DS_ARM_v2018.R1/S32DS/arm_ewl2/lib/armv7e-m/__arm_start-hosted.o

.bss            0x20005840      0x468
                0x20005840                . = ALIGN (0x4)
                0x20005840                __BSS_START = .
                0x20005840                __bss_start__ = .
 *(.bss)
 *(.bss*)
 .bss.SBC_write_register
                0x20005840        0x2 ./Sources/system_basis_chip_TLE9261.o
 *fill*         0x20005842        0x2 
 .bss.SBC_read_register
                0x20005844        0x2 ./Sources/system_basis_chip_TLE9261.o
 .bss.uart_tx_buffer_mutex
                0x20005846        0x1 ./Sources/systemRunFsm.o
                0x20005846                uart_tx_buffer_mutex
 .bss.uart_sync
                0x20005847        0x1 ./Sources/systemRunFsm.o
                0x20005847                uart_sync
 .bss.saw       0x20005848        0x1 ./Sources/systemRunFsm.o
                0x20005848                saw
 *fill*         0x20005849        0x3 
 .bss.adc_data  0x2000584c        0x3 ./Sources/systemRunFsm.o
                0x2000584c                adc_data
 *fill*         0x2000584f        0x1 
 .bss.adc_val   0x20005850        0x4 ./Sources/systemRunFsm.o
                0x20005850                adc_val
 *fill*         0x20005854        0x4 
 .bss.measured_voltage_64
                0x20005858        0x8 ./Sources/systemRunFsm.o
                0x20005858                measured_voltage_64
 .bss.filter_64
                0x20005860       0x20 ./Sources/systemRunFsm.o
                0x20005860                filter_64
 .bss.tap.7772  0x20005880        0x1 ./Sources/systemRunFsm.o
 *fill*         0x20005881        0x3 
 .bss.exit_code
                0x20005884        0x4 ./Sources/main.o
                0x20005884                exit_code
 .bss.sec_counter.7794
                0x20005888        0x2 ./Sources/main.o
 .bss.dac_steps
                0x2000588a        0x1 ./Sources/dac.o
                0x2000588a                dac_steps
 .bss.dac_change_count
                0x2000588b        0x1 ./Sources/dac.o
                0x2000588b                dac_change_count
 .bss.lpspi2_dac_txDataBuffer
                0x2000588c        0x5 ./Sources/dac.o
                0x2000588c                lpspi2_dac_txDataBuffer
 *fill*         0x20005891        0x3 
 .bss.lpspi2_dac_rxDataBuffer
                0x20005894        0x5 ./Sources/dac.o
                0x20005894                lpspi2_dac_rxDataBuffer
 *fill*         0x20005899        0x3 
 .bss.rx_message
                0x2000589c       0x4c ./Sources/can_bus.o
                0x2000589c                rx_message
 .bss.CAN_TimeToTransmit
                0x200058e8        0x1 ./Sources/can_bus.o
                0x200058e8                CAN_TimeToTransmit
 .bss.CAN_TimeToProcessRxMsg
                0x200058e9        0x1 ./Sources/can_bus.o
                0x200058e9                CAN_TimeToProcessRxMsg
 .bss.can_status.7583
                0x200058ea        0x2 ./Sources/can_bus.o
 .bss.lpspi0_adc_txDataBuffer
                0x200058ec       0x20 ./Sources/adc.o
                0x200058ec                lpspi0_adc_txDataBuffer
 .bss.lpspi0_adc_rxDataBuffer
                0x2000590c       0x20 ./Sources/adc.o
                0x2000590c                lpspi0_adc_rxDataBuffer
 .bss.adc_data_ready
                0x2000592c        0x1 ./Sources/adc.o
                0x2000592c                adc_data_ready
 *fill*         0x2000592d        0x3 
 .bss.s_osif_tick_cnt
                0x20005930        0x4 ./SDK/rtos/osif/osif_baremetal.o
 .bss.s_flexcanState
                0x20005934      0x10c ./SDK/platform/pal/can/src/can_pal.o
 .bss.s_flexcanStateInstanceMapping
                0x20005a40        0x1 ./SDK/platform/pal/can/src/can_pal.o
 *fill*         0x20005a41        0x3 
 .bss.s_flexcanStateIsAllocated
                0x20005a44        0x1 ./SDK/platform/pal/can/src/can_pal.o
 *fill*         0x20005a45        0x3 
 .bss.s_hwObjConfigs
                0x20005a48       0x80 ./SDK/platform/pal/can/src/can_pal.o
 .bss.s_flexcanRxFifoState
                0x20005ac8        0x2 ./SDK/platform/pal/can/src/can_pal.o
 *fill*         0x20005aca        0x2 
 .bss.userCallback
                0x20005acc        0x4 ./SDK/platform/pal/can/src/can_pal.o
 .bss.s_lpuartStatePtr
                0x20005ad0        0xc ./SDK/platform/drivers/src/lpuart/lpuart_driver.o
 .bss.g_lpspiStatePtr
                0x20005adc        0xc ./SDK/platform/drivers/src/lpspi/lpspi_shared_function.o
                0x20005adc                g_lpspiStatePtr
 .bss.s_lpitSourceClockFrequency
                0x20005ae8        0x4 ./SDK/platform/drivers/src/lpit/lpit_driver.o
 .bss.g_interruptDisableCount
                0x20005aec        0x4 ./SDK/platform/drivers/src/interrupt/interrupt_manager.o
 .bss.g_flexcanStatePtr
                0x20005af0        0xc ./SDK/platform/drivers/src/flexcan/flexcan_driver.o
 .bss.s_virtEdmaState
                0x20005afc        0x4 ./SDK/platform/drivers/src/edma/edma_driver.o
 *(COMMON)
 COMMON         0x20005b00       0x10 ./Sources/systemRunFsm.o
                0x20005b00                uart_data
                0x20005b0c                filter_output_32
 COMMON         0x20005b10       0x14 ./SDK/platform/drivers/src/clock/S32K1xx/clock_S32K1xx.o
                0x20005b10                g_xtal0ClkFreq
                0x20005b14                g_RtcClkInFreq
                0x20005b18                g_TClkFreq
 COMMON         0x20005b24       0x34 ./Generated_Code/lpuart0.o
                0x20005b24                lpuart0_State
 COMMON         0x20005b58       0x30 ./Generated_Code/lpspi2_dac.o
                0x20005b58                lpspi2_dacState
 COMMON         0x20005b88       0x30 ./Generated_Code/lpspi1_can.o
                0x20005b88                lpspi1_canState
 COMMON         0x20005bb8       0x30 ./Generated_Code/lpspi0_adc.o
                0x20005bb8                lpspi0_adcState